Archive member included to satisfy reference by file (symbol)

c:/st/stm32cubeide_1.0.1/stm32cubeide/plugins/com.st.stm32cube.ide.mcu.externaltools.gnu-tools-for-stm32.7-2018-q2-update.win32_1.0.0.201904181610/tools/bin/../lib/gcc/arm-none-eabi/7.3.1/../../../../arm-none-eabi/lib/thumb/v7e-m/fpv4-sp/hard\libc_nano.a(lib_a-errno.o)
                              Src/syscalls.o (__errno)
c:/st/stm32cubeide_1.0.1/stm32cubeide/plugins/com.st.stm32cube.ide.mcu.externaltools.gnu-tools-for-stm32.7-2018-q2-update.win32_1.0.0.201904181610/tools/bin/../lib/gcc/arm-none-eabi/7.3.1/../../../../arm-none-eabi/lib/thumb/v7e-m/fpv4-sp/hard\libc_nano.a(lib_a-exit.o)
                              c:/st/stm32cubeide_1.0.1/stm32cubeide/plugins/com.st.stm32cube.ide.mcu.externaltools.gnu-tools-for-stm32.7-2018-q2-update.win32_1.0.0.201904181610/tools/bin/../lib/gcc/arm-none-eabi/7.3.1/../../../../arm-none-eabi/lib/thumb/v7e-m/fpv4-sp/hard/crt0.o (exit)
c:/st/stm32cubeide_1.0.1/stm32cubeide/plugins/com.st.stm32cube.ide.mcu.externaltools.gnu-tools-for-stm32.7-2018-q2-update.win32_1.0.0.201904181610/tools/bin/../lib/gcc/arm-none-eabi/7.3.1/../../../../arm-none-eabi/lib/thumb/v7e-m/fpv4-sp/hard\libc_nano.a(lib_a-impure.o)
                              c:/st/stm32cubeide_1.0.1/stm32cubeide/plugins/com.st.stm32cube.ide.mcu.externaltools.gnu-tools-for-stm32.7-2018-q2-update.win32_1.0.0.201904181610/tools/bin/../lib/gcc/arm-none-eabi/7.3.1/../../../../arm-none-eabi/lib/thumb/v7e-m/fpv4-sp/hard\libc_nano.a(lib_a-exit.o) (_global_impure_ptr)
c:/st/stm32cubeide_1.0.1/stm32cubeide/plugins/com.st.stm32cube.ide.mcu.externaltools.gnu-tools-for-stm32.7-2018-q2-update.win32_1.0.0.201904181610/tools/bin/../lib/gcc/arm-none-eabi/7.3.1/../../../../arm-none-eabi/lib/thumb/v7e-m/fpv4-sp/hard\libc_nano.a(lib_a-init.o)
                              c:/st/stm32cubeide_1.0.1/stm32cubeide/plugins/com.st.stm32cube.ide.mcu.externaltools.gnu-tools-for-stm32.7-2018-q2-update.win32_1.0.0.201904181610/tools/bin/../lib/gcc/arm-none-eabi/7.3.1/../../../../arm-none-eabi/lib/thumb/v7e-m/fpv4-sp/hard/crt0.o (__libc_init_array)
c:/st/stm32cubeide_1.0.1/stm32cubeide/plugins/com.st.stm32cube.ide.mcu.externaltools.gnu-tools-for-stm32.7-2018-q2-update.win32_1.0.0.201904181610/tools/bin/../lib/gcc/arm-none-eabi/7.3.1/../../../../arm-none-eabi/lib/thumb/v7e-m/fpv4-sp/hard\libc_nano.a(lib_a-malloc.o)
                              Middlewares/ST/STM32_USB_Host_Library/Class/CDC/Src/usbh_cdc.o (malloc)
c:/st/stm32cubeide_1.0.1/stm32cubeide/plugins/com.st.stm32cube.ide.mcu.externaltools.gnu-tools-for-stm32.7-2018-q2-update.win32_1.0.0.201904181610/tools/bin/../lib/gcc/arm-none-eabi/7.3.1/../../../../arm-none-eabi/lib/thumb/v7e-m/fpv4-sp/hard\libc_nano.a(lib_a-memcpy-stub.o)
                              Middlewares/Third_Party/FreeRTOS/Source/queue.o (memcpy)
c:/st/stm32cubeide_1.0.1/stm32cubeide/plugins/com.st.stm32cube.ide.mcu.externaltools.gnu-tools-for-stm32.7-2018-q2-update.win32_1.0.0.201904181610/tools/bin/../lib/gcc/arm-none-eabi/7.3.1/../../../../arm-none-eabi/lib/thumb/v7e-m/fpv4-sp/hard\libc_nano.a(lib_a-memset.o)
                              c:/st/stm32cubeide_1.0.1/stm32cubeide/plugins/com.st.stm32cube.ide.mcu.externaltools.gnu-tools-for-stm32.7-2018-q2-update.win32_1.0.0.201904181610/tools/bin/../lib/gcc/arm-none-eabi/7.3.1/../../../../arm-none-eabi/lib/thumb/v7e-m/fpv4-sp/hard/crt0.o (memset)
c:/st/stm32cubeide_1.0.1/stm32cubeide/plugins/com.st.stm32cube.ide.mcu.externaltools.gnu-tools-for-stm32.7-2018-q2-update.win32_1.0.0.201904181610/tools/bin/../lib/gcc/arm-none-eabi/7.3.1/../../../../arm-none-eabi/lib/thumb/v7e-m/fpv4-sp/hard\libc_nano.a(lib_a-nano-freer.o)
                              c:/st/stm32cubeide_1.0.1/stm32cubeide/plugins/com.st.stm32cube.ide.mcu.externaltools.gnu-tools-for-stm32.7-2018-q2-update.win32_1.0.0.201904181610/tools/bin/../lib/gcc/arm-none-eabi/7.3.1/../../../../arm-none-eabi/lib/thumb/v7e-m/fpv4-sp/hard\libc_nano.a(lib_a-malloc.o) (_free_r)
c:/st/stm32cubeide_1.0.1/stm32cubeide/plugins/com.st.stm32cube.ide.mcu.externaltools.gnu-tools-for-stm32.7-2018-q2-update.win32_1.0.0.201904181610/tools/bin/../lib/gcc/arm-none-eabi/7.3.1/../../../../arm-none-eabi/lib/thumb/v7e-m/fpv4-sp/hard\libc_nano.a(lib_a-nano-mallocr.o)
                              c:/st/stm32cubeide_1.0.1/stm32cubeide/plugins/com.st.stm32cube.ide.mcu.externaltools.gnu-tools-for-stm32.7-2018-q2-update.win32_1.0.0.201904181610/tools/bin/../lib/gcc/arm-none-eabi/7.3.1/../../../../arm-none-eabi/lib/thumb/v7e-m/fpv4-sp/hard\libc_nano.a(lib_a-malloc.o) (_malloc_r)
c:/st/stm32cubeide_1.0.1/stm32cubeide/plugins/com.st.stm32cube.ide.mcu.externaltools.gnu-tools-for-stm32.7-2018-q2-update.win32_1.0.0.201904181610/tools/bin/../lib/gcc/arm-none-eabi/7.3.1/../../../../arm-none-eabi/lib/thumb/v7e-m/fpv4-sp/hard\libc_nano.a(lib_a-sbrkr.o)
[...]
Memory Configuration

Name             Origin             Length             Attributes
FLASH            0x0000000008000000 0x0000000000100000 xr
RAM2             0x0000000010000000 0x0000000000008000 xrw
RAM              0x0000000020000000 0x0000000000018000 xrw
*default*        0x0000000000000000 0xffffffffffffffff

Linker script and memory map

LOAD c:/st/stm32cubeide_1.0.1/stm32cubeide/plugins/com.st.stm32cube.ide.mcu.externaltools.gnu-tools-for-stm32.7-2018-q2-update.win32_1.0.0.201904181610/tools/bin/../lib/gcc/arm-none-eabi/7.3.1/thumb/v7e-m/fpv4-sp/hard/crti.o
LOAD c:/st/stm32cubeide_1.0.1/stm32cubeide/plugins/com.st.stm32cube.ide.mcu.externaltools.gnu-tools-for-stm32.7-2018-q2-update.win32_1.0.0.201904181610/tools/bin/../lib/gcc/arm-none-eabi/7.3.1/thumb/v7e-m/fpv4-sp/hard/crtbegin.o
LOAD c:/st/stm32cubeide_1.0.1/stm32cubeide/plugins/com.st.stm32cube.ide.mcu.externaltools.gnu-tools-for-stm32.7-2018-q2-update.win32_1.0.0.201904181610/tools/bin/../lib/gcc/arm-none-eabi/7.3.1/../../../../arm-none-eabi/lib/thumb/v7e-m/fpv4-sp/hard/crt0.o
LOAD Drivers/STM32L4xx_HAL_Driver/Src/stm32l4xx_hal.o
LOAD Drivers/STM32L4xx_HAL_Driver/Src/stm32l4xx_hal_cortex.o
LOAD Drivers/STM32L4xx_HAL_Driver/Src/stm32l4xx_hal_dma.o
LOAD Drivers/STM32L4xx_HAL_Driver/Src/stm32l4xx_hal_dma_ex.o
LOAD Drivers/STM32L4xx_HAL_Driver/Src/stm32l4xx_hal_exti.o
LOAD Drivers/STM32L4xx_HAL_Driver/Src/stm32l4xx_hal_flash.o
LOAD Drivers/STM32L4xx_HAL_Driver/Src/stm32l4xx_hal_flash_ex.o
LOAD Drivers/STM32L4xx_HAL_Driver/Src/stm32l4xx_hal_flash_ramfunc.o
LOAD Drivers/STM32L4xx_HAL_Driver/Src/stm32l4xx_hal_gpio.o
LOAD Drivers/STM32L4xx_HAL_Driver/Src/stm32l4xx_hal_hcd.o
LOAD Drivers/STM32L4xx_HAL_Driver/Src/stm32l4xx_hal_i2c.o
LOAD Drivers/STM32L4xx_HAL_Driver/Src/stm32l4xx_hal_i2c_ex.o
LOAD Drivers/STM32L4xx_HAL_Driver/Src/stm32l4xx_hal_lcd.o
LOAD Drivers/STM32L4xx_HAL_Driver/Src/stm32l4xx_hal_pwr.o
LOAD Drivers/STM32L4xx_HAL_Driver/Src/stm32l4xx_hal_pwr_ex.o
LOAD Drivers/STM32L4xx_HAL_Driver/Src/stm32l4xx_hal_qspi.o
LOAD Drivers/STM32L4xx_HAL_Driver/Src/stm32l4xx_hal_rcc.o
LOAD Drivers/STM32L4xx_HAL_Driver/Src/stm32l4xx_hal_rcc_ex.o
LOAD Drivers/STM32L4xx_HAL_Driver/Src/stm32l4xx_hal_sai.o
LOAD Drivers/STM32L4xx_HAL_Driver/Src/stm32l4xx_hal_sai_ex.o
LOAD Drivers/STM32L4xx_HAL_Driver/Src/stm32l4xx_hal_spi.o
LOAD Drivers/STM32L4xx_HAL_Driver/Src/stm32l4xx_hal_spi_ex.o
LOAD Drivers/STM32L4xx_HAL_Driver/Src/stm32l4xx_hal_tim.o
LOAD Drivers/STM32L4xx_HAL_Driver/Src/stm32l4xx_hal_tim_ex.o
LOAD Drivers/STM32L4xx_HAL_Driver/Src/stm32l4xx_hal_uart.o
LOAD Drivers/STM32L4xx_HAL_Driver/Src/stm32l4xx_hal_uart_ex.o
LOAD Drivers/STM32L4xx_HAL_Driver/Src/stm32l4xx_ll_usb.o
LOAD Middlewares/ST/STM32_USB_Host_Library/Class/CDC/Src/usbh_cdc.o
LOAD Middlewares/ST/STM32_USB_Host_Library/Core/Src/usbh_core.o
LOAD Middlewares/ST/STM32_USB_Host_Library/Core/Src/usbh_ctlreq.o
LOAD Middlewares/ST/STM32_USB_Host_Library/Core/Src/usbh_ioreq.o
LOAD Middlewares/ST/STM32_USB_Host_Library/Core/Src/usbh_pipes.o
LOAD Middlewares/Third_Party/FreeRTOS/Source/CMSIS_RTOS/cmsis_os.o
LOAD Middlewares/Third_Party/FreeRTOS/Source/croutine.o
LOAD Middlewares/Third_Party/FreeRTOS/Source/event_groups.o
LOAD Middlewares/Third_Party/FreeRTOS/Source/list.o
LOAD Middlewares/Third_Party/FreeRTOS/Source/queue.o
LOAD Middlewares/Third_Party/FreeRTOS/Source/stream_buffer.o
LOAD Middlewares/Third_Party/FreeRTOS/Source/tasks.o
LOAD Middlewares/Third_Party/FreeRTOS/Source/timers.o
LOAD Middlewares/Third_Party/FreeRTOS/Source/portable/GCC/ARM_CM4F/port.o
LOAD Middlewares/Third_Party/FreeRTOS/Source/portable/MemMang/heap_4.o
LOAD Src/freertos.o
LOAD Src/gpio.o
LOAD Src/i2c.o
LOAD Src/lcd.o
LOAD Src/main.o
LOAD Src/quadspi.o
LOAD Src/roboclaw.o
LOAD Src/sai.o
LOAD Src/spi.o
LOAD Src/stm32l4xx_hal_msp.o
LOAD Src/stm32l4xx_hal_timebase_tim.o
LOAD Src/stm32l4xx_it.o
LOAD Src/syscalls.o
LOAD Src/sysmem.o
LOAD Src/system_stm32l4xx.o
LOAD Src/usart.o
LOAD Src/usb_host.o
LOAD Src/usbh_conf.o
LOAD Src/usbh_platform.o
LOAD Startup/startup_stm32l476vgtx.o
START GROUP
LOAD c:/st/stm32cubeide_1.0.1/stm32cubeide/plugins/com.st.stm32cube.ide.mcu.externaltools.gnu-tools-for-stm32.7-2018-q2-update.win32_1.0.0.201904181610/tools/bin/../lib/gcc/arm-none-eabi/7.3.1/../../../../arm-none-eabi/lib/thumb/v7e-m/fpv4-sp/hard\libc_nano.a
LOAD c:/st/stm32cubeide_1.0.1/stm32cubeide/plugins/com.st.stm32cube.ide.mcu.externaltools.gnu-tools-for-stm32.7-2018-q2-update.win32_1.0.0.201904181610/tools/bin/../lib/gcc/arm-none-eabi/7.3.1/../../../../arm-none-eabi/lib/thumb/v7e-m/fpv4-sp/hard\libm.a
END GROUP
START GROUP
LOAD c:/st/stm32cubeide_1.0.1/stm32cubeide/plugins/com.st.stm32cube.ide.mcu.externaltools.gnu-tools-for-stm32.7-2018-q2-update.win32_1.0.0.201904181610/tools/bin/../lib/gcc/arm-none-eabi/7.3.1/thumb/v7e-m/fpv4-sp/hard\libgcc.a
LOAD c:/st/stm32cubeide_1.0.1/stm32cubeide/plugins/com.st.stm32cube.ide.mcu.externaltools.gnu-tools-for-stm32.7-2018-q2-update.win32_1.0.0.201904181610/tools/bin/../lib/gcc/arm-none-eabi/7.3.1/../../../../arm-none-eabi/lib/thumb/v7e-m/fpv4-sp/hard\libc_nano.a
END GROUP
START GROUP
LOAD c:/st/stm32cubeide_1.0.1/stm32cubeide/plugins/com.st.stm32cube.ide.mcu.externaltools.gnu-tools-for-stm32.7-2018-q2-update.win32_1.0.0.201904181610/tools/bin/../lib/gcc/arm-none-eabi/7.3.1/thumb/v7e-m/fpv4-sp/hard\libgcc.a
LOAD c:/st/stm32cubeide_1.0.1/stm32cubeide/plugins/com.st.stm32cube.ide.mcu.externaltools.gnu-tools-for-stm32.7-2018-q2-update.win32_1.0.0.201904181610/tools/bin/../lib/gcc/arm-none-eabi/7.3.1/../../../../arm-none-eabi/lib/thumb/v7e-m/fpv4-sp/hard\libc_nano.a
LOAD c:/st/stm32cubeide_1.0.1/stm32cubeide/plugins/com.st.stm32cube.ide.mcu.externaltools.gnu-tools-for-stm32.7-2018-q2-update.win32_1.0.0.201904181610/tools/bin/../lib/gcc/arm-none-eabi/7.3.1/../../../../arm-none-eabi/lib/thumb/v7e-m/fpv4-sp/hard\libnosys.a
END GROUP
START GROUP
LOAD c:/st/stm32cubeide_1.0.1/stm32cubeide/plugins/com.st.stm32cube.ide.mcu.externaltools.gnu-tools-for-stm32.7-2018-q2-update.win32_1.0.0.201904181610/tools/bin/../lib/gcc/arm-none-eabi/7.3.1/thumb/v7e-m/fpv4-sp/hard\libgcc.a
LOAD c:/st/stm32cubeide_1.0.1/stm32cubeide/plugins/com.st.stm32cube.ide.mcu.externaltools.gnu-tools-for-stm32.7-2018-q2-update.win32_1.0.0.201904181610/tools/bin/../lib/gcc/arm-none-eabi/7.3.1/../../../../arm-none-eabi/lib/thumb/v7e-m/fpv4-sp/hard\libc_nano.a
LOAD c:/st/stm32cubeide_1.0.1/stm32cubeide/plugins/com.st.stm32cube.ide.mcu.externaltools.gnu-tools-for-stm32.7-2018-q2-update.win32_1.0.0.201904181610/tools/bin/../lib/gcc/arm-none-eabi/7.3.1/../../../../arm-none-eabi/lib/thumb/v7e-m/fpv4-sp/hard\libnosys.a
END GROUP
LOAD c:/st/stm32cubeide_1.0.1/stm32cubeide/plugins/com.st.stm32cube.ide.mcu.externaltools.gnu-tools-for-stm32.7-2018-q2-update.win32_1.0.0.201904181610/tools/bin/../lib/gcc/arm-none-eabi/7.3.1/thumb/v7e-m/fpv4-sp/hard/crtend.o
LOAD c:/st/stm32cubeide_1.0.1/stm32cubeide/plugins/com.st.stm32cube.ide.mcu.externaltools.gnu-tools-for-stm32.7-2018-q2-update.win32_1.0.0.201904181610/tools/bin/../lib/gcc/arm-none-eabi/7.3.1/thumb/v7e-m/fpv4-sp/hard/crtn.o
                0x0000000020018000                _estack = 0x20018000
                0x0000000000000200                _Min_Heap_Size = 0x200
                0x0000000000000400                _Min_Stack_Size = 0x400

.isr_vector     0x0000000008000000      0x188
                0x0000000008000000                . = ALIGN (0x4)
 *(.isr_vector)
 .isr_vector    0x0000000008000000      0x188 Startup/startup_stm32l476vgtx.o
                0x0000000008000000                g_pfnVectors
                0x0000000008000188                . = ALIGN (0x4)

.text           0x0000000008000190     0xc914
                0x0000000008000190                . = ALIGN (0x4)
 *(.text)
 .text          0x0000000008000190       0x40 c:/st/stm32cubeide_1.0.1/stm32cubeide/plugins/com.st.stm32cube.ide.mcu.externaltools.gnu-tools-for-stm32.7-2018-q2-update.win32_1.0.0.201904181610/tools/bin/../lib/gcc/arm-none-eabi/7.3.1/thumb/v7e-m/fpv4-sp/hard/crtbegin.o
 .text          0x00000000080001d0       0x30 c:/st/stm32cubeide_1.0.1/stm32cubeide/plugins/com.st.stm32cube.ide.mcu.externaltools.gnu-tools-for-stm32.7-2018-q2-update.win32_1.0.0.201904181610/tools/bin/../lib/gcc/arm-none-eabi/7.3.1/thumb/v7e-m/fpv4-sp/hard\libgcc.a(_aeabi_uldivmod.o)
                0x00000000080001d0                __aeabi_uldivmod
 .text          0x0000000008000200      0x2cc c:/st/stm32cubeide_1.0.1/stm32cubeide/plugins/com.st.stm32cube.ide.mcu.externaltools.gnu-tools-for-stm32.7-2018-q2-update.win32_1.0.0.201904181610/tools/bin/../lib/gcc/arm-none-eabi/7.3.1/thumb/v7e-m/fpv4-sp/hard\libgcc.a(_udivmoddi4.o)
                0x0000000008000200                __udivmoddi4
 .text          0x00000000080004cc        0x4 c:/st/stm32cubeide_1.0.1/stm32cubeide/plugins/com.st.stm32cube.ide.mcu.externaltools.gnu-tools-for-stm32.7-2018-q2-update.win32_1.0.0.201904181610/tools/bin/../lib/gcc/arm-none-eabi/7.3.1/thumb/v7e-m/fpv4-sp/hard\libgcc.a(_dvmd_tls.o)
                0x00000000080004cc                __aeabi_idiv0
                0x00000000080004cc                __aeabi_ldiv0
 *(.text*)
 .text.HAL_Init
                0x00000000080004d0       0x40 Drivers/STM32L4xx_HAL_Driver/Src/stm32l4xx_hal.o
                0x00000000080004d0                HAL_Init
 .text.HAL_IncTick
                0x0000000008000510       0x24 Drivers/STM32L4xx_HAL_Driver/Src/stm32l4xx_hal.o
                0x0000000008000510                HAL_IncTick
 .text.HAL_GetTick
                0x0000000008000534       0x18 Drivers/STM32L4xx_HAL_Driver/Src/stm32l4xx_hal.o
                0x0000000008000534                HAL_GetTick
 .text.HAL_Delay
                0x000000000800054c       0x44 Drivers/STM32L4xx_HAL_Driver/Src/stm32l4xx_hal.o
                0x000000000800054c                HAL_Delay
 .text.__NVIC_SetPriorityGrouping
                0x0000000008000590       0x48 Drivers/STM32L4xx_HAL_Driver/Src/stm32l4xx_hal_cortex.o
 .text.__NVIC_GetPriorityGrouping
                0x00000000080005d8       0x1c Drivers/STM32L4xx_HAL_Driver/Src/stm32l4xx_hal_cortex.o
 .text.__NVIC_EnableIRQ
                0x00000000080005f4       0x3c Drivers/STM32L4xx_HAL_Driver/Src/stm32l4xx_hal_cortex.o
 .text.__NVIC_SetPriority
                0x0000000008000630       0x54 Drivers/STM32L4xx_HAL_Driver/Src/stm32l4xx_hal_cortex.o
 .text.NVIC_EncodePriority
                0x0000000008000684       0x66 Drivers/STM32L4xx_HAL_Driver/Src/stm32l4xx_hal_cortex.o
 .text.HAL_NVIC_SetPriorityGrouping
                0x00000000080006ea       0x16 Drivers/STM32L4xx_HAL_Driver/Src/stm32l4xx_hal_cortex.o
                0x00000000080006ea                HAL_NVIC_SetPriorityGrouping
 .text.HAL_NVIC_SetPriority
                0x0000000008000700       0x38 Drivers/STM32L4xx_HAL_Driver/Src/stm32l4xx_hal_cortex.o
                0x0000000008000700                HAL_NVIC_SetPriority
 .text.HAL_NVIC_EnableIRQ
                0x0000000008000738       0x1c Drivers/STM32L4xx_HAL_Driver/Src/stm32l4xx_hal_cortex.o
                0x0000000008000738                HAL_NVIC_EnableIRQ
 .text.HAL_DMA_Abort_IT
                0x0000000008000754       0x82 Drivers/STM32L4xx_HAL_Driver/Src/stm32l4xx_hal_dma.o
                0x0000000008000754                HAL_DMA_Abort_IT
 *fill*         0x00000000080007d6        0x2 
 .text.HAL_GPIO_Init
                0x00000000080007d8      0x350 Drivers/STM32L4xx_HAL_Driver/Src/stm32l4xx_hal_gpio.o
                0x00000000080007d8                HAL_GPIO_Init
 .text.HAL_GPIO_WritePin
                0x0000000008000b28       0x30 Drivers/STM32L4xx_HAL_Driver/Src/stm32l4xx_hal_gpio.o
                0x0000000008000b28                HAL_GPIO_WritePin
 .text.HAL_GPIO_EXTI_IRQHandler
                0x0000000008000b58       0x30 Drivers/STM32L4xx_HAL_Driver/Src/stm32l4xx_hal_gpio.o
                0x0000000008000b58                HAL_GPIO_EXTI_IRQHandler
 .text.HAL_HCD_Init
                0x0000000008000b88       0xc4 Drivers/STM32L4xx_HAL_Driver/Src/stm32l4xx_hal_hcd.o
                0x0000000008000b88                HAL_HCD_Init
 .text.HAL_HCD_HC_Init
                0x0000000008000c4c      0x130 Drivers/STM32L4xx_HAL_Driver/Src/stm32l4xx_hal_hcd.o
                0x0000000008000c4c                HAL_HCD_HC_Init
 .text.HAL_HCD_HC_Halt
                0x0000000008000d7c       0x46 Drivers/STM32L4xx_HAL_Driver/Src/stm32l4xx_hal_hcd.o
                0x0000000008000d7c                HAL_HCD_HC_Halt
 *fill*         0x0000000008000dc2        0x2 
 .text.HAL_HCD_HC_SubmitRequest
                0x0000000008000dc4      0x2c8 Drivers/STM32L4xx_HAL_Driver/Src/stm32l4xx_hal_hcd.o
                0x0000000008000dc4                HAL_HCD_HC_SubmitRequest
 .text.HAL_HCD_IRQHandler
                0x000000000800108c      0x20c Drivers/STM32L4xx_HAL_Driver/Src/stm32l4xx_hal_hcd.o
                0x000000000800108c                HAL_HCD_IRQHandler
 .text.HAL_HCD_Start
                0x0000000008001298       0x46 Drivers/STM32L4xx_HAL_Driver/Src/stm32l4xx_hal_hcd.o
                0x0000000008001298                HAL_HCD_Start
 .text.HAL_HCD_Stop
                0x00000000080012de       0x3a Drivers/STM32L4xx_HAL_Driver/Src/stm32l4xx_hal_hcd.o
                0x00000000080012de                HAL_HCD_Stop
 .text.HAL_HCD_ResetPort
                0x0000000008001318       0x1c Drivers/STM32L4xx_HAL_Driver/Src/stm32l4xx_hal_hcd.o
                0x0000000008001318                HAL_HCD_ResetPort
 .text.HAL_HCD_HC_GetURBState
                0x0000000008001334       0x2a Drivers/STM32L4xx_HAL_Driver/Src/stm32l4xx_hal_hcd.o
                0x0000000008001334                HAL_HCD_HC_GetURBState
 .text.HAL_HCD_HC_GetXferCount
                0x000000000800135e       0x2a Drivers/STM32L4xx_HAL_Driver/Src/stm32l4xx_hal_hcd.o
                0x000000000800135e                HAL_HCD_HC_GetXferCount
 .text.HAL_HCD_GetCurrentFrame
                0x0000000008001388       0x1c Drivers/STM32L4xx_HAL_Driver/Src/stm32l4xx_hal_hcd.o
                0x0000000008001388                HAL_HCD_GetCurrentFrame
 .text.HAL_HCD_GetCurrentSpeed
                0x00000000080013a4       0x1c Drivers/STM32L4xx_HAL_Driver/Src/stm32l4xx_hal_hcd.o
                0x00000000080013a4                HAL_HCD_GetCurrentSpeed
 .text.HCD_HC_IN_IRQHandler
                0x00000000080013c0      0x6e6 Drivers/STM32L4xx_HAL_Driver/Src/stm32l4xx_hal_hcd.o
 .text.HCD_HC_OUT_IRQHandler
                0x0000000008001aa6      0x6aa Drivers/STM32L4xx_HAL_Driver/Src/stm32l4xx_hal_hcd.o
 .text.HCD_RXQLVL_IRQHandler
                0x0000000008002150      0x158 Drivers/STM32L4xx_HAL_Driver/Src/stm32l4xx_hal_hcd.o
 .text.HCD_Port_IRQHandler
                0x00000000080022a8      0x120 Drivers/STM32L4xx_HAL_Driver/Src/stm32l4xx_hal_hcd.o
 .text.HAL_I2C_Init
                0x00000000080023c8      0x11e Drivers/STM32L4xx_HAL_Driver/Src/stm32l4xx_hal_i2c.o
                0x00000000080023c8                HAL_I2C_Init
 .text.HAL_I2CEx_ConfigAnalogFilter
                0x00000000080024e6       0x96 Drivers/STM32L4xx_HAL_Driver/Src/stm32l4xx_hal_i2c_ex.o
                0x00000000080024e6                HAL_I2CEx_ConfigAnalogFilter
 .text.HAL_I2CEx_ConfigDigitalFilter
                0x000000000800257c       0x98 Drivers/STM32L4xx_HAL_Driver/Src/stm32l4xx_hal_i2c_ex.o
                0x000000000800257c                HAL_I2CEx_ConfigDigitalFilter
 .text.HAL_LCD_Init
                0x0000000008002614      0x180 Drivers/STM32L4xx_HAL_Driver/Src/stm32l4xx_hal_lcd.o
                0x0000000008002614                HAL_LCD_Init
 .text.LCD_WaitForSynchro
                0x0000000008002794       0x42 Drivers/STM32L4xx_HAL_Driver/Src/stm32l4xx_hal_lcd.o
                0x0000000008002794                LCD_WaitForSynchro
 *fill*         0x00000000080027d6        0x2 
 .text.HAL_PWREx_GetVoltageRange
                0x00000000080027d8       0x1c Drivers/STM32L4xx_HAL_Driver/Src/stm32l4xx_hal_pwr_ex.o
                0x00000000080027d8                HAL_PWREx_GetVoltageRange
 .text.HAL_PWREx_ControlVoltageScaling
                0x00000000080027f4       0xac Drivers/STM32L4xx_HAL_Driver/Src/stm32l4xx_hal_pwr_ex.o
                0x00000000080027f4                HAL_PWREx_ControlVoltageScaling
 .text.HAL_PWREx_EnableVddUSB
                0x00000000080028a0       0x20 Drivers/STM32L4xx_HAL_Driver/Src/stm32l4xx_hal_pwr_ex.o
                0x00000000080028a0                HAL_PWREx_EnableVddUSB
 .text.HAL_QSPI_Init
                0x00000000080028c0      0x104 Drivers/STM32L4xx_HAL_Driver/Src/stm32l4xx_hal_qspi.o
                0x00000000080028c0                HAL_QSPI_Init
 .text.HAL_QSPI_SetTimeout
                0x00000000080029c4       0x1c Drivers/STM32L4xx_HAL_Driver/Src/stm32l4xx_hal_qspi.o
                0x00000000080029c4                HAL_QSPI_SetTimeout
 .text.QSPI_WaitFlagStateUntilTimeout
                0x00000000080029e0       0x6e Drivers/STM32L4xx_HAL_Driver/Src/stm32l4xx_hal_qspi.o
 *fill*         0x0000000008002a4e        0x2 
 .text.HAL_RCC_OscConfig
                0x0000000008002a50      0x760 Drivers/STM32L4xx_HAL_Driver/Src/stm32l4xx_hal_rcc.o
                0x0000000008002a50                HAL_RCC_OscConfig
 .text.HAL_RCC_ClockConfig
                0x00000000080031b0      0x1c4 Drivers/STM32L4xx_HAL_Driver/Src/stm32l4xx_hal_rcc.o
                0x00000000080031b0                HAL_RCC_ClockConfig
 .text.HAL_RCC_GetSysClockFreq
                0x0000000008003374      0x114 Drivers/STM32L4xx_HAL_Driver/Src/stm32l4xx_hal_rcc.o
                0x0000000008003374                HAL_RCC_GetSysClockFreq
 .text.HAL_RCC_GetHCLKFreq
                0x0000000008003488       0x18 Drivers/STM32L4xx_HAL_Driver/Src/stm32l4xx_hal_rcc.o
                0x0000000008003488                HAL_RCC_GetHCLKFreq
 .text.HAL_RCC_GetPCLK1Freq
                0x00000000080034a0       0x2c Drivers/STM32L4xx_HAL_Driver/Src/stm32l4xx_hal_rcc.o
                0x00000000080034a0                HAL_RCC_GetPCLK1Freq
 .text.HAL_RCC_GetPCLK2Freq
                0x00000000080034cc       0x2c Drivers/STM32L4xx_HAL_Driver/Src/stm32l4xx_hal_rcc.o
                0x00000000080034cc                HAL_RCC_GetPCLK2Freq
 .text.HAL_RCC_GetClockConfig
                0x00000000080034f8       0x64 Drivers/STM32L4xx_HAL_Driver/Src/stm32l4xx_hal_rcc.o
                0x00000000080034f8                HAL_RCC_GetClockConfig
 .text.HAL_RCC_EnableCSS
                0x000000000800355c       0x20 Drivers/STM32L4xx_HAL_Driver/Src/stm32l4xx_hal_rcc.o
                0x000000000800355c                HAL_RCC_EnableCSS
 .text.RCC_SetFlashLatencyFromMSIRange
                0x000000000800357c       0xc0 Drivers/STM32L4xx_HAL_Driver/Src/stm32l4xx_hal_rcc.o
 .text.HAL_RCCEx_PeriphCLKConfig
                0x000000000800363c      0x5cc Drivers/STM32L4xx_HAL_Driver/Src/stm32l4xx_hal_rcc_ex.o
                0x000000000800363c                HAL_RCCEx_PeriphCLKConfig
 .text.HAL_RCCEx_GetPeriphCLKFreq
                0x0000000008003c08      0x8f0 Drivers/STM32L4xx_HAL_Driver/Src/stm32l4xx_hal_rcc_ex.o
                0x0000000008003c08                HAL_RCCEx_GetPeriphCLKFreq
 .text.RCCEx_PLLSAI1_Config
                0x00000000080044f8      0x1e0 Drivers/STM32L4xx_HAL_Driver/Src/stm32l4xx_hal_rcc_ex.o
 .text.RCCEx_PLLSAI2_Config
                0x00000000080046d8      0x1b4 Drivers/STM32L4xx_HAL_Driver/Src/stm32l4xx_hal_rcc_ex.o
 .text.RCCEx_GetSAIxPeriphCLKFreq
                0x000000000800488c      0x1b0 Drivers/STM32L4xx_HAL_Driver/Src/stm32l4xx_hal_rcc_ex.o
 .text.HAL_SAI_Init
                0x0000000008004a3c      0x2cc Drivers/STM32L4xx_HAL_Driver/Src/stm32l4xx_hal_sai.o
                0x0000000008004a3c                HAL_SAI_Init
 .text.SAI_Disable
                0x0000000008004d08       0x68 Drivers/STM32L4xx_HAL_Driver/Src/stm32l4xx_hal_sai.o
 .text.HAL_SPI_Init
                0x0000000008004d70      0x114 Drivers/STM32L4xx_HAL_Driver/Src/stm32l4xx_hal_spi.o
                0x0000000008004d70                HAL_SPI_Init
 .text.HAL_TIM_Base_Init
                0x0000000008004e84       0x56 Drivers/STM32L4xx_HAL_Driver/Src/stm32l4xx_hal_tim.o
                0x0000000008004e84                HAL_TIM_Base_Init
 .text.HAL_TIM_Base_MspInit
                0x0000000008004eda       0x14 Drivers/STM32L4xx_HAL_Driver/Src/stm32l4xx_hal_tim.o
                0x0000000008004eda                HAL_TIM_Base_MspInit
 *fill*         0x0000000008004eee        0x2 
 .text.HAL_TIM_Base_Start_IT
                0x0000000008004ef0       0x54 Drivers/STM32L4xx_HAL_Driver/Src/stm32l4xx_hal_tim.o
                0x0000000008004ef0                HAL_TIM_Base_Start_IT
 .text.HAL_TIM_IRQHandler
                0x0000000008004f44      0x23e Drivers/STM32L4xx_HAL_Driver/Src/stm32l4xx_hal_tim.o
                0x0000000008004f44                HAL_TIM_IRQHandler
 .text.HAL_TIM_OC_DelayElapsedCallback
                0x0000000008005182       0x14 Drivers/STM32L4xx_HAL_Driver/Src/stm32l4xx_hal_tim.o
                0x0000000008005182                HAL_TIM_OC_DelayElapsedCallback
 .text.HAL_TIM_IC_CaptureCallback
                0x0000000008005196       0x14 Drivers/STM32L4xx_HAL_Driver/Src/stm32l4xx_hal_tim.o
                0x0000000008005196                HAL_TIM_IC_CaptureCallback
 .text.HAL_TIM_PWM_PulseFinishedCallback
                0x00000000080051aa       0x14 Drivers/STM32L4xx_HAL_Driver/Src/stm32l4xx_hal_tim.o
                0x00000000080051aa                HAL_TIM_PWM_PulseFinishedCallback
 .text.HAL_TIM_TriggerCallback
                0x00000000080051be       0x14 Drivers/STM32L4xx_HAL_Driver/Src/stm32l4xx_hal_tim.o
                0x00000000080051be                HAL_TIM_TriggerCallback
 *fill*         0x00000000080051d2        0x2 
 .text.TIM_Base_SetConfig
                0x00000000080051d4      0x134 Drivers/STM32L4xx_HAL_Driver/Src/stm32l4xx_hal_tim.o
                0x00000000080051d4                TIM_Base_SetConfig
 .text.HAL_TIMEx_CommutCallback
                0x0000000008005308       0x14 Drivers/STM32L4xx_HAL_Driver/Src/stm32l4xx_hal_tim_ex.o
                0x0000000008005308                HAL_TIMEx_CommutCallback
 .text.HAL_TIMEx_BreakCallback
                0x000000000800531c       0x14 Drivers/STM32L4xx_HAL_Driver/Src/stm32l4xx_hal_tim_ex.o
                0x000000000800531c                HAL_TIMEx_BreakCallback
 .text.HAL_TIMEx_Break2Callback
                0x0000000008005330       0x14 Drivers/STM32L4xx_HAL_Driver/Src/stm32l4xx_hal_tim_ex.o
                0x0000000008005330                HAL_TIMEx_Break2Callback
 .text.HAL_UART_Init
                0x0000000008005344       0x9c Drivers/STM32L4xx_HAL_Driver/Src/stm32l4xx_hal_uart.o
                0x0000000008005344                HAL_UART_Init
 .text.HAL_UART_Transmit
                0x00000000080053e0      0x126 Drivers/STM32L4xx_HAL_Driver/Src/stm32l4xx_hal_uart.o
                0x00000000080053e0                HAL_UART_Transmit
 *fill*         0x0000000008005506        0x2 
 .text.HAL_UART_IRQHandler
                0x0000000008005508      0x260 Drivers/STM32L4xx_HAL_Driver/Src/stm32l4xx_hal_uart.o
                0x0000000008005508                HAL_UART_IRQHandler
 .text.HAL_UART_TxCpltCallback
                0x0000000008005768       0x14 Drivers/STM32L4xx_HAL_Driver/Src/stm32l4xx_hal_uart.o
                0x0000000008005768                HAL_UART_TxCpltCallback
 .text.HAL_UART_ErrorCallback
                0x000000000800577c       0x14 Drivers/STM32L4xx_HAL_Driver/Src/stm32l4xx_hal_uart.o
                0x000000000800577c                HAL_UART_ErrorCallback
 .text.UART_SetConfig
                0x0000000008005790      0x690 Drivers/STM32L4xx_HAL_Driver/Src/stm32l4xx_hal_uart.o
                0x0000000008005790                UART_SetConfig
 .text.UART_AdvFeatureConfig
                0x0000000008005e20      0x144 Drivers/STM32L4xx_HAL_Driver/Src/stm32l4xx_hal_uart.o
                0x0000000008005e20                UART_AdvFeatureConfig
 .text.UART_CheckIdleState
                0x0000000008005f64       0x8a Drivers/STM32L4xx_HAL_Driver/Src/stm32l4xx_hal_uart.o
                0x0000000008005f64                UART_CheckIdleState
 .text.UART_WaitOnFlagUntilTimeout
                0x0000000008005fee       0x90 Drivers/STM32L4xx_HAL_Driver/Src/stm32l4xx_hal_uart.o
                0x0000000008005fee                UART_WaitOnFlagUntilTimeout
 .text.UART_EndRxTransfer
                0x000000000800607e       0x40 Drivers/STM32L4xx_HAL_Driver/Src/stm32l4xx_hal_uart.o
 .text.UART_DMAAbortOnError
                0x00000000080060be       0x2c Drivers/STM32L4xx_HAL_Driver/Src/stm32l4xx_hal_uart.o
 .text.UART_EndTransmit_IT
                0x00000000080060ea       0x32 Drivers/STM32L4xx_HAL_Driver/Src/stm32l4xx_hal_uart.o
 .text.HAL_UARTEx_WakeupCallback
                0x000000000800611c       0x14 Drivers/STM32L4xx_HAL_Driver/Src/stm32l4xx_hal_uart_ex.o
                0x000000000800611c                HAL_UARTEx_WakeupCallback
 .text.USB_CoreInit
                0x0000000008006130       0xa4 Drivers/STM32L4xx_HAL_Driver/Src/stm32l4xx_ll_usb.o
                0x0000000008006130                USB_CoreInit
 .text.USB_EnableGlobalInt
                0x00000000080061d4       0x22 Drivers/STM32L4xx_HAL_Driver/Src/stm32l4xx_ll_usb.o
                0x00000000080061d4                USB_EnableGlobalInt
 .text.USB_DisableGlobalInt
                0x00000000080061f6       0x22 Drivers/STM32L4xx_HAL_Driver/Src/stm32l4xx_ll_usb.o
                0x00000000080061f6                USB_DisableGlobalInt
 .text.USB_SetCurrentMode
                0x0000000008006218       0x54 Drivers/STM32L4xx_HAL_Driver/Src/stm32l4xx_ll_usb.o
                0x0000000008006218                USB_SetCurrentMode
 .text.USB_FlushTxFifo
                0x000000000800626c       0x4c Drivers/STM32L4xx_HAL_Driver/Src/stm32l4xx_ll_usb.o
                0x000000000800626c                USB_FlushTxFifo
 .text.USB_FlushRxFifo
                0x00000000080062b8       0x44 Drivers/STM32L4xx_HAL_Driver/Src/stm32l4xx_ll_usb.o
                0x00000000080062b8                USB_FlushRxFifo
 .text.USB_WritePacket
                0x00000000080062fc       0x62 Drivers/STM32L4xx_HAL_Driver/Src/stm32l4xx_ll_usb.o
                0x00000000080062fc                USB_WritePacket
 .text.USB_ReadPacket
                0x000000000800635e       0x52 Drivers/STM32L4xx_HAL_Driver/Src/stm32l4xx_ll_usb.o
                0x000000000800635e                USB_ReadPacket
 .text.USB_ReadInterrupts
                0x00000000080063b0       0x26 Drivers/STM32L4xx_HAL_Driver/Src/stm32l4xx_ll_usb.o
                0x00000000080063b0                USB_ReadInterrupts
 .text.USB_GetMode
                0x00000000080063d6       0x1c Drivers/STM32L4xx_HAL_Driver/Src/stm32l4xx_ll_usb.o
                0x00000000080063d6                USB_GetMode
 *fill*         0x00000000080063f2        0x2 
 .text.USB_CoreReset
                0x00000000080063f4       0x68 Drivers/STM32L4xx_HAL_Driver/Src/stm32l4xx_ll_usb.o
 .text.USB_HostInit
                0x000000000800645c       0xfc Drivers/STM32L4xx_HAL_Driver/Src/stm32l4xx_ll_usb.o
                0x000000000800645c                USB_HostInit
 .text.USB_InitFSLSPClkSel
                0x0000000008006558       0x74 Drivers/STM32L4xx_HAL_Driver/Src/stm32l4xx_ll_usb.o
                0x0000000008006558                USB_InitFSLSPClkSel
 .text.USB_ResetPort
                0x00000000080065cc       0x54 Drivers/STM32L4xx_HAL_Driver/Src/stm32l4xx_ll_usb.o
                0x00000000080065cc                USB_ResetPort
 .text.USB_DriveVbus
                0x0000000008006620       0x72 Drivers/STM32L4xx_HAL_Driver/Src/stm32l4xx_ll_usb.o
                0x0000000008006620                USB_DriveVbus
 .text.USB_GetHostSpeed
                0x0000000008006692       0x2e Drivers/STM32L4xx_HAL_Driver/Src/stm32l4xx_ll_usb.o
                0x0000000008006692                USB_GetHostSpeed
 .text.USB_GetCurrentFrame
                0x00000000080066c0       0x22 Drivers/STM32L4xx_HAL_Driver/Src/stm32l4xx_ll_usb.o
                0x00000000080066c0                USB_GetCurrentFrame
 *fill*         0x00000000080066e2        0x2 
 .text.USB_HC_Init
                0x00000000080066e4      0x1e4 Drivers/STM32L4xx_HAL_Driver/Src/stm32l4xx_ll_usb.o
                0x00000000080066e4                USB_HC_Init
 .text.USB_HC_StartXfer
                0x00000000080068c8      0x200 Drivers/STM32L4xx_HAL_Driver/Src/stm32l4xx_ll_usb.o
                0x00000000080068c8                USB_HC_StartXfer
 .text.USB_HC_ReadInterrupt
                0x0000000008006ac8       0x22 Drivers/STM32L4xx_HAL_Driver/Src/stm32l4xx_ll_usb.o
                0x0000000008006ac8                USB_HC_ReadInterrupt
 .text.USB_HC_Halt
                0x0000000008006aea      0x1fe Drivers/STM32L4xx_HAL_Driver/Src/stm32l4xx_ll_usb.o
                0x0000000008006aea                USB_HC_Halt
 .text.USB_StopHost
                0x0000000008006ce8      0x10c Drivers/STM32L4xx_HAL_Driver/Src/stm32l4xx_ll_usb.o
                0x0000000008006ce8                USB_StopHost
 .text.USBH_CDC_InterfaceInit
                0x0000000008006df4      0x282 Middlewares/ST/STM32_USB_Host_Library/Class/CDC/Src/usbh_cdc.o
 .text.USBH_CDC_InterfaceDeInit
                0x0000000008007076       0xb2 Middlewares/ST/STM32_USB_Host_Library/Class/CDC/Src/usbh_cdc.o
 .text.USBH_CDC_ClassRequest
                0x0000000008007128       0x42 Middlewares/ST/STM32_USB_Host_Library/Class/CDC/Src/usbh_cdc.o
 *fill*         0x000000000800716a        0x2 
 .text.USBH_CDC_Process
                0x000000000800716c      0x12c Middlewares/ST/STM32_USB_Host_Library/Class/CDC/Src/usbh_cdc.o
 .text.USBH_CDC_SOFProcess
                0x0000000008007298       0x16 Middlewares/ST/STM32_USB_Host_Library/Class/CDC/Src/usbh_cdc.o
 .text.GetLineCoding
                0x00000000080072ae       0x3e Middlewares/ST/STM32_USB_Host_Library/Class/CDC/Src/usbh_cdc.o
 .text.SetLineCoding
                0x00000000080072ec       0x3e Middlewares/ST/STM32_USB_Host_Library/Class/CDC/Src/usbh_cdc.o
 .text.CDC_ProcessTransmission
                0x000000000800732a      0x128 Middlewares/ST/STM32_USB_Host_Library/Class/CDC/Src/usbh_cdc.o
 .text.CDC_ProcessReception
                0x0000000008007452       0xd2 Middlewares/ST/STM32_USB_Host_Library/Class/CDC/Src/usbh_cdc.o
 .text.USBH_CDC_TransmitCallback
                0x0000000008007524       0x14 Middlewares/ST/STM32_USB_Host_Library/Class/CDC/Src/usbh_cdc.o
                0x0000000008007524                USBH_CDC_TransmitCallback
 .text.USBH_CDC_ReceiveCallback
                0x0000000008007538       0x14 Middlewares/ST/STM32_USB_Host_Library/Class/CDC/Src/usbh_cdc.o
                0x0000000008007538                USBH_CDC_ReceiveCallback
 .text.USBH_CDC_LineCodingChanged
                0x000000000800754c       0x14 Middlewares/ST/STM32_USB_Host_Library/Class/CDC/Src/usbh_cdc.o
                0x000000000800754c                USBH_CDC_LineCodingChanged
 .text.USBH_Init
                0x0000000008007560       0xa4 Middlewares/ST/STM32_USB_Host_Library/Core/Src/usbh_core.o
                0x0000000008007560                USBH_Init
 .text.DeInitStateMachine
                0x0000000008007604       0x92 Middlewares/ST/STM32_USB_Host_Library/Core/Src/usbh_core.o
 .text.USBH_RegisterClass
                0x0000000008007696       0x56 Middlewares/ST/STM32_USB_Host_Library/Core/Src/usbh_core.o
                0x0000000008007696                USBH_RegisterClass
 .text.USBH_SelectInterface
                0x00000000080076ec       0x38 Middlewares/ST/STM32_USB_Host_Library/Core/Src/usbh_core.o
                0x00000000080076ec                USBH_SelectInterface
 .text.USBH_FindInterface
                0x0000000008007724       0x8c Middlewares/ST/STM32_USB_Host_Library/Core/Src/usbh_core.o
                0x0000000008007724                USBH_FindInterface
 .text.USBH_Start
                0x00000000080077b0       0x20 Middlewares/ST/STM32_USB_Host_Library/Core/Src/usbh_core.o
                0x00000000080077b0                USBH_Start
 .text.USBH_Process
                0x00000000080077d0      0x3c0 Middlewares/ST/STM32_USB_Host_Library/Core/Src/usbh_core.o
                0x00000000080077d0                USBH_Process
 .text.USBH_HandleEnum
                0x0000000008007b90      0x2a8 Middlewares/ST/STM32_USB_Host_Library/Core/Src/usbh_core.o
 .text.USBH_LL_SetTimer
                0x0000000008007e38       0x1e Middlewares/ST/STM32_USB_Host_Library/Core/Src/usbh_core.o
                0x0000000008007e38                USBH_LL_SetTimer
 .text.USBH_LL_IncTimer
                0x0000000008007e56       0x24 Middlewares/ST/STM32_USB_Host_Library/Core/Src/usbh_core.o
                0x0000000008007e56                USBH_LL_IncTimer
 .text.USBH_HandleSof
                0x0000000008007e7a       0x30 Middlewares/ST/STM32_USB_Host_Library/Core/Src/usbh_core.o
 .text.USBH_LL_PortEnabled
                0x0000000008007eaa       0x1c Middlewares/ST/STM32_USB_Host_Library/Core/Src/usbh_core.o
                0x0000000008007eaa                USBH_LL_PortEnabled
 .text.USBH_LL_PortDisabled
                0x0000000008007ec6       0x1c Middlewares/ST/STM32_USB_Host_Library/Core/Src/usbh_core.o
                0x0000000008007ec6                USBH_LL_PortDisabled
 .text.USBH_IsPortEnabled
                0x0000000008007ee2       0x1a Middlewares/ST/STM32_USB_Host_Library/Core/Src/usbh_core.o
                0x0000000008007ee2                USBH_IsPortEnabled
 .text.USBH_LL_Connect
                0x0000000008007efc       0x68 Middlewares/ST/STM32_USB_Host_Library/Core/Src/usbh_core.o
                0x0000000008007efc                USBH_LL_Connect
 .text.USBH_LL_Disconnect
                0x0000000008007f64       0x76 Middlewares/ST/STM32_USB_Host_Library/Core/Src/usbh_core.o
                0x0000000008007f64                USBH_LL_Disconnect
 .text.USBH_Process_OS
                0x0000000008007fda       0x2a Middlewares/ST/STM32_USB_Host_Library/Core/Src/usbh_core.o
 .text.USBH_LL_NotifyURBChange
                0x0000000008008004       0x2e Middlewares/ST/STM32_USB_Host_Library/Core/Src/usbh_core.o
                0x0000000008008004                USBH_LL_NotifyURBChange
 .text.USBH_Get_DevDesc
                0x0000000008008032       0x50 Middlewares/ST/STM32_USB_Host_Library/Core/Src/usbh_ctlreq.o
                0x0000000008008032                USBH_Get_DevDesc
 .text.USBH_Get_CfgDesc
                0x0000000008008082       0x48 Middlewares/ST/STM32_USB_Host_Library/Core/Src/usbh_ctlreq.o
                0x0000000008008082                USBH_Get_CfgDesc
 .text.USBH_Get_StringDesc
                0x00000000080080ca       0x56 Middlewares/ST/STM32_USB_Host_Library/Core/Src/usbh_ctlreq.o
                0x00000000080080ca                USBH_Get_StringDesc
 .text.USBH_GetDescriptor
                0x0000000008008120       0x6a Middlewares/ST/STM32_USB_Host_Library/Core/Src/usbh_ctlreq.o
                0x0000000008008120                USBH_GetDescriptor
 .text.USBH_SetAddress
                0x000000000800818a       0x48 Middlewares/ST/STM32_USB_Host_Library/Core/Src/usbh_ctlreq.o
                0x000000000800818a                USBH_SetAddress
 .text.USBH_SetCfg
                0x00000000080081d2       0x46 Middlewares/ST/STM32_USB_Host_Library/Core/Src/usbh_ctlreq.o
                0x00000000080081d2                USBH_SetCfg
 .text.USBH_SetFeature
                0x0000000008008218       0x48 Middlewares/ST/STM32_USB_Host_Library/Core/Src/usbh_ctlreq.o
                0x0000000008008218                USBH_SetFeature
 .text.USBH_ClrFeature
                0x0000000008008260       0x48 Middlewares/ST/STM32_USB_Host_Library/Core/Src/usbh_ctlreq.o
                0x0000000008008260                USBH_ClrFeature
 .text.USBH_ParseDevDesc
                0x00000000080082a8       0xe0 Middlewares/ST/STM32_USB_Host_Library/Core/Src/usbh_ctlreq.o
 .text.USBH_ParseCfgDesc
                0x0000000008008388      0x144 Middlewares/ST/STM32_USB_Host_Library/Core/Src/usbh_ctlreq.o
 .text.USBH_ParseInterfaceDesc
                0x00000000080084cc       0x5e Middlewares/ST/STM32_USB_Host_Library/Core/Src/usbh_ctlreq.o
 .text.USBH_ParseEPDesc
                0x000000000800852a       0x5a Middlewares/ST/STM32_USB_Host_Library/Core/Src/usbh_ctlreq.o
 .text.USBH_ParseStringDesc
                0x0000000008008584       0x66 Middlewares/ST/STM32_USB_Host_Library/Core/Src/usbh_ctlreq.o
 .text.USBH_GetNextDesc
                0x00000000080085ea       0x36 Middlewares/ST/STM32_USB_Host_Library/Core/Src/usbh_ctlreq.o
                0x00000000080085ea                USBH_GetNextDesc
 .text.USBH_CtlReq
                0x0000000008008620       0xb0 Middlewares/ST/STM32_USB_Host_Library/Core/Src/usbh_ctlreq.o
                0x0000000008008620                USBH_CtlReq
 .text.USBH_HandleControl
                0x00000000080086d0      0x47c Middlewares/ST/STM32_USB_Host_Library/Core/Src/usbh_ctlreq.o
 .text.USBH_CtlSendSetup
                0x0000000008008b4c       0x34 Middlewares/ST/STM32_USB_Host_Library/Core/Src/usbh_ioreq.o
                0x0000000008008b4c                USBH_CtlSendSetup
 .text.USBH_CtlSendData
                0x0000000008008b80       0x4a Middlewares/ST/STM32_USB_Host_Library/Core/Src/usbh_ioreq.o
                0x0000000008008b80                USBH_CtlSendData
 .text.USBH_CtlReceiveData
                0x0000000008008bca       0x3c Middlewares/ST/STM32_USB_Host_Library/Core/Src/usbh_ioreq.o
                0x0000000008008bca                USBH_CtlReceiveData
 .text.USBH_BulkSendData
                0x0000000008008c06       0x4a Middlewares/ST/STM32_USB_Host_Library/Core/Src/usbh_ioreq.o
                0x0000000008008c06                USBH_BulkSendData
 .text.USBH_BulkReceiveData
                0x0000000008008c50       0x3c Middlewares/ST/STM32_USB_Host_Library/Core/Src/usbh_ioreq.o
                0x0000000008008c50                USBH_BulkReceiveData
 .text.USBH_OpenPipe
                0x0000000008008c8c       0x3e Middlewares/ST/STM32_USB_Host_Library/Core/Src/usbh_pipes.o
                0x0000000008008c8c                USBH_OpenPipe
 .text.USBH_ClosePipe
                0x0000000008008cca       0x20 Middlewares/ST/STM32_USB_Host_Library/Core/Src/usbh_pipes.o
                0x0000000008008cca                USBH_ClosePipe
 .text.USBH_AllocPipe
                0x0000000008008cea       0x3c Middlewares/ST/STM32_USB_Host_Library/Core/Src/usbh_pipes.o
                0x0000000008008cea                USBH_AllocPipe
 .text.USBH_FreePipe
                0x0000000008008d26       0x38 Middlewares/ST/STM32_USB_Host_Library/Core/Src/usbh_pipes.o
                0x0000000008008d26                USBH_FreePipe
 .text.USBH_GetFreePipe
                0x0000000008008d5e       0x46 Middlewares/ST/STM32_USB_Host_Library/Core/Src/usbh_pipes.o
 .text.makeFreeRtosPriority
                0x0000000008008da4       0x30 Middlewares/Third_Party/FreeRTOS/Source/CMSIS_RTOS/cmsis_os.o
 .text.inHandlerMode
                0x0000000008008dd4       0x24 Middlewares/Third_Party/FreeRTOS/Source/CMSIS_RTOS/cmsis_os.o
 .text.osKernelStart
                0x0000000008008df8        0xe Middlewares/Third_Party/FreeRTOS/Source/CMSIS_RTOS/cmsis_os.o
                0x0000000008008df8                osKernelStart
 .text.osThreadCreate
                0x0000000008008e06       0x4e Middlewares/Third_Party/FreeRTOS/Source/CMSIS_RTOS/cmsis_os.o
                0x0000000008008e06                osThreadCreate
 .text.osDelay  0x0000000008008e54       0x28 Middlewares/Third_Party/FreeRTOS/Source/CMSIS_RTOS/cmsis_os.o
                0x0000000008008e54                osDelay
 .text.osMutexCreate
                0x0000000008008e7c       0x18 Middlewares/Third_Party/FreeRTOS/Source/CMSIS_RTOS/cmsis_os.o
                0x0000000008008e7c                osMutexCreate
 .text.osMessageCreate
                0x0000000008008e94       0x24 Middlewares/Third_Party/FreeRTOS/Source/CMSIS_RTOS/cmsis_os.o
                0x0000000008008e94                osMessageCreate
 .text.osMessagePut
                0x0000000008008eb8       0x80 Middlewares/Third_Party/FreeRTOS/Source/CMSIS_RTOS/cmsis_os.o
                0x0000000008008eb8                osMessagePut
 .text.osMessageGet
                0x0000000008008f38       0xe8 Middlewares/Third_Party/FreeRTOS/Source/CMSIS_RTOS/cmsis_os.o
                0x0000000008008f38                osMessageGet
 .text.vListInitialise
                0x0000000008009020       0x40 Middlewares/Third_Party/FreeRTOS/Source/list.o
                0x0000000008009020                vListInitialise
 .text.vListInitialiseItem
                0x0000000008009060       0x1a Middlewares/Third_Party/FreeRTOS/Source/list.o
                0x0000000008009060                vListInitialiseItem
 .text.vListInsertEnd
                0x000000000800907a       0x48 Middlewares/Third_Party/FreeRTOS/Source/list.o
                0x000000000800907a                vListInsertEnd
 .text.vListInsert
                0x00000000080090c2       0x72 Middlewares/Third_Party/FreeRTOS/Source/list.o
                0x00000000080090c2                vListInsert
 .text.uxListRemove
                0x0000000008009134       0x54 Middlewares/Third_Party/FreeRTOS/Source/list.o
                0x0000000008009134                uxListRemove
 .text.xQueueGenericReset
                0x0000000008009188       0xd0 Middlewares/Third_Party/FreeRTOS/Source/queue.o
                0x0000000008009188                xQueueGenericReset
 .text.xQueueGenericCreate
                0x0000000008009258       0x72 Middlewares/Third_Party/FreeRTOS/Source/queue.o
                0x0000000008009258                xQueueGenericCreate
 .text.prvInitialiseNewQueue
                0x00000000080092ca       0x3e Middlewares/Third_Party/FreeRTOS/Source/queue.o
 .text.prvInitialiseMutex
                0x0000000008009308       0x34 Middlewares/Third_Party/FreeRTOS/Source/queue.o
 .text.xQueueCreateMutex
                0x000000000800933c       0x30 Middlewares/Third_Party/FreeRTOS/Source/queue.o
                0x000000000800933c                xQueueCreateMutex
 .text.xQueueGenericSend
                0x000000000800936c      0x1f4 Middlewares/Third_Party/FreeRTOS/Source/queue.o
                0x000000000800936c                xQueueGenericSend
 .text.xQueueGenericSendFromISR
                0x0000000008009560      0x128 Middlewares/Third_Party/FreeRTOS/Source/queue.o
                0x0000000008009560                xQueueGenericSendFromISR
 .text.xQueueReceive
                0x0000000008009688      0x1b8 Middlewares/Third_Party/FreeRTOS/Source/queue.o
                0x0000000008009688                xQueueReceive
 .text.xQueueReceiveFromISR
                0x0000000008009840       0xfa Middlewares/Third_Party/FreeRTOS/Source/queue.o
                0x0000000008009840                xQueueReceiveFromISR
 .text.prvCopyDataToQueue
                0x000000000800993a       0xd4 Middlewares/Third_Party/FreeRTOS/Source/queue.o
 .text.prvCopyDataFromQueue
                0x0000000008009a0e       0x4c Middlewares/Third_Party/FreeRTOS/Source/queue.o
 .text.prvUnlockQueue
                0x0000000008009a5a       0xa4 Middlewares/Third_Party/FreeRTOS/Source/queue.o
 .text.prvIsQueueEmpty
                0x0000000008009afe       0x2c Middlewares/Third_Party/FreeRTOS/Source/queue.o
 .text.prvIsQueueFull
                0x0000000008009b2a       0x30 Middlewares/Third_Party/FreeRTOS/Source/queue.o
 .text.xTaskCreate
                0x0000000008009b5a       0x82 Middlewares/Third_Party/FreeRTOS/Source/tasks.o
                0x0000000008009b5a                xTaskCreate
 .text.prvInitialiseNewTask
                0x0000000008009bdc       0xfc Middlewares/Third_Party/FreeRTOS/Source/tasks.o
 .text.prvAddNewTaskToReadyList
                0x0000000008009cd8       0xd4 Middlewares/Third_Party/FreeRTOS/Source/tasks.o
 .text.vTaskDelay
                0x0000000008009dac       0x68 Middlewares/Third_Party/FreeRTOS/Source/tasks.o
                0x0000000008009dac                vTaskDelay
 .text.vTaskStartScheduler
                0x0000000008009e14       0x8c Middlewares/Third_Party/FreeRTOS/Source/tasks.o
                0x0000000008009e14                vTaskStartScheduler
 .text.vTaskSuspendAll
                0x0000000008009ea0       0x1c Middlewares/Third_Party/FreeRTOS/Source/tasks.o
                0x0000000008009ea0                vTaskSuspendAll
 .text.xTaskResumeAll
                0x0000000008009ebc      0x138 Middlewares/Third_Party/FreeRTOS/Source/tasks.o
                0x0000000008009ebc                xTaskResumeAll
 .text.xTaskIncrementTick
                0x0000000008009ff4      0x178 Middlewares/Third_Party/FreeRTOS/Source/tasks.o
                0x0000000008009ff4                xTaskIncrementTick
 .text.vTaskSwitchContext
                0x000000000800a16c       0xb4 Middlewares/Third_Party/FreeRTOS/Source/tasks.o
                0x000000000800a16c                vTaskSwitchContext
 .text.vTaskPlaceOnEventList
                0x000000000800a220       0x48 Middlewares/Third_Party/FreeRTOS/Source/tasks.o
                0x000000000800a220                vTaskPlaceOnEventList
 .text.xTaskRemoveFromEventList
                0x000000000800a268       0xc4 Middlewares/Third_Party/FreeRTOS/Source/tasks.o
                0x000000000800a268                xTaskRemoveFromEventList
 .text.vTaskInternalSetTimeOutState
                0x000000000800a32c       0x2c Middlewares/Third_Party/FreeRTOS/Source/tasks.o
                0x000000000800a32c                vTaskInternalSetTimeOutState
 .text.xTaskCheckForTimeOut
                0x000000000800a358       0xc0 Middlewares/Third_Party/FreeRTOS/Source/tasks.o
                0x000000000800a358                xTaskCheckForTimeOut
 .text.vTaskMissedYield
                0x000000000800a418       0x18 Middlewares/Third_Party/FreeRTOS/Source/tasks.o
                0x000000000800a418                vTaskMissedYield
 .text.prvIdleTask
                0x000000000800a430       0x30 Middlewares/Third_Party/FreeRTOS/Source/tasks.o
 .text.prvInitialiseTaskLists
                0x000000000800a460       0x80 Middlewares/Third_Party/FreeRTOS/Source/tasks.o
 .text.prvCheckTasksWaitingTermination
                0x000000000800a4e0       0x58 Middlewares/Third_Party/FreeRTOS/Source/tasks.o
 .text.prvDeleteTCB
                0x000000000800a538       0x20 Middlewares/Third_Party/FreeRTOS/Source/tasks.o
 .text.prvResetNextTaskUnblockTime
                0x000000000800a558       0x4c Middlewares/Third_Party/FreeRTOS/Source/tasks.o
 .text.xTaskGetSchedulerState
                0x000000000800a5a4       0x3c Middlewares/Third_Party/FreeRTOS/Source/tasks.o
                0x000000000800a5a4                xTaskGetSchedulerState
 .text.xTaskPriorityDisinherit
                0x000000000800a5e0      0x108 Middlewares/Third_Party/FreeRTOS/Source/tasks.o
                0x000000000800a5e0                xTaskPriorityDisinherit
 .text.prvAddCurrentTaskToDelayedList
                0x000000000800a6e8       0xcc Middlewares/Third_Party/FreeRTOS/Source/tasks.o
 .text.pxPortInitialiseStack
                0x000000000800a7b4       0x68 Middlewares/Third_Party/FreeRTOS/Source/portable/GCC/ARM_CM4F/port.o
                0x000000000800a7b4                pxPortInitialiseStack
 .text.prvTaskExitError
                0x000000000800a81c       0x54 Middlewares/Third_Party/FreeRTOS/Source/portable/GCC/ARM_CM4F/port.o
 .text.SVC_Handler
                0x000000000800a870       0x28 Middlewares/Third_Party/FreeRTOS/Source/portable/GCC/ARM_CM4F/port.o
                0x000000000800a870                SVC_Handler
 .text.prvPortStartFirstTask
                0x000000000800a898       0x28 Middlewares/Third_Party/FreeRTOS/Source/portable/GCC/ARM_CM4F/port.o
 .text.xPortStartScheduler
                0x000000000800a8c0      0x13c Middlewares/Third_Party/FreeRTOS/Source/portable/GCC/ARM_CM4F/port.o
                0x000000000800a8c0                xPortStartScheduler
 .text.vPortEnterCritical
                0x000000000800a9fc       0x5c Middlewares/Third_Party/FreeRTOS/Source/portable/GCC/ARM_CM4F/port.o
                0x000000000800a9fc                vPortEnterCritical
 .text.vPortExitCritical
                0x000000000800aa58       0x50 Middlewares/Third_Party/FreeRTOS/Source/portable/GCC/ARM_CM4F/port.o
                0x000000000800aa58                vPortExitCritical
 *fill*         0x000000000800aaa8        0x8 
 .text.PendSV_Handler
                0x000000000800aab0       0x68 Middlewares/Third_Party/FreeRTOS/Source/portable/GCC/ARM_CM4F/port.o
                0x000000000800aab0                PendSV_Handler
 .text.SysTick_Handler
                0x000000000800ab18       0x40 Middlewares/Third_Party/FreeRTOS/Source/portable/GCC/ARM_CM4F/port.o
                0x000000000800ab18                SysTick_Handler
 .text.vPortSetupTimerInterrupt
                0x000000000800ab58       0x48 Middlewares/Third_Party/FreeRTOS/Source/portable/GCC/ARM_CM4F/port.o
                0x000000000800ab58                vPortSetupTimerInterrupt
 .text.vPortEnableVFP
                0x000000000800aba0       0x14 Middlewares/Third_Party/FreeRTOS/Source/portable/GCC/ARM_CM4F/port.o
 .text.vPortValidateInterruptPriority
                0x000000000800abb4       0x7c Middlewares/Third_Party/FreeRTOS/Source/portable/GCC/ARM_CM4F/port.o
                0x000000000800abb4                vPortValidateInterruptPriority
 .text.pvPortMalloc
                0x000000000800ac30      0x184 Middlewares/Third_Party/FreeRTOS/Source/portable/MemMang/heap_4.o
                0x000000000800ac30                pvPortMalloc
 .text.vPortFree
                0x000000000800adb4       0xb0 Middlewares/Third_Party/FreeRTOS/Source/portable/MemMang/heap_4.o
                0x000000000800adb4                vPortFree
 .text.prvHeapInit
                0x000000000800ae64       0xc4 Middlewares/Third_Party/FreeRTOS/Source/portable/MemMang/heap_4.o
 .text.prvInsertBlockIntoFreeList
                0x000000000800af28       0xb4 Middlewares/Third_Party/FreeRTOS/Source/portable/MemMang/heap_4.o
 .text.MX_FREERTOS_Init
                0x000000000800afdc       0x4c Src/freertos.o
                0x000000000800afdc                MX_FREERTOS_Init
 .text.Thread1  0x000000000800b028       0x16 Src/freertos.o
                0x000000000800b028                Thread1
 *fill*         0x000000000800b03e        0x2 
 .text.MX_GPIO_Init
                0x000000000800b040      0x29c Src/gpio.o
                0x000000000800b040                MX_GPIO_Init
 .text.MX_I2C1_Init
                0x000000000800b2dc       0x80 Src/i2c.o
                0x000000000800b2dc                MX_I2C1_Init
 .text.MX_I2C2_Init
                0x000000000800b35c       0x80 Src/i2c.o
                0x000000000800b35c                MX_I2C2_Init
 .text.HAL_I2C_MspInit
                0x000000000800b3dc       0xe8 Src/i2c.o
                0x000000000800b3dc                HAL_I2C_MspInit
 .text.MX_LCD_Init
                0x000000000800b4c4       0x70 Src/lcd.o
                0x000000000800b4c4                MX_LCD_Init
 .text.HAL_LCD_MspInit
                0x000000000800b534      0x144 Src/lcd.o
                0x000000000800b534                HAL_LCD_MspInit
 .text.main     0x000000000800b678       0x36 Src/main.o
                0x000000000800b678                main
 *fill*         0x000000000800b6ae        0x2 
 .text.SystemClock_Config
                0x000000000800b6b0      0x12c Src/main.o
                0x000000000800b6b0                SystemClock_Config
 .text.HAL_TIM_PeriodElapsedCallback
                0x000000000800b7dc       0x24 Src/main.o
                0x000000000800b7dc                HAL_TIM_PeriodElapsedCallback
 .text.Error_Handler
                0x000000000800b800        0xe Src/main.o
                0x000000000800b800                Error_Handler
 *fill*         0x000000000800b80e        0x2 
 .text.MX_QUADSPI_Init
                0x000000000800b810       0x4c Src/quadspi.o
                0x000000000800b810                MX_QUADSPI_Init
 .text.HAL_QSPI_MspInit
                0x000000000800b85c       0x88 Src/quadspi.o
                0x000000000800b85c                HAL_QSPI_MspInit
 .text.crc16    0x000000000800b8e4       0x78 Src/roboclaw.o
                0x000000000800b8e4                crc16
 .text.in_range
                0x000000000800b95c       0x38 Src/roboclaw.o
                0x000000000800b95c                in_range
 .text.motorForward
                0x000000000800b994       0x78 Src/roboclaw.o
                0x000000000800b994                motorForward
 .text.motorBackward
                0x000000000800ba0c       0x78 Src/roboclaw.o
                0x000000000800ba0c                motorBackward
 .text.motorMove
                0x000000000800ba84       0x60 Src/roboclaw.o
                0x000000000800ba84                motorMove
 .text.allMotorsMove
                0x000000000800bae4       0x5e Src/roboclaw.o
                0x000000000800bae4                allMotorsMove
 *fill*         0x000000000800bb42        0x2 
 .text.MX_SAI1_Init
                0x000000000800bb44      0x150 Src/sai.o
                0x000000000800bb44                MX_SAI1_Init
 .text.HAL_SAI_MspInit
                0x000000000800bc94       0xf0 Src/sai.o
                0x000000000800bc94                HAL_SAI_MspInit
 .text.MX_SPI2_Init
                0x000000000800bd84       0x7c Src/spi.o
                0x000000000800bd84                MX_SPI2_Init
 .text.HAL_SPI_MspInit
                0x000000000800be00       0x88 Src/spi.o
                0x000000000800be00                HAL_SPI_MspInit
 .text.HAL_MspInit
                0x000000000800be88       0x50 Src/stm32l4xx_hal_msp.o
                0x000000000800be88                HAL_MspInit
 .text.HAL_InitTick
                0x000000000800bed8       0xac Src/stm32l4xx_hal_timebase_tim.o
                0x000000000800bed8                HAL_InitTick
 .text.NMI_Handler
                0x000000000800bf84        0xe Src/stm32l4xx_it.o
                0x000000000800bf84                NMI_Handler
 .text.HardFault_Handler
                0x000000000800bf92        0x6 Src/stm32l4xx_it.o
                0x000000000800bf92                HardFault_Handler
 .text.MemManage_Handler
                0x000000000800bf98        0x6 Src/stm32l4xx_it.o
                0x000000000800bf98                MemManage_Handler
 .text.BusFault_Handler
                0x000000000800bf9e        0x6 Src/stm32l4xx_it.o
                0x000000000800bf9e                BusFault_Handler
 .text.UsageFault_Handler
                0x000000000800bfa4        0x6 Src/stm32l4xx_it.o
                0x000000000800bfa4                UsageFault_Handler
 .text.DebugMon_Handler
                0x000000000800bfaa        0xe Src/stm32l4xx_it.o
                0x000000000800bfaa                DebugMon_Handler
 .text.EXTI0_IRQHandler
                0x000000000800bfb8        0xe Src/stm32l4xx_it.o
                0x000000000800bfb8                EXTI0_IRQHandler
 .text.EXTI1_IRQHandler
                0x000000000800bfc6        0xe Src/stm32l4xx_it.o
                0x000000000800bfc6                EXTI1_IRQHandler
 .text.TIM1_UP_TIM16_IRQHandler
                0x000000000800bfd4       0x14 Src/stm32l4xx_it.o
                0x000000000800bfd4                TIM1_UP_TIM16_IRQHandler
 .text.USART2_IRQHandler
                0x000000000800bfe8       0x14 Src/stm32l4xx_it.o
                0x000000000800bfe8                USART2_IRQHandler
 .text.OTG_FS_IRQHandler
                0x000000000800bffc       0x14 Src/stm32l4xx_it.o
                0x000000000800bffc                OTG_FS_IRQHandler
 .text.HAL_GPIO_EXTI_Callback
                0x000000000800c010       0x54 Src/stm32l4xx_it.o
                0x000000000800c010                HAL_GPIO_EXTI_Callback
 .text._sbrk    0x000000000800c064       0x58 Src/sysmem.o
                0x000000000800c064                _sbrk
 .text.SystemInit
                0x000000000800c0bc       0x6c Src/system_stm32l4xx.o
                0x000000000800c0bc                SystemInit
 .text.MX_USART2_UART_Init
                0x000000000800c128       0x60 Src/usart.o
                0x000000000800c128                MX_USART2_UART_Init
 .text.HAL_UART_MspInit
                0x000000000800c188       0x94 Src/usart.o
                0x000000000800c188                HAL_UART_MspInit
 .text.MX_USB_HOST_Init
                0x000000000800c21c       0x4c Src/usb_host.o
                0x000000000800c21c                MX_USB_HOST_Init
 .text.USBH_UserProcess
                0x000000000800c268       0x5c Src/usb_host.o
 .text.HAL_HCD_MspInit
                0x000000000800c2c4       0xcc Src/usbh_conf.o
                0x000000000800c2c4                HAL_HCD_MspInit
 .text.HAL_HCD_SOF_Callback
                0x000000000800c390       0x1c Src/usbh_conf.o
                0x000000000800c390                HAL_HCD_SOF_Callback
 .text.HAL_HCD_Connect_Callback
                0x000000000800c3ac       0x1c Src/usbh_conf.o
                0x000000000800c3ac                HAL_HCD_Connect_Callback
 .text.HAL_HCD_Disconnect_Callback
                0x000000000800c3c8       0x1c Src/usbh_conf.o
                0x000000000800c3c8                HAL_HCD_Disconnect_Callback
 .text.HAL_HCD_HC_NotifyURBChange_Callback
                0x000000000800c3e4       0x24 Src/usbh_conf.o
                0x000000000800c3e4                HAL_HCD_HC_NotifyURBChange_Callback
 .text.HAL_HCD_PortEnabled_Callback
                0x000000000800c408       0x1c Src/usbh_conf.o
                0x000000000800c408                HAL_HCD_PortEnabled_Callback
 .text.HAL_HCD_PortDisabled_Callback
                0x000000000800c424       0x1c Src/usbh_conf.o
                0x000000000800c424                HAL_HCD_PortDisabled_Callback
 .text.USBH_LL_Init
                0x000000000800c440       0x78 Src/usbh_conf.o
                0x000000000800c440                USBH_LL_Init
 .text.USBH_LL_Start
                0x000000000800c4b8       0x36 Src/usbh_conf.o
                0x000000000800c4b8                USBH_LL_Start
 .text.USBH_LL_Stop
                0x000000000800c4ee       0x36 Src/usbh_conf.o
                0x000000000800c4ee                USBH_LL_Stop
 .text.USBH_LL_GetSpeed
                0x000000000800c524       0x4a Src/usbh_conf.o
                0x000000000800c524                USBH_LL_GetSpeed
 .text.USBH_LL_ResetPort
                0x000000000800c56e       0x36 Src/usbh_conf.o
                0x000000000800c56e                USBH_LL_ResetPort
 .text.USBH_LL_GetLastXferSize
                0x000000000800c5a4       0x26 Src/usbh_conf.o
                0x000000000800c5a4                USBH_LL_GetLastXferSize
 .text.USBH_LL_OpenPipe
                0x000000000800c5ca       0x5e Src/usbh_conf.o
                0x000000000800c5ca                USBH_LL_OpenPipe
 .text.USBH_LL_ClosePipe
                0x000000000800c628       0x3e Src/usbh_conf.o
                0x000000000800c628                USBH_LL_ClosePipe
 .text.USBH_LL_SubmitURB
                0x000000000800c666       0x62 Src/usbh_conf.o
                0x000000000800c666                USBH_LL_SubmitURB
 .text.USBH_LL_GetURBState
                0x000000000800c6c8       0x26 Src/usbh_conf.o
                0x000000000800c6c8                USBH_LL_GetURBState
 .text.USBH_LL_DriverVBUS
                0x000000000800c6ee       0x2e Src/usbh_conf.o
                0x000000000800c6ee                USBH_LL_DriverVBUS
 .text.USBH_LL_SetToggle
                0x000000000800c71c       0x66 Src/usbh_conf.o
                0x000000000800c71c                USBH_LL_SetToggle
 .text.USBH_Delay
                0x000000000800c782       0x16 Src/usbh_conf.o
                0x000000000800c782                USBH_Delay
 .text.USBH_Get_USB_Status
                0x000000000800c798       0x58 Src/usbh_conf.o
                0x000000000800c798                USBH_Get_USB_Status
 .text.MX_DriverVbusFS
                0x000000000800c7f0       0x38 Src/usbh_platform.o
                0x000000000800c7f0                MX_DriverVbusFS
 .text.Reset_Handler
                0x000000000800c828       0x50 Startup/startup_stm32l476vgtx.o
                0x000000000800c828                Reset_Handler
 .text.Default_Handler
                0x000000000800c878        0x2 Startup/startup_stm32l476vgtx.o
                0x000000000800c878                RTC_Alarm_IRQHandler
                0x000000000800c878                EXTI2_IRQHandler
                0x000000000800c878                TIM8_TRG_COM_IRQHandler
                0x000000000800c878                TIM8_CC_IRQHandler
                0x000000000800c878                TIM1_CC_IRQHandler
                0x000000000800c878                TSC_IRQHandler
                0x000000000800c878                TAMP_STAMP_IRQHandler
                0x000000000800c878                EXTI3_IRQHandler
                0x000000000800c878                LPTIM2_IRQHandler
                0x000000000800c878                DFSDM1_FLT1_IRQHandler
                0x000000000800c878                I2C3_ER_IRQHandler
                0x000000000800c878                DFSDM1_FLT2_IRQHandler
                0x000000000800c878                I2C2_EV_IRQHandler
                0x000000000800c878                CAN1_RX0_IRQHandler
                0x000000000800c878                FPU_IRQHandler
                0x000000000800c878                ADC1_2_IRQHandler
                0x000000000800c878                SPI1_IRQHandler
                0x000000000800c878                TIM6_DAC_IRQHandler
                0x000000000800c878                TIM8_UP_IRQHandler
                0x000000000800c878                DMA2_Channel2_IRQHandler
                0x000000000800c878                DMA1_Channel4_IRQHandler
                0x000000000800c878                SAI2_IRQHandler
                0x000000000800c878                DFSDM1_FLT3_IRQHandler
                0x000000000800c878                USART3_IRQHandler
                0x000000000800c878                DMA1_Channel7_IRQHandler
                0x000000000800c878                CAN1_RX1_IRQHandler
                0x000000000800c878                LCD_IRQHandler
                0x000000000800c878                UART5_IRQHandler
                0x000000000800c878                ADC3_IRQHandler
                0x000000000800c878                TIM4_IRQHandler
                0x000000000800c878                DMA2_Channel1_IRQHandler
                0x000000000800c878                QUADSPI_IRQHandler
                0x000000000800c878                I2C1_EV_IRQHandler
                0x000000000800c878                DMA1_Channel6_IRQHandler
                0x000000000800c878                UART4_IRQHandler
                0x000000000800c878                DMA2_Channel4_IRQHandler
                0x000000000800c878                TIM3_IRQHandler
                0x000000000800c878                RCC_IRQHandler
                0x000000000800c878                DMA1_Channel1_IRQHandler
                0x000000000800c878                Default_Handler
                0x000000000800c878                DMA2_Channel7_IRQHandler
                0x000000000800c878                EXTI15_10_IRQHandler
                0x000000000800c878                TIM7_IRQHandler
                0x000000000800c878                SDMMC1_IRQHandler
                0x000000000800c878                TIM5_IRQHandler
                0x000000000800c878                I2C3_EV_IRQHandler
                0x000000000800c878                EXTI9_5_IRQHandler
                0x000000000800c878                RTC_WKUP_IRQHandler
                0x000000000800c878                PVD_PVM_IRQHandler
                0x000000000800c878                SPI2_IRQHandler
                0x000000000800c878                CAN1_TX_IRQHandler
                0x000000000800c878                DMA2_Channel5_IRQHandler
                0x000000000800c878                DMA1_Channel5_IRQHandler
                0x000000000800c878                EXTI4_IRQHandler
                0x000000000800c878                RNG_IRQHandler
                0x000000000800c878                TIM1_TRG_COM_TIM17_IRQHandler
                0x000000000800c878                DMA1_Channel3_IRQHandler
                0x000000000800c878                COMP_IRQHandler
                0x000000000800c878                WWDG_IRQHandler
                0x000000000800c878                LPUART1_IRQHandler
                0x000000000800c878                DMA2_Channel6_IRQHandler
                0x000000000800c878                TIM2_IRQHandler
                0x000000000800c878                DFSDM1_FLT0_IRQHandler
                0x000000000800c878                I2C2_ER_IRQHandler
                0x000000000800c878                DMA1_Channel2_IRQHandler
                0x000000000800c878                TIM8_BRK_IRQHandler
                0x000000000800c878                CAN1_SCE_IRQHandler
                0x000000000800c878                FLASH_IRQHandler
                0x000000000800c878                USART1_IRQHandler
                0x000000000800c878                SPI3_IRQHandler
                0x000000000800c878                I2C1_ER_IRQHandler
                0x000000000800c878                FMC_IRQHandler
                0x000000000800c878                SWPMI1_IRQHandler
                0x000000000800c878                LPTIM1_IRQHandler
                0x000000000800c878                SAI1_IRQHandler
                0x000000000800c878                DMA2_Channel3_IRQHandler
                0x000000000800c878                TIM1_BRK_TIM15_IRQHandler
 *fill*         0x000000000800c87a        0x2 
 .text.__errno  0x000000000800c87c        0xc c:/st/stm32cubeide_1.0.1/stm32cubeide/plugins/com.st.stm32cube.ide.mcu.externaltools.gnu-tools-for-stm32.7-2018-q2-update.win32_1.0.0.201904181610/tools/bin/../lib/gcc/arm-none-eabi/7.3.1/../../../../arm-none-eabi/lib/thumb/v7e-m/fpv4-sp/hard\libc_nano.a(lib_a-errno.o)
                0x000000000800c87c                __errno
 .text.__libc_init_array
                0x000000000800c888       0x48 c:/st/stm32cubeide_1.0.1/stm32cubeide/plugins/com.st.stm32cube.ide.mcu.externaltools.gnu-tools-for-stm32.7-2018-q2-update.win32_1.0.0.201904181610/tools/bin/../lib/gcc/arm-none-eabi/7.3.1/../../../../arm-none-eabi/lib/thumb/v7e-m/fpv4-sp/hard\libc_nano.a(lib_a-init.o)
                0x000000000800c888                __libc_init_array
 .text.malloc   0x000000000800c8d0       0x10 c:/st/stm32cubeide_1.0.1/stm32cubeide/plugins/com.st.stm32cube.ide.mcu.externaltools.gnu-tools-for-stm32.7-2018-q2-update.win32_1.0.0.201904181610/tools/bin/../lib/gcc/arm-none-eabi/7.3.1/../../../../arm-none-eabi/lib/thumb/v7e-m/fpv4-sp/hard\libc_nano.a(lib_a-malloc.o)
                0x000000000800c8d0                malloc
 .text.free     0x000000000800c8e0       0x10 c:/st/stm32cubeide_1.0.1/stm32cubeide/plugins/com.st.stm32cube.ide.mcu.externaltools.gnu-tools-for-stm32.7-2018-q2-update.win32_1.0.0.201904181610/tools/bin/../lib/gcc/arm-none-eabi/7.3.1/../../../../arm-none-eabi/lib/thumb/v7e-m/fpv4-sp/hard\libc_nano.a(lib_a-malloc.o)
                0x000000000800c8e0                free
 .text.memcpy   0x000000000800c8f0       0x16 c:/st/stm32cubeide_1.0.1/stm32cubeide/plugins/com.st.stm32cube.ide.mcu.externaltools.gnu-tools-for-stm32.7-2018-q2-update.win32_1.0.0.201904181610/tools/bin/../lib/gcc/arm-none-eabi/7.3.1/../../../../arm-none-eabi/lib/thumb/v7e-m/fpv4-sp/hard\libc_nano.a(lib_a-memcpy-stub.o)
                0x000000000800c8f0                memcpy
 .text.memset   0x000000000800c906       0x10 c:/st/stm32cubeide_1.0.1/stm32cubeide/plugins/com.st.stm32cube.ide.mcu.externaltools.gnu-tools-for-stm32.7-2018-q2-update.win32_1.0.0.201904181610/tools/bin/../lib/gcc/arm-none-eabi/7.3.1/../../../../arm-none-eabi/lib/thumb/v7e-m/fpv4-sp/hard\libc_nano.a(lib_a-memset.o)
                0x000000000800c906                memset
 *fill*         0x000000000800c916        0x2 
 .text._free_r  0x000000000800c918       0x9c c:/st/stm32cubeide_1.0.1/stm32cubeide/plugins/com.st.stm32cube.ide.mcu.externaltools.gnu-tools-for-stm32.7-2018-q2-update.win32_1.0.0.201904181610/tools/bin/../lib/gcc/arm-none-eabi/7.3.1/../../../../arm-none-eabi/lib/thumb/v7e-m/fpv4-sp/hard\libc_nano.a(lib_a-nano-freer.o)
                0x000000000800c918                _free_r
 .text._malloc_r
                0x000000000800c9b4       0xb4 c:/st/stm32cubeide_1.0.1/stm32cubeide/plugins/com.st.stm32cube.ide.mcu.externaltools.gnu-tools-for-stm32.7-2018-q2-update.win32_1.0.0.201904181610/tools/bin/../lib/gcc/arm-none-eabi/7.3.1/../../../../arm-none-eabi/lib/thumb/v7e-m/fpv4-sp/hard\libc_nano.a(lib_a-nano-mallocr.o)
                0x000000000800c9b4                _malloc_r
 .text._sbrk_r  0x000000000800ca68       0x20 c:/st/stm32cubeide_1.0.1/stm32cubeide/plugins/com.st.stm32cube.ide.mcu.externaltools.gnu-tools-for-stm32.7-2018-q2-update.win32_1.0.0.201904181610/tools/bin/../lib/gcc/arm-none-eabi/7.3.1/../../../../arm-none-eabi/lib/thumb/v7e-m/fpv4-sp/hard\libc_nano.a(lib_a-sbrkr.o)
                0x000000000800ca68                _sbrk_r
 .text.__malloc_lock
                0x000000000800ca88        0x2 c:/st/stm32cubeide_1.0.1/stm32cubeide/plugins/com.st.stm32cube.ide.mcu.externaltools.gnu-tools-for-stm32.7-2018-q2-update.win32_1.0.0.201904181610/tools/bin/../lib/gcc/arm-none-eabi/7.3.1/../../../../arm-none-eabi/lib/thumb/v7e-m/fpv4-sp/hard\libc_nano.a(lib_a-mlock.o)
                0x000000000800ca88                __malloc_lock
 .text.__malloc_unlock
                0x000000000800ca8a        0x2 c:/st/stm32cubeide_1.0.1/stm32cubeide/plugins/com.st.stm32cube.ide.mcu.externaltools.gnu-tools-for-stm32.7-2018-q2-update.win32_1.0.0.201904181610/tools/bin/../lib/gcc/arm-none-eabi/7.3.1/../../../../arm-none-eabi/lib/thumb/v7e-m/fpv4-sp/hard\libc_nano.a(lib_a-mlock.o)
                0x000000000800ca8a                __malloc_unlock
 *(.glue_7)
 .glue_7        0x000000000800ca8c        0x0 linker stubs
 *(.glue_7t)
 .glue_7t       0x000000000800ca8c        0x0 linker stubs
 *(.eh_frame)
 .eh_frame      0x000000000800ca8c        0x0 c:/st/stm32cubeide_1.0.1/stm32cubeide/plugins/com.st.stm32cube.ide.mcu.externaltools.gnu-tools-for-stm32.7-2018-q2-update.win32_1.0.0.201904181610/tools/bin/../lib/gcc/arm-none-eabi/7.3.1/thumb/v7e-m/fpv4-sp/hard/crtbegin.o
 *(.init)
 .init          0x000000000800ca8c        0x4 c:/st/stm32cubeide_1.0.1/stm32cubeide/plugins/com.st.stm32cube.ide.mcu.externaltools.gnu-tools-for-stm32.7-2018-q2-update.win32_1.0.0.201904181610/tools/bin/../lib/gcc/arm-none-eabi/7.3.1/thumb/v7e-m/fpv4-sp/hard/crti.o
                0x000000000800ca8c                _init
 .init          0x000000000800ca90        0x8 c:/st/stm32cubeide_1.0.1/stm32cubeide/plugins/com.st.stm32cube.ide.mcu.externaltools.gnu-tools-for-stm32.7-2018-q2-update.win32_1.0.0.201904181610/tools/bin/../lib/gcc/arm-none-eabi/7.3.1/thumb/v7e-m/fpv4-sp/hard/crtn.o
 *(.fini)
 .fini          0x000000000800ca98        0x4 c:/st/stm32cubeide_1.0.1/stm32cubeide/plugins/com.st.stm32cube.ide.mcu.externaltools.gnu-tools-for-stm32.7-2018-q2-update.win32_1.0.0.201904181610/tools/bin/../lib/gcc/arm-none-eabi/7.3.1/thumb/v7e-m/fpv4-sp/hard/crti.o
                0x000000000800ca98                _fini
 .fini          0x000000000800ca9c        0x8 c:/st/stm32cubeide_1.0.1/stm32cubeide/plugins/com.st.stm32cube.ide.mcu.externaltools.gnu-tools-for-stm32.7-2018-q2-update.win32_1.0.0.201904181610/tools/bin/../lib/gcc/arm-none-eabi/7.3.1/thumb/v7e-m/fpv4-sp/hard/crtn.o
                0x000000000800caa4                . = ALIGN (0x4)
                0x000000000800caa4                _etext = .

.vfp11_veneer   0x000000000800caa4        0x0
 .vfp11_veneer  0x000000000800caa4        0x0 linker stubs

.v4_bx          0x000000000800caa4        0x0
 .v4_bx         0x000000000800caa4        0x0 linker stubs

.iplt           0x000000000800caa4        0x0
 .iplt          0x000000000800caa4        0x0 c:/st/stm32cubeide_1.0.1/stm32cubeide/plugins/com.st.stm32cube.ide.mcu.externaltools.gnu-tools-for-stm32.7-2018-q2-update.win32_1.0.0.201904181610/tools/bin/../lib/gcc/arm-none-eabi/7.3.1/thumb/v7e-m/fpv4-sp/hard/crtbegin.o

.rodata         0x000000000800caa4       0x98
                0x000000000800caa4                . = ALIGN (0x4)
 *(.rodata)
 .rodata        0x000000000800caa4        0x4 Middlewares/ST/STM32_USB_Host_Library/Class/CDC/Src/usbh_cdc.o
 .rodata        0x000000000800caa8       0x28 Middlewares/ST/STM32_USB_Host_Library/Core/Src/usbh_core.o
 .rodata        0x000000000800cad0        0x5 Middlewares/Third_Party/FreeRTOS/Source/tasks.o
 *fill*         0x000000000800cad5        0x3 
 .rodata        0x000000000800cad8       0x1c Src/freertos.o
 *(.rodata*)
 .rodata.AHBPrescTable
                0x000000000800caf4       0x10 Src/system_stm32l4xx.o
                0x000000000800caf4                AHBPrescTable
 .rodata.APBPrescTable
                0x000000000800cb04        0x8 Src/system_stm32l4xx.o
                0x000000000800cb04                APBPrescTable
 .rodata.MSIRangeTable
                0x000000000800cb0c       0x30 Src/system_stm32l4xx.o
                0x000000000800cb0c                MSIRangeTable
                0x000000000800cb3c                . = ALIGN (0x4)

.ARM.extab      0x000000000800cb3c        0x0
                0x000000000800cb3c                . = ALIGN (0x4)
 *(.ARM.extab* .gnu.linkonce.armextab.*)
                0x000000000800cb3c                . = ALIGN (0x4)

.ARM            0x000000000800cb3c        0x8
                0x000000000800cb3c                . = ALIGN (0x4)
                0x000000000800cb3c                __exidx_start = .
 *(.ARM.exidx*)
 .ARM.exidx     0x000000000800cb3c        0x8 c:/st/stm32cubeide_1.0.1/stm32cubeide/plugins/com.st.stm32cube.ide.mcu.externaltools.gnu-tools-for-stm32.7-2018-q2-update.win32_1.0.0.201904181610/tools/bin/../lib/gcc/arm-none-eabi/7.3.1/thumb/v7e-m/fpv4-sp/hard\libgcc.a(_udivmoddi4.o)
                0x000000000800cb44                __exidx_end = .
                0x000000000800cb44                . = ALIGN (0x4)

.rel.dyn        0x000000000800cb44        0x0
 .rel.iplt      0x000000000800cb44        0x0 c:/st/stm32cubeide_1.0.1/stm32cubeide/plugins/com.st.stm32cube.ide.mcu.externaltools.gnu-tools-for-stm32.7-2018-q2-update.win32_1.0.0.201904181610/tools/bin/../lib/gcc/arm-none-eabi/7.3.1/thumb/v7e-m/fpv4-sp/hard/crtbegin.o

.preinit_array  0x000000000800cb44        0x0
                0x000000000800cb44                . = ALIGN (0x4)
                0x000000000800cb44                PROVIDE (__preinit_array_start = .)
 *(.preinit_array*)
                0x000000000800cb44                PROVIDE (__preinit_array_end = .)
                0x000000000800cb44                . = ALIGN (0x4)

.init_array     0x000000000800cb44        0x4
                0x000000000800cb44                . = ALIGN (0x4)
                0x000000000800cb44                PROVIDE (__init_array_start = .)
 *(SORT_BY_NAME(.init_array.*))
 *(.init_array*)
 .init_array    0x000000000800cb44        0x4 c:/st/stm32cubeide_1.0.1/stm32cubeide/plugins/com.st.stm32cube.ide.mcu.externaltools.gnu-tools-for-stm32.7-2018-q2-update.win32_1.0.0.201904181610/tools/bin/../lib/gcc/arm-none-eabi/7.3.1/thumb/v7e-m/fpv4-sp/hard/crtbegin.o
                0x000000000800cb48                PROVIDE (__init_array_end = .)
                0x000000000800cb48                . = ALIGN (0x4)

.fini_array     0x000000000800cb48        0x4
                0x000000000800cb48                . = ALIGN (0x4)
                [!provide]                        PROVIDE (__fini_array_start = .)
 *(SORT_BY_NAME(.fini_array.*))
 *(.fini_array*)
 .fini_array    0x000000000800cb48        0x4 c:/st/stm32cubeide_1.0.1/stm32cubeide/plugins/com.st.stm32cube.ide.mcu.externaltools.gnu-tools-for-stm32.7-2018-q2-update.win32_1.0.0.201904181610/tools/bin/../lib/gcc/arm-none-eabi/7.3.1/thumb/v7e-m/fpv4-sp/hard/crtbegin.o
                [!provide]                        PROVIDE (__fini_array_end = .)
                0x000000000800cb4c                . = ALIGN (0x4)
                0x000000000800cb4c                _sidata = LOADADDR (.data)

.data           0x0000000020000000       0xa0 load address 0x000000000800cb4c
                0x0000000020000000                . = ALIGN (0x4)
                0x0000000020000000                _sdata = .
 *(.data)
 *(.data*)
 .data.uwTickPrio
                0x0000000020000000        0x4 Drivers/STM32L4xx_HAL_Driver/Src/stm32l4xx_hal.o
                0x0000000020000000                uwTickPrio
 .data.uwTickFreq
                0x0000000020000004        0x4 Drivers/STM32L4xx_HAL_Driver/Src/stm32l4xx_hal.o
                0x0000000020000004                uwTickFreq
 .data.CDC_Class
                0x0000000020000008       0x20 Middlewares/ST/STM32_USB_Host_Library/Class/CDC/Src/usbh_cdc.o
                0x0000000020000008                CDC_Class
 .data.uxCriticalNesting
                0x0000000020000028        0x4 Middlewares/Third_Party/FreeRTOS/Source/portable/GCC/ARM_CM4F/port.o
 .data.speedddd
                0x000000002000002c        0xc Src/stm32l4xx_it.o
                0x000000002000002c                speedddd
 .data.SystemCoreClock
                0x0000000020000038        0x4 Src/system_stm32l4xx.o
                0x0000000020000038                SystemCoreClock
 .data._impure_ptr
                0x000000002000003c        0x4 c:/st/stm32cubeide_1.0.1/stm32cubeide/plugins/com.st.stm32cube.ide.mcu.externaltools.gnu-tools-for-stm32.7-2018-q2-update.win32_1.0.0.201904181610/tools/bin/../lib/gcc/arm-none-eabi/7.3.1/../../../../arm-none-eabi/lib/thumb/v7e-m/fpv4-sp/hard\libc_nano.a(lib_a-impure.o)
                0x000000002000003c                _impure_ptr
 .data.impure_data
                0x0000000020000040       0x60 c:/st/stm32cubeide_1.0.1/stm32cubeide/plugins/com.st.stm32cube.ide.mcu.externaltools.gnu-tools-for-stm32.7-2018-q2-update.win32_1.0.0.201904181610/tools/bin/../lib/gcc/arm-none-eabi/7.3.1/../../../../arm-none-eabi/lib/thumb/v7e-m/fpv4-sp/hard\libc_nano.a(lib_a-impure.o)
                0x00000000200000a0                . = ALIGN (0x4)
                0x00000000200000a0                _edata = .

.igot.plt       0x00000000200000a0        0x0 load address 0x000000000800cbec
 .igot.plt      0x00000000200000a0        0x0 c:/st/stm32cubeide_1.0.1/stm32cubeide/plugins/com.st.stm32cube.ide.mcu.externaltools.gnu-tools-for-stm32.7-2018-q2-update.win32_1.0.0.201904181610/tools/bin/../lib/gcc/arm-none-eabi/7.3.1/thumb/v7e-m/fpv4-sp/hard/crtbegin.o
                0x00000000200000a0                . = ALIGN (0x4)

.bss            0x00000000200000a0     0x1738 load address 0x000000000800cbec
                0x00000000200000a0                _sbss = .
                0x00000000200000a0                __bss_start__ = _sbss
 *(.bss)
 .bss           0x00000000200000a0       0x1c c:/st/stm32cubeide_1.0.1/stm32cubeide/plugins/com.st.stm32cube.ide.mcu.externaltools.gnu-tools-for-stm32.7-2018-q2-update.win32_1.0.0.201904181610/tools/bin/../lib/gcc/arm-none-eabi/7.3.1/thumb/v7e-m/fpv4-sp/hard/crtbegin.o
 *(.bss*)
 .bss.tmpreg.9630
                0x00000000200000bc        0x4 Drivers/STM32L4xx_HAL_Driver/Src/stm32l4xx_ll_usb.o
 .bss.pxCurrentTCB
                0x00000000200000c0        0x4 Middlewares/Third_Party/FreeRTOS/Source/tasks.o
                0x00000000200000c0                pxCurrentTCB
 .bss.pxReadyTasksLists
                0x00000000200000c4       0x8c Middlewares/Third_Party/FreeRTOS/Source/tasks.o
 .bss.xDelayedTaskList1
                0x0000000020000150       0x14 Middlewares/Third_Party/FreeRTOS/Source/tasks.o
 .bss.xDelayedTaskList2
                0x0000000020000164       0x14 Middlewares/Third_Party/FreeRTOS/Source/tasks.o
 .bss.pxDelayedTaskList
                0x0000000020000178        0x4 Middlewares/Third_Party/FreeRTOS/Source/tasks.o
 .bss.pxOverflowDelayedTaskList
                0x000000002000017c        0x4 Middlewares/Third_Party/FreeRTOS/Source/tasks.o
 .bss.xPendingReadyList
                0x0000000020000180       0x14 Middlewares/Third_Party/FreeRTOS/Source/tasks.o
 .bss.xTasksWaitingTermination
                0x0000000020000194       0x14 Middlewares/Third_Party/FreeRTOS/Source/tasks.o
 .bss.uxDeletedTasksWaitingCleanUp
                0x00000000200001a8        0x4 Middlewares/Third_Party/FreeRTOS/Source/tasks.o
 .bss.xSuspendedTaskList
                0x00000000200001ac       0x14 Middlewares/Third_Party/FreeRTOS/Source/tasks.o
 .bss.uxCurrentNumberOfTasks
                0x00000000200001c0        0x4 Middlewares/Third_Party/FreeRTOS/Source/tasks.o
 .bss.xTickCount
                0x00000000200001c4        0x4 Middlewares/Third_Party/FreeRTOS/Source/tasks.o
 .bss.uxTopReadyPriority
                0x00000000200001c8        0x4 Middlewares/Third_Party/FreeRTOS/Source/tasks.o
 .bss.xSchedulerRunning
                0x00000000200001cc        0x4 Middlewares/Third_Party/FreeRTOS/Source/tasks.o
 .bss.uxPendedTicks
                0x00000000200001d0        0x4 Middlewares/Third_Party/FreeRTOS/Source/tasks.o
 .bss.xYieldPending
                0x00000000200001d4        0x4 Middlewares/Third_Party/FreeRTOS/Source/tasks.o
 .bss.xNumOfOverflows
                0x00000000200001d8        0x4 Middlewares/Third_Party/FreeRTOS/Source/tasks.o
 .bss.uxTaskNumber
                0x00000000200001dc        0x4 Middlewares/Third_Party/FreeRTOS/Source/tasks.o
 .bss.xNextTaskUnblockTime
                0x00000000200001e0        0x4 Middlewares/Third_Party/FreeRTOS/Source/tasks.o
 .bss.xIdleTaskHandle
                0x00000000200001e4        0x4 Middlewares/Third_Party/FreeRTOS/Source/tasks.o
 .bss.uxSchedulerSuspended
                0x00000000200001e8        0x4 Middlewares/Third_Party/FreeRTOS/Source/tasks.o
 .bss.ucMaxSysCallPriority
                0x00000000200001ec        0x1 Middlewares/Third_Party/FreeRTOS/Source/portable/GCC/ARM_CM4F/port.o
 *fill*         0x00000000200001ed        0x3 
 .bss.ulMaxPRIGROUPValue
                0x00000000200001f0        0x4 Middlewares/Third_Party/FreeRTOS/Source/portable/GCC/ARM_CM4F/port.o
 .bss.ucHeap    0x00000000200001f4      0xbb8 Middlewares/Third_Party/FreeRTOS/Source/portable/MemMang/heap_4.o
 .bss.xStart    0x0000000020000dac        0x8 Middlewares/Third_Party/FreeRTOS/Source/portable/MemMang/heap_4.o
 .bss.pxEnd     0x0000000020000db4        0x4 Middlewares/Third_Party/FreeRTOS/Source/portable/MemMang/heap_4.o
 .bss.xFreeBytesRemaining
                0x0000000020000db8        0x4 Middlewares/Third_Party/FreeRTOS/Source/portable/MemMang/heap_4.o
 .bss.xMinimumEverFreeBytesRemaining
                0x0000000020000dbc        0x4 Middlewares/Third_Party/FreeRTOS/Source/portable/MemMang/heap_4.o
 .bss.xBlockAllocatedBit
                0x0000000020000dc0        0x4 Middlewares/Third_Party/FreeRTOS/Source/portable/MemMang/heap_4.o
 .bss.SAI1_client
                0x0000000020000dc4        0x4 Src/sai.o
 .bss.stopppp   0x0000000020000dc8        0xc Src/stm32l4xx_it.o
                0x0000000020000dc8                stopppp
 .bss.i         0x0000000020000dd4        0x4 Src/stm32l4xx_it.o
                0x0000000020000dd4                i
 .bss.heap_end.6424
                0x0000000020000dd8        0x4 Src/sysmem.o
 .bss.Appli_state
                0x0000000020000ddc        0x1 Src/usb_host.o
                0x0000000020000ddc                Appli_state
 *fill*         0x0000000020000ddd        0x3 
 .bss.__malloc_free_list
                0x0000000020000de0        0x4 c:/st/stm32cubeide_1.0.1/stm32cubeide/plugins/com.st.stm32cube.ide.mcu.externaltools.gnu-tools-for-stm32.7-2018-q2-update.win32_1.0.0.201904181610/tools/bin/../lib/gcc/arm-none-eabi/7.3.1/../../../../arm-none-eabi/lib/thumb/v7e-m/fpv4-sp/hard\libc_nano.a(lib_a-nano-mallocr.o)
                0x0000000020000de0                __malloc_free_list
 .bss.__malloc_sbrk_start
                0x0000000020000de4        0x4 c:/st/stm32cubeide_1.0.1/stm32cubeide/plugins/com.st.stm32cube.ide.mcu.externaltools.gnu-tools-for-stm32.7-2018-q2-update.win32_1.0.0.201904181610/tools/bin/../lib/gcc/arm-none-eabi/7.3.1/../../../../arm-none-eabi/lib/thumb/v7e-m/fpv4-sp/hard\libc_nano.a(lib_a-nano-mallocr.o)
                0x0000000020000de4                __malloc_sbrk_start
 *(COMMON)
 COMMON         0x0000000020000de8        0x4 Drivers/STM32L4xx_HAL_Driver/Src/stm32l4xx_hal.o
                0x0000000020000de8                uwTick
 COMMON         0x0000000020000dec        0x8 Src/freertos.o
                0x0000000020000dec                myTask1Handle
                0x0000000020000df0                myMutex01Handle
 COMMON         0x0000000020000df4       0x98 Src/i2c.o
                0x0000000020000df4                hi2c1
                0x0000000020000e40                hi2c2
 COMMON         0x0000000020000e8c       0x3c Src/lcd.o
                0x0000000020000e8c                hlcd
 COMMON         0x0000000020000ec8       0x44 Src/quadspi.o
                0x0000000020000ec8                hqspi
 COMMON         0x0000000020000f0c      0x108 Src/sai.o
                0x0000000020000f0c                hsai_BlockB1
                0x0000000020000f90                hsai_BlockA1
 COMMON         0x0000000020001014       0x64 Src/spi.o
                0x0000000020001014                hspi2
 COMMON         0x0000000020001078       0x40 Src/stm32l4xx_hal_timebase_tim.o
                0x0000000020001078                htim1
 COMMON         0x00000000200010b8       0x80 Src/usart.o
                0x00000000200010b8                huart2
 COMMON         0x0000000020001138      0x3d8 Src/usb_host.o
                0x0000000020001138                hUsbHostFS
 COMMON         0x0000000020001510      0x2c4 Src/usbh_conf.o
                0x0000000020001510                hhcd_USB_OTG_FS
 COMMON         0x00000000200017d4        0x4 c:/st/stm32cubeide_1.0.1/stm32cubeide/plugins/com.st.stm32cube.ide.mcu.externaltools.gnu-tools-for-stm32.7-2018-q2-update.win32_1.0.0.201904181610/tools/bin/../lib/gcc/arm-none-eabi/7.3.1/../../../../arm-none-eabi/lib/thumb/v7e-m/fpv4-sp/hard\libc_nano.a(lib_a-reent.o)
                0x00000000200017d4                errno
                0x00000000200017d8                . = ALIGN (0x4)
                0x00000000200017d8                _ebss = .
                0x00000000200017d8                __bss_end__ = _ebss

._user_heap_stack
                0x00000000200017d8      0x600 load address 0x000000000800cbec
                0x00000000200017d8                . = ALIGN (0x8)
                0x00000000200017d8                PROVIDE (end = .)
                [!provide]                        PROVIDE (_end = .)
                0x00000000200019d8                . = (. + _Min_Heap_Size)
 *fill*         0x00000000200017d8      0x200 
                0x0000000020001dd8                . = (. + _Min_Stack_Size)
 *fill*         0x00000000200019d8      0x400 
                0x0000000020001dd8                . = ALIGN (0x8)

/DISCARD/
 libc.a(*)
 libm.a(*)
 libgcc.a(*)

.ARM.attributes
                0x0000000000000000       0x30
 *(.ARM.attributes)
 .ARM.attributes
                0x0000000000000000       0x22 c:/st/stm32cubeide_1.0.1/stm32cubeide/plugins/com.st.stm32cube.ide.mcu.externaltools.gnu-tools-for-stm32.7-2018-q2-update.win32_1.0.0.201904181610/tools/bin/../lib/gcc/arm-none-eabi/7.3.1/thumb/v7e-m/fpv4-sp/hard/crti.o
 .ARM.attributes
                0x0000000000000022       0x34 c:/st/stm32cubeide_1.0.1/stm32cubeide/plugins/com.st.stm32cube.ide.mcu.externaltools.gnu-tools-for-stm32.7-2018-q2-update.win32_1.0.0.201904181610/tools/bin/../lib/gcc/arm-none-eabi/7.3.1/thumb/v7e-m/fpv4-sp/hard/crtbegin.o
 .ARM.attributes
                0x0000000000000056       0x39 Drivers/STM32L4xx_HAL_Driver/Src/stm32l4xx_hal.o
 .ARM.attributes
                0x000000000000008f       0x39 Drivers/STM32L4xx_HAL_Driver/Src/stm32l4xx_hal_cortex.o
 .ARM.attributes
                0x00000000000000c8       0x39 Drivers/STM32L4xx_HAL_Driver/Src/stm32l4xx_hal_dma.o
 .ARM.attributes
                0x0000000000000101       0x39 Drivers/STM32L4xx_HAL_Driver/Src/stm32l4xx_hal_gpio.o
 .ARM.attributes
                0x000000000000013a       0x39 Drivers/STM32L4xx_HAL_Driver/Src/stm32l4xx_hal_hcd.o
 .ARM.attributes
                0x0000000000000173       0x39 Drivers/STM32L4xx_HAL_Driver/Src/stm32l4xx_hal_i2c.o
 .ARM.attributes
                0x00000000000001ac       0x39 Drivers/STM32L4xx_HAL_Driver/Src/stm32l4xx_hal_i2c_ex.o
 .ARM.attributes
                0x00000000000001e5       0x39 Drivers/STM32L4xx_HAL_Driver/Src/stm32l4xx_hal_lcd.o
 .ARM.attributes
                0x000000000000021e       0x39 Drivers/STM32L4xx_HAL_Driver/Src/stm32l4xx_hal_pwr_ex.o
 .ARM.attributes
                0x0000000000000257       0x39 Drivers/STM32L4xx_HAL_Driver/Src/stm32l4xx_hal_qspi.o
 .ARM.attributes
                0x0000000000000290       0x39 Drivers/STM32L4xx_HAL_Driver/Src/stm32l4xx_hal_rcc.o
 .ARM.attributes
                0x00000000000002c9       0x39 Drivers/STM32L4xx_HAL_Driver/Src/stm32l4xx_hal_rcc_ex.o
 .ARM.attributes
                0x0000000000000302       0x39 Drivers/STM32L4xx_HAL_Driver/Src/stm32l4xx_hal_sai.o
 .ARM.attributes
                0x000000000000033b       0x39 Drivers/STM32L4xx_HAL_Driver/Src/stm32l4xx_hal_spi.o
 .ARM.attributes
                0x0000000000000374       0x39 Drivers/STM32L4xx_HAL_Driver/Src/stm32l4xx_hal_tim.o
 .ARM.attributes
                0x00000000000003ad       0x39 Drivers/STM32L4xx_HAL_Driver/Src/stm32l4xx_hal_tim_ex.o
 .ARM.attributes
                0x00000000000003e6       0x39 Drivers/STM32L4xx_HAL_Driver/Src/stm32l4xx_hal_uart.o
 .ARM.attributes
                0x000000000000041f       0x39 Drivers/STM32L4xx_HAL_Driver/Src/stm32l4xx_hal_uart_ex.o
 .ARM.attributes
                0x0000000000000458       0x39 Drivers/STM32L4xx_HAL_Driver/Src/stm32l4xx_ll_usb.o
 .ARM.attributes
                0x0000000000000491       0x39 Middlewares/ST/STM32_USB_Host_Library/Class/CDC/Src/usbh_cdc.o
 .ARM.attributes
                0x00000000000004ca       0x39 Middlewares/ST/STM32_USB_Host_Library/Core/Src/usbh_core.o
 .ARM.attributes
                0x0000000000000503       0x39 Middlewares/ST/STM32_USB_Host_Library/Core/Src/usbh_ctlreq.o
 .ARM.attributes
                0x000000000000053c       0x39 Middlewares/ST/STM32_USB_Host_Library/Core/Src/usbh_ioreq.o
 .ARM.attributes
                0x0000000000000575       0x39 Middlewares/ST/STM32_USB_Host_Library/Core/Src/usbh_pipes.o
 .ARM.attributes
                0x00000000000005ae       0x39 Middlewares/Third_Party/FreeRTOS/Source/CMSIS_RTOS/cmsis_os.o
 .ARM.attributes
                0x00000000000005e7       0x39 Middlewares/Third_Party/FreeRTOS/Source/list.o
 .ARM.attributes
                0x0000000000000620       0x39 Middlewares/Third_Party/FreeRTOS/Source/queue.o
 .ARM.attributes
                0x0000000000000659       0x39 Middlewares/Third_Party/FreeRTOS/Source/tasks.o
 .ARM.attributes
                0x0000000000000692       0x39 Middlewares/Third_Party/FreeRTOS/Source/portable/GCC/ARM_CM4F/port.o
 .ARM.attributes
                0x00000000000006cb       0x39 Middlewares/Third_Party/FreeRTOS/Source/portable/MemMang/heap_4.o
 .ARM.attributes
                0x0000000000000704       0x39 Src/freertos.o
 .ARM.attributes
                0x000000000000073d       0x39 Src/gpio.o
 .ARM.attributes
                0x0000000000000776       0x39 Src/i2c.o
 .ARM.attributes
                0x00000000000007af       0x39 Src/lcd.o
 .ARM.attributes
                0x00000000000007e8       0x39 Src/main.o
 .ARM.attributes
                0x0000000000000821       0x39 Src/quadspi.o
 .ARM.attributes
                0x000000000000085a       0x39 Src/roboclaw.o
 .ARM.attributes
                0x0000000000000893       0x39 Src/sai.o
 .ARM.attributes
                0x00000000000008cc       0x39 Src/spi.o
 .ARM.attributes
                0x0000000000000905       0x39 Src/stm32l4xx_hal_msp.o
 .ARM.attributes
                0x000000000000093e       0x39 Src/stm32l4xx_hal_timebase_tim.o
 .ARM.attributes
                0x0000000000000977       0x39 Src/stm32l4xx_it.o
 .ARM.attributes
                0x00000000000009b0       0x39 Src/sysmem.o
 .ARM.attributes
                0x00000000000009e9       0x39 Src/system_stm32l4xx.o
 .ARM.attributes
                0x0000000000000a22       0x39 Src/usart.o
 .ARM.attributes
                0x0000000000000a5b       0x39 Src/usb_host.o
 .ARM.attributes
                0x0000000000000a94       0x39 Src/usbh_conf.o
 .ARM.attributes
                0x0000000000000acd       0x39 Src/usbh_platform.o
 .ARM.attributes
                0x0000000000000b06       0x21 Startup/startup_stm32l476vgtx.o
 .ARM.attributes
                0x0000000000000b27       0x34 c:/st/stm32cubeide_1.0.1/stm32cubeide/plugins/com.st.stm32cube.ide.mcu.externaltools.gnu-tools-for-stm32.7-2018-q2-update.win32_1.0.0.201904181610/tools/bin/../lib/gcc/arm-none-eabi/7.3.1/../../../../arm-none-eabi/lib/thumb/v7e-m/fpv4-sp/hard\libc_nano.a(lib_a-errno.o)
 .ARM.attributes
                0x0000000000000b5b       0x34 c:/st/stm32cubeide_1.0.1/stm32cubeide/plugins/com.st.stm32cube.ide.mcu.externaltools.gnu-tools-for-stm32.7-2018-q2-update.win32_1.0.0.201904181610/tools/bin/../lib/gcc/arm-none-eabi/7.3.1/../../../../arm-none-eabi/lib/thumb/v7e-m/fpv4-sp/hard\libc_nano.a(lib_a-impure.o)
 .ARM.attributes
                0x0000000000000b8f       0x34 c:/st/stm32cubeide_1.0.1/stm32cubeide/plugins/com.st.stm32cube.ide.mcu.externaltools.gnu-tools-for-stm32.7-2018-q2-update.win32_1.0.0.201904181610/tools/bin/../lib/gcc/arm-none-eabi/7.3.1/../../../../arm-none-eabi/lib/thumb/v7e-m/fpv4-sp/hard\libc_nano.a(lib_a-init.o)
 .ARM.attributes
                0x0000000000000bc3       0x34 c:/st/stm32cubeide_1.0.1/stm32cubeide/plugins/com.st.stm32cube.ide.mcu.externaltools.gnu-tools-for-stm32.7-2018-q2-update.win32_1.0.0.201904181610/tools/bin/../lib/gcc/arm-none-eabi/7.3.1/../../../../arm-none-eabi/lib/thumb/v7e-m/fpv4-sp/hard\libc_nano.a(lib_a-malloc.o)
 .ARM.attributes