Archive member included to satisfy reference by file (symbol)

c:/st/stm32cubeide_1.0.1/stm32cubeide/plugins/com.st.stm32cube.ide.mcu.externaltools.gnu-tools-for-stm32.7-2018-q2-update.win32_1.0.0.201904181610/tools/bin/../lib/gcc/arm-none-eabi/7.3.1/../../../../arm-none-eabi/lib/thumb/v7e-m/fpv4-sp/hard\libc_nano.a(lib_a-errno.o)
                              Src/syscalls.o (__errno)
c:/st/stm32cubeide_1.0.1/stm32cubeide/plugins/com.st.stm32cube.ide.mcu.externaltools.gnu-tools-for-stm32.7-2018-q2-update.win32_1.0.0.201904181610/tools/bin/../lib/gcc/arm-none-eabi/7.3.1/../../../../arm-none-eabi/lib/thumb/v7e-m/fpv4-sp/hard\libc_nano.a(lib_a-exit.o)
                              c:/st/stm32cubeide_1.0.1/stm32cubeide/plugins/com.st.stm32cube.ide.mcu.externaltools.gnu-tools-for-stm32.7-2018-q2-update.win32_1.0.0.201904181610/tools/bin/../lib/gcc/arm-none-eabi/7.3.1/../../../../arm-none-eabi/lib/thumb/v7e-m/fpv4-sp/hard/crt0.o (exit)
c:/st/stm32cubeide_1.0.1/stm32cubeide/plugins/com.st.stm32cube.ide.mcu.externaltools.gnu-tools-for-stm32.7-2018-q2-update.win32_1.0.0.201904181610/tools/bin/../lib/gcc/arm-none-eabi/7.3.1/../../../../arm-none-eabi/lib/thumb/v7e-m/fpv4-sp/hard\libc_nano.a(lib_a-impure.o)
                              c:/st/stm32cubeide_1.0.1/stm32cubeide/plugins/com.st.stm32cube.ide.mcu.externaltools.gnu-tools-for-stm32.7-2018-q2-update.win32_1.0.0.201904181610/tools/bin/../lib/gcc/arm-none-eabi/7.3.1/../../../../arm-none-eabi/lib/thumb/v7e-m/fpv4-sp/hard\libc_nano.a(lib_a-exit.o) (_global_impure_ptr)
c:/st/stm32cubeide_1.0.1/stm32cubeide/plugins/com.st.stm32cube.ide.mcu.externaltools.gnu-tools-for-stm32.7-2018-q2-update.win32_1.0.0.201904181610/tools/bin/../lib/gcc/arm-none-eabi/7.3.1/../../../../arm-none-eabi/lib/thumb/v7e-m/fpv4-sp/hard\libc_nano.a(lib_a-init.o)
                              c:/st/stm32cubeide_1.0.1/stm32cubeide/plugins/com.st.stm32cube.ide.mcu.externaltools.gnu-tools-for-stm32.7-2018-q2-update.win32_1.0.0.201904181610/tools/bin/../lib/gcc/arm-none-eabi/7.3.1/../../../../arm-none-eabi/lib/thumb/v7e-m/fpv4-sp/hard/crt0.o (__libc_init_array)
c:/st/stm32cubeide_1.0.1/stm32cubeide/plugins/com.st.stm32cube.ide.mcu.externaltools.gnu-tools-for-stm32.7-2018-q2-update.win32_1.0.0.201904181610/tools/bin/../lib/gcc/arm-none-eabi/7.3.1/../../../../arm-none-eabi/lib/thumb/v7e-m/fpv4-sp/hard\libc_nano.a(lib_a-malloc.o)
                              Middlewares/ST/STM32_USB_Host_Library/Class/CDC/Src/usbh_cdc.o (malloc)
c:/st/stm32cubeide_1.0.1/stm32cubeide/plugins/com.st.stm32cube.ide.mcu.externaltools.gnu-tools-for-stm32.7-2018-q2-update.win32_1.0.0.201904181610/tools/bin/../lib/gcc/arm-none-eabi/7.3.1/../../../../arm-none-eabi/lib/thumb/v7e-m/fpv4-sp/hard\libc_nano.a(lib_a-memcpy-stub.o)
                              Middlewares/Third_Party/FreeRTOS/Source/queue.o (memcpy)
c:/st/stm32cubeide_1.0.1/stm32cubeide/plugins/com.st.stm32cube.ide.mcu.externaltools.gnu-tools-for-stm32.7-2018-q2-update.win32_1.0.0.201904181610/tools/bin/../lib/gcc/arm-none-eabi/7.3.1/../../../../arm-none-eabi/lib/thumb/v7e-m/fpv4-sp/hard\libc_nano.a(lib_a-memset.o)
                              c:/st/stm32cubeide_1.0.1/stm32cubeide/plugins/com.st.stm32cube.ide.mcu.externaltools.gnu-tools-for-stm32.7-2018-q2-update.win32_1.0.0.201904181610/tools/bin/../lib/gcc/arm-none-eabi/7.3.1/../../../../arm-none-eabi/lib/thumb/v7e-m/fpv4-sp/hard/crt0.o (memset)
c:/st/stm32cubeide_1.0.1/stm32cubeide/plugins/com.st.stm32cube.ide.mcu.externaltools.gnu-tools-for-stm32.7-2018-q2-update.win32_1.0.0.201904181610/tools/bin/../lib/gcc/arm-none-eabi/7.3.1/../../../../arm-none-eabi/lib/thumb/v7e-m/fpv4-sp/hard\libc_nano.a(lib_a-nano-freer.o)
                              c:/st/stm32cubeide_1.0.1/stm32cubeide/plugins/com.st.stm32cube.ide.mcu.externaltools.gnu-tools-for-stm32.7-2018-q2-update.win32_1.0.0.201904181610/tools/bin/../lib/gcc/arm-none-eabi/7.3.1/../../../../arm-none-eabi/lib/thumb/v7e-m/fpv4-sp/hard\libc_nano.a(lib_a-malloc.o) (_free_r)
c:/st/stm32cubeide_1.0.1/stm32cubeide/plugins/com.st.stm32cube.ide.mcu.externaltools.gnu-tools-for-stm32.7-2018-q2-update.win32_1.0.0.201904181610/tools/bin/../lib/gcc/arm-none-eabi/7.3.1/../../../../arm-none-eabi/lib/thumb/v7e-m/fpv4-sp/hard\libc_nano.a(lib_a-nano-mallocr.o)
                              c:/st/stm32cubeide_1.0.1/stm32cubeide/plugins/com.st.stm32cube.ide.mcu.externaltools.gnu-tools-for-stm32.7-2018-q2-update.win32_1.0.0.201904181610/tools/bin/../lib/gcc/arm-none-eabi/7.3.1/../../../../arm-none-eabi/lib/thumb/v7e-m/fpv4-sp/hard\libc_nano.a(lib_a-malloc.o) (_malloc_r)
c:/st/stm32cubeide_1.0.1/stm32cubeide/plugins/com.st.stm32cube.ide.mcu.externaltools.gnu-tools-for-stm32.7-2018-q2-update.win32_1.0.0.201904181610/tools/bin/../lib/gcc/arm-none-eabi/7.3.1/../../../../arm-none-eabi/lib/thumb/v7e-m/fpv4-sp/hard\libc_nano.a(lib_a-sbrkr.o)
[...]
Memory Configuration

Name             Origin             Length             Attributes
FLASH            0x0000000008000000 0x0000000000100000 xr
RAM2             0x0000000010000000 0x0000000000008000 xrw
RAM              0x0000000020000000 0x0000000000018000 xrw
*default*        0x0000000000000000 0xffffffffffffffff

Linker script and memory map

LOAD c:/st/stm32cubeide_1.0.1/stm32cubeide/plugins/com.st.stm32cube.ide.mcu.externaltools.gnu-tools-for-stm32.7-2018-q2-update.win32_1.0.0.201904181610/tools/bin/../lib/gcc/arm-none-eabi/7.3.1/thumb/v7e-m/fpv4-sp/hard/crti.o
LOAD c:/st/stm32cubeide_1.0.1/stm32cubeide/plugins/com.st.stm32cube.ide.mcu.externaltools.gnu-tools-for-stm32.7-2018-q2-update.win32_1.0.0.201904181610/tools/bin/../lib/gcc/arm-none-eabi/7.3.1/thumb/v7e-m/fpv4-sp/hard/crtbegin.o
LOAD c:/st/stm32cubeide_1.0.1/stm32cubeide/plugins/com.st.stm32cube.ide.mcu.externaltools.gnu-tools-for-stm32.7-2018-q2-update.win32_1.0.0.201904181610/tools/bin/../lib/gcc/arm-none-eabi/7.3.1/../../../../arm-none-eabi/lib/thumb/v7e-m/fpv4-sp/hard/crt0.o
LOAD Drivers/STM32L4xx_HAL_Driver/Src/stm32l4xx_hal.o
LOAD Drivers/STM32L4xx_HAL_Driver/Src/stm32l4xx_hal_cortex.o
LOAD Drivers/STM32L4xx_HAL_Driver/Src/stm32l4xx_hal_dma.o
LOAD Drivers/STM32L4xx_HAL_Driver/Src/stm32l4xx_hal_dma_ex.o
LOAD Drivers/STM32L4xx_HAL_Driver/Src/stm32l4xx_hal_exti.o
LOAD Drivers/STM32L4xx_HAL_Driver/Src/stm32l4xx_hal_flash.o
LOAD Drivers/STM32L4xx_HAL_Driver/Src/stm32l4xx_hal_flash_ex.o
LOAD Drivers/STM32L4xx_HAL_Driver/Src/stm32l4xx_hal_flash_ramfunc.o
LOAD Drivers/STM32L4xx_HAL_Driver/Src/stm32l4xx_hal_gpio.o
LOAD Drivers/STM32L4xx_HAL_Driver/Src/stm32l4xx_hal_hcd.o
LOAD Drivers/STM32L4xx_HAL_Driver/Src/stm32l4xx_hal_i2c.o
LOAD Drivers/STM32L4xx_HAL_Driver/Src/stm32l4xx_hal_i2c_ex.o
LOAD Drivers/STM32L4xx_HAL_Driver/Src/stm32l4xx_hal_lcd.o
LOAD Drivers/STM32L4xx_HAL_Driver/Src/stm32l4xx_hal_pwr.o
LOAD Drivers/STM32L4xx_HAL_Driver/Src/stm32l4xx_hal_pwr_ex.o
LOAD Drivers/STM32L4xx_HAL_Driver/Src/stm32l4xx_hal_qspi.o
LOAD Drivers/STM32L4xx_HAL_Driver/Src/stm32l4xx_hal_rcc.o
LOAD Drivers/STM32L4xx_HAL_Driver/Src/stm32l4xx_hal_rcc_ex.o
LOAD Drivers/STM32L4xx_HAL_Driver/Src/stm32l4xx_hal_sai.o
LOAD Drivers/STM32L4xx_HAL_Driver/Src/stm32l4xx_hal_sai_ex.o
LOAD Drivers/STM32L4xx_HAL_Driver/Src/stm32l4xx_hal_spi.o
LOAD Drivers/STM32L4xx_HAL_Driver/Src/stm32l4xx_hal_spi_ex.o
LOAD Drivers/STM32L4xx_HAL_Driver/Src/stm32l4xx_hal_tim.o
LOAD Drivers/STM32L4xx_HAL_Driver/Src/stm32l4xx_hal_tim_ex.o
LOAD Drivers/STM32L4xx_HAL_Driver/Src/stm32l4xx_hal_uart.o
LOAD Drivers/STM32L4xx_HAL_Driver/Src/stm32l4xx_hal_uart_ex.o
LOAD Drivers/STM32L4xx_HAL_Driver/Src/stm32l4xx_ll_usb.o
LOAD Middlewares/ST/STM32_USB_Host_Library/Class/CDC/Src/usbh_cdc.o
LOAD Middlewares/ST/STM32_USB_Host_Library/Core/Src/usbh_core.o
LOAD Middlewares/ST/STM32_USB_Host_Library/Core/Src/usbh_ctlreq.o
LOAD Middlewares/ST/STM32_USB_Host_Library/Core/Src/usbh_ioreq.o
LOAD Middlewares/ST/STM32_USB_Host_Library/Core/Src/usbh_pipes.o
LOAD Middlewares/Third_Party/FreeRTOS/Source/CMSIS_RTOS/cmsis_os.o
LOAD Middlewares/Third_Party/FreeRTOS/Source/croutine.o
LOAD Middlewares/Third_Party/FreeRTOS/Source/event_groups.o
LOAD Middlewares/Third_Party/FreeRTOS/Source/list.o
LOAD Middlewares/Third_Party/FreeRTOS/Source/queue.o
LOAD Middlewares/Third_Party/FreeRTOS/Source/stream_buffer.o
LOAD Middlewares/Third_Party/FreeRTOS/Source/tasks.o
LOAD Middlewares/Third_Party/FreeRTOS/Source/timers.o
LOAD Middlewares/Third_Party/FreeRTOS/Source/portable/GCC/ARM_CM4F/port.o
LOAD Middlewares/Third_Party/FreeRTOS/Source/portable/MemMang/heap_4.o
LOAD Src/freertos.o
LOAD Src/gpio.o
LOAD Src/i2c.o
LOAD Src/lcd.o
LOAD Src/main.o
LOAD Src/quadspi.o
LOAD Src/roboclaw.o
LOAD Src/sai.o
LOAD Src/spi.o
LOAD Src/stm32l4xx_hal_msp.o
LOAD Src/stm32l4xx_hal_timebase_tim.o
LOAD Src/stm32l4xx_it.o
LOAD Src/syscalls.o
LOAD Src/sysmem.o
LOAD Src/system_stm32l4xx.o
LOAD Src/usart.o
LOAD Src/usb_host.o
LOAD Src/usbh_conf.o
LOAD Src/usbh_platform.o
LOAD Startup/startup_stm32l476vgtx.o
START GROUP
LOAD c:/st/stm32cubeide_1.0.1/stm32cubeide/plugins/com.st.stm32cube.ide.mcu.externaltools.gnu-tools-for-stm32.7-2018-q2-update.win32_1.0.0.201904181610/tools/bin/../lib/gcc/arm-none-eabi/7.3.1/../../../../arm-none-eabi/lib/thumb/v7e-m/fpv4-sp/hard\libc_nano.a
LOAD c:/st/stm32cubeide_1.0.1/stm32cubeide/plugins/com.st.stm32cube.ide.mcu.externaltools.gnu-tools-for-stm32.7-2018-q2-update.win32_1.0.0.201904181610/tools/bin/../lib/gcc/arm-none-eabi/7.3.1/../../../../arm-none-eabi/lib/thumb/v7e-m/fpv4-sp/hard\libm.a
END GROUP
START GROUP
LOAD c:/st/stm32cubeide_1.0.1/stm32cubeide/plugins/com.st.stm32cube.ide.mcu.externaltools.gnu-tools-for-stm32.7-2018-q2-update.win32_1.0.0.201904181610/tools/bin/../lib/gcc/arm-none-eabi/7.3.1/thumb/v7e-m/fpv4-sp/hard\libgcc.a
LOAD c:/st/stm32cubeide_1.0.1/stm32cubeide/plugins/com.st.stm32cube.ide.mcu.externaltools.gnu-tools-for-stm32.7-2018-q2-update.win32_1.0.0.201904181610/tools/bin/../lib/gcc/arm-none-eabi/7.3.1/../../../../arm-none-eabi/lib/thumb/v7e-m/fpv4-sp/hard\libc_nano.a
END GROUP
START GROUP
LOAD c:/st/stm32cubeide_1.0.1/stm32cubeide/plugins/com.st.stm32cube.ide.mcu.externaltools.gnu-tools-for-stm32.7-2018-q2-update.win32_1.0.0.201904181610/tools/bin/../lib/gcc/arm-none-eabi/7.3.1/thumb/v7e-m/fpv4-sp/hard\libgcc.a
LOAD c:/st/stm32cubeide_1.0.1/stm32cubeide/plugins/com.st.stm32cube.ide.mcu.externaltools.gnu-tools-for-stm32.7-2018-q2-update.win32_1.0.0.201904181610/tools/bin/../lib/gcc/arm-none-eabi/7.3.1/../../../../arm-none-eabi/lib/thumb/v7e-m/fpv4-sp/hard\libc_nano.a
LOAD c:/st/stm32cubeide_1.0.1/stm32cubeide/plugins/com.st.stm32cube.ide.mcu.externaltools.gnu-tools-for-stm32.7-2018-q2-update.win32_1.0.0.201904181610/tools/bin/../lib/gcc/arm-none-eabi/7.3.1/../../../../arm-none-eabi/lib/thumb/v7e-m/fpv4-sp/hard\libnosys.a
END GROUP
START GROUP
LOAD c:/st/stm32cubeide_1.0.1/stm32cubeide/plugins/com.st.stm32cube.ide.mcu.externaltools.gnu-tools-for-stm32.7-2018-q2-update.win32_1.0.0.201904181610/tools/bin/../lib/gcc/arm-none-eabi/7.3.1/thumb/v7e-m/fpv4-sp/hard\libgcc.a
LOAD c:/st/stm32cubeide_1.0.1/stm32cubeide/plugins/com.st.stm32cube.ide.mcu.externaltools.gnu-tools-for-stm32.7-2018-q2-update.win32_1.0.0.201904181610/tools/bin/../lib/gcc/arm-none-eabi/7.3.1/../../../../arm-none-eabi/lib/thumb/v7e-m/fpv4-sp/hard\libc_nano.a
LOAD c:/st/stm32cubeide_1.0.1/stm32cubeide/plugins/com.st.stm32cube.ide.mcu.externaltools.gnu-tools-for-stm32.7-2018-q2-update.win32_1.0.0.201904181610/tools/bin/../lib/gcc/arm-none-eabi/7.3.1/../../../../arm-none-eabi/lib/thumb/v7e-m/fpv4-sp/hard\libnosys.a
END GROUP
LOAD c:/st/stm32cubeide_1.0.1/stm32cubeide/plugins/com.st.stm32cube.ide.mcu.externaltools.gnu-tools-for-stm32.7-2018-q2-update.win32_1.0.0.201904181610/tools/bin/../lib/gcc/arm-none-eabi/7.3.1/thumb/v7e-m/fpv4-sp/hard/crtend.o
LOAD c:/st/stm32cubeide_1.0.1/stm32cubeide/plugins/com.st.stm32cube.ide.mcu.externaltools.gnu-tools-for-stm32.7-2018-q2-update.win32_1.0.0.201904181610/tools/bin/../lib/gcc/arm-none-eabi/7.3.1/thumb/v7e-m/fpv4-sp/hard/crtn.o
                0x0000000020018000                _estack = 0x20018000
                0x0000000000000200                _Min_Heap_Size = 0x200
                0x0000000000000400                _Min_Stack_Size = 0x400

.isr_vector     0x0000000008000000      0x188
                0x0000000008000000                . = ALIGN (0x4)
 *(.isr_vector)
 .isr_vector    0x0000000008000000      0x188 Startup/startup_stm32l476vgtx.o
                0x0000000008000000                g_pfnVectors
                0x0000000008000188                . = ALIGN (0x4)

.text           0x0000000008000190     0xca78
                0x0000000008000190                . = ALIGN (0x4)
 *(.text)
 .text          0x0000000008000190       0x40 c:/st/stm32cubeide_1.0.1/stm32cubeide/plugins/com.st.stm32cube.ide.mcu.externaltools.gnu-tools-for-stm32.7-2018-q2-update.win32_1.0.0.201904181610/tools/bin/../lib/gcc/arm-none-eabi/7.3.1/thumb/v7e-m/fpv4-sp/hard/crtbegin.o
 .text          0x00000000080001d0       0x30 c:/st/stm32cubeide_1.0.1/stm32cubeide/plugins/com.st.stm32cube.ide.mcu.externaltools.gnu-tools-for-stm32.7-2018-q2-update.win32_1.0.0.201904181610/tools/bin/../lib/gcc/arm-none-eabi/7.3.1/thumb/v7e-m/fpv4-sp/hard\libgcc.a(_aeabi_uldivmod.o)
                0x00000000080001d0                __aeabi_uldivmod
 .text          0x0000000008000200      0x2cc c:/st/stm32cubeide_1.0.1/stm32cubeide/plugins/com.st.stm32cube.ide.mcu.externaltools.gnu-tools-for-stm32.7-2018-q2-update.win32_1.0.0.201904181610/tools/bin/../lib/gcc/arm-none-eabi/7.3.1/thumb/v7e-m/fpv4-sp/hard\libgcc.a(_udivmoddi4.o)
                0x0000000008000200                __udivmoddi4
 .text          0x00000000080004cc        0x4 c:/st/stm32cubeide_1.0.1/stm32cubeide/plugins/com.st.stm32cube.ide.mcu.externaltools.gnu-tools-for-stm32.7-2018-q2-update.win32_1.0.0.201904181610/tools/bin/../lib/gcc/arm-none-eabi/7.3.1/thumb/v7e-m/fpv4-sp/hard\libgcc.a(_dvmd_tls.o)
                0x00000000080004cc                __aeabi_idiv0
                0x00000000080004cc                __aeabi_ldiv0
 *(.text*)
 .text.HAL_Init
                0x00000000080004d0       0x40 Drivers/STM32L4xx_HAL_Driver/Src/stm32l4xx_hal.o
                0x00000000080004d0                HAL_Init
 .text.HAL_IncTick
                0x0000000008000510       0x24 Drivers/STM32L4xx_HAL_Driver/Src/stm32l4xx_hal.o
                0x0000000008000510                HAL_IncTick
 .text.HAL_GetTick
                0x0000000008000534       0x18 Drivers/STM32L4xx_HAL_Driver/Src/stm32l4xx_hal.o
                0x0000000008000534                HAL_GetTick
 .text.HAL_Delay
                0x000000000800054c       0x44 Drivers/STM32L4xx_HAL_Driver/Src/stm32l4xx_hal.o
                0x000000000800054c                HAL_Delay
 .text.__NVIC_SetPriorityGrouping
                0x0000000008000590       0x48 Drivers/STM32L4xx_HAL_Driver/Src/stm32l4xx_hal_cortex.o
 .text.__NVIC_GetPriorityGrouping
                0x00000000080005d8       0x1c Drivers/STM32L4xx_HAL_Driver/Src/stm32l4xx_hal_cortex.o
 .text.__NVIC_EnableIRQ
                0x00000000080005f4       0x3c Drivers/STM32L4xx_HAL_Driver/Src/stm32l4xx_hal_cortex.o
 .text.__NVIC_SetPriority
                0x0000000008000630       0x54 Drivers/STM32L4xx_HAL_Driver/Src/stm32l4xx_hal_cortex.o
 .text.NVIC_EncodePriority
                0x0000000008000684       0x66 Drivers/STM32L4xx_HAL_Driver/Src/stm32l4xx_hal_cortex.o
 .text.HAL_NVIC_SetPriorityGrouping
                0x00000000080006ea       0x16 Drivers/STM32L4xx_HAL_Driver/Src/stm32l4xx_hal_cortex.o
                0x00000000080006ea                HAL_NVIC_SetPriorityGrouping
 .text.HAL_NVIC_SetPriority
                0x0000000008000700       0x38 Drivers/STM32L4xx_HAL_Driver/Src/stm32l4xx_hal_cortex.o
                0x0000000008000700                HAL_NVIC_SetPriority
 .text.HAL_NVIC_EnableIRQ
                0x0000000008000738       0x1c Drivers/STM32L4xx_HAL_Driver/Src/stm32l4xx_hal_cortex.o
                0x0000000008000738                HAL_NVIC_EnableIRQ
 .text.HAL_DMA_Start_IT
                0x0000000008000754       0xc0 Drivers/STM32L4xx_HAL_Driver/Src/stm32l4xx_hal_dma.o
                0x0000000008000754                HAL_DMA_Start_IT
 .text.HAL_DMA_Abort_IT
                0x0000000008000814       0x82 Drivers/STM32L4xx_HAL_Driver/Src/stm32l4xx_hal_dma.o
                0x0000000008000814                HAL_DMA_Abort_IT
 .text.DMA_SetConfig
                0x0000000008000896       0x60 Drivers/STM32L4xx_HAL_Driver/Src/stm32l4xx_hal_dma.o
 *fill*         0x00000000080008f6        0x2 
 .text.HAL_GPIO_Init
                0x00000000080008f8      0x350 Drivers/STM32L4xx_HAL_Driver/Src/stm32l4xx_hal_gpio.o
                0x00000000080008f8                HAL_GPIO_Init
 .text.HAL_GPIO_WritePin
                0x0000000008000c48       0x30 Drivers/STM32L4xx_HAL_Driver/Src/stm32l4xx_hal_gpio.o
                0x0000000008000c48                HAL_GPIO_WritePin
 .text.HAL_HCD_Init
                0x0000000008000c78       0xc4 Drivers/STM32L4xx_HAL_Driver/Src/stm32l4xx_hal_hcd.o
                0x0000000008000c78                HAL_HCD_Init
 .text.HAL_HCD_HC_Init
                0x0000000008000d3c      0x130 Drivers/STM32L4xx_HAL_Driver/Src/stm32l4xx_hal_hcd.o
                0x0000000008000d3c                HAL_HCD_HC_Init
 .text.HAL_HCD_HC_Halt
                0x0000000008000e6c       0x46 Drivers/STM32L4xx_HAL_Driver/Src/stm32l4xx_hal_hcd.o
                0x0000000008000e6c                HAL_HCD_HC_Halt
 *fill*         0x0000000008000eb2        0x2 
 .text.HAL_HCD_HC_SubmitRequest
                0x0000000008000eb4      0x2c8 Drivers/STM32L4xx_HAL_Driver/Src/stm32l4xx_hal_hcd.o
                0x0000000008000eb4                HAL_HCD_HC_SubmitRequest
 .text.HAL_HCD_IRQHandler
                0x000000000800117c      0x20c Drivers/STM32L4xx_HAL_Driver/Src/stm32l4xx_hal_hcd.o
                0x000000000800117c                HAL_HCD_IRQHandler
 .text.HAL_HCD_Start
                0x0000000008001388       0x46 Drivers/STM32L4xx_HAL_Driver/Src/stm32l4xx_hal_hcd.o
                0x0000000008001388                HAL_HCD_Start
 .text.HAL_HCD_Stop
                0x00000000080013ce       0x3a Drivers/STM32L4xx_HAL_Driver/Src/stm32l4xx_hal_hcd.o
                0x00000000080013ce                HAL_HCD_Stop
 .text.HAL_HCD_ResetPort
                0x0000000008001408       0x1c Drivers/STM32L4xx_HAL_Driver/Src/stm32l4xx_hal_hcd.o
                0x0000000008001408                HAL_HCD_ResetPort
 .text.HAL_HCD_HC_GetURBState
                0x0000000008001424       0x2a Drivers/STM32L4xx_HAL_Driver/Src/stm32l4xx_hal_hcd.o
                0x0000000008001424                HAL_HCD_HC_GetURBState
 .text.HAL_HCD_HC_GetXferCount
                0x000000000800144e       0x2a Drivers/STM32L4xx_HAL_Driver/Src/stm32l4xx_hal_hcd.o
                0x000000000800144e                HAL_HCD_HC_GetXferCount
 .text.HAL_HCD_GetCurrentFrame
                0x0000000008001478       0x1c Drivers/STM32L4xx_HAL_Driver/Src/stm32l4xx_hal_hcd.o
                0x0000000008001478                HAL_HCD_GetCurrentFrame
 .text.HAL_HCD_GetCurrentSpeed
                0x0000000008001494       0x1c Drivers/STM32L4xx_HAL_Driver/Src/stm32l4xx_hal_hcd.o
                0x0000000008001494                HAL_HCD_GetCurrentSpeed
 .text.HCD_HC_IN_IRQHandler
                0x00000000080014b0      0x6e6 Drivers/STM32L4xx_HAL_Driver/Src/stm32l4xx_hal_hcd.o
 .text.HCD_HC_OUT_IRQHandler
                0x0000000008001b96      0x6aa Drivers/STM32L4xx_HAL_Driver/Src/stm32l4xx_hal_hcd.o
 .text.HCD_RXQLVL_IRQHandler
                0x0000000008002240      0x158 Drivers/STM32L4xx_HAL_Driver/Src/stm32l4xx_hal_hcd.o
 .text.HCD_Port_IRQHandler
                0x0000000008002398      0x120 Drivers/STM32L4xx_HAL_Driver/Src/stm32l4xx_hal_hcd.o
 .text.HAL_I2C_Init
                0x00000000080024b8      0x11e Drivers/STM32L4xx_HAL_Driver/Src/stm32l4xx_hal_i2c.o
                0x00000000080024b8                HAL_I2C_Init
 .text.HAL_I2CEx_ConfigAnalogFilter
                0x00000000080025d6       0x96 Drivers/STM32L4xx_HAL_Driver/Src/stm32l4xx_hal_i2c_ex.o
                0x00000000080025d6                HAL_I2CEx_ConfigAnalogFilter
 .text.HAL_I2CEx_ConfigDigitalFilter
                0x000000000800266c       0x98 Drivers/STM32L4xx_HAL_Driver/Src/stm32l4xx_hal_i2c_ex.o
                0x000000000800266c                HAL_I2CEx_ConfigDigitalFilter
 .text.HAL_LCD_Init
                0x0000000008002704      0x180 Drivers/STM32L4xx_HAL_Driver/Src/stm32l4xx_hal_lcd.o
                0x0000000008002704                HAL_LCD_Init
 .text.LCD_WaitForSynchro
                0x0000000008002884       0x42 Drivers/STM32L4xx_HAL_Driver/Src/stm32l4xx_hal_lcd.o
                0x0000000008002884                LCD_WaitForSynchro
 *fill*         0x00000000080028c6        0x2 
 .text.HAL_PWREx_GetVoltageRange
                0x00000000080028c8       0x1c Drivers/STM32L4xx_HAL_Driver/Src/stm32l4xx_hal_pwr_ex.o
                0x00000000080028c8                HAL_PWREx_GetVoltageRange
 .text.HAL_PWREx_ControlVoltageScaling
                0x00000000080028e4       0xac Drivers/STM32L4xx_HAL_Driver/Src/stm32l4xx_hal_pwr_ex.o
                0x00000000080028e4                HAL_PWREx_ControlVoltageScaling
 .text.HAL_PWREx_EnableVddUSB
                0x0000000008002990       0x20 Drivers/STM32L4xx_HAL_Driver/Src/stm32l4xx_hal_pwr_ex.o
                0x0000000008002990                HAL_PWREx_EnableVddUSB
 .text.HAL_QSPI_Init
                0x00000000080029b0      0x104 Drivers/STM32L4xx_HAL_Driver/Src/stm32l4xx_hal_qspi.o
                0x00000000080029b0                HAL_QSPI_Init
 .text.HAL_QSPI_SetTimeout
                0x0000000008002ab4       0x1c Drivers/STM32L4xx_HAL_Driver/Src/stm32l4xx_hal_qspi.o
                0x0000000008002ab4                HAL_QSPI_SetTimeout
 .text.QSPI_WaitFlagStateUntilTimeout
                0x0000000008002ad0       0x6e Drivers/STM32L4xx_HAL_Driver/Src/stm32l4xx_hal_qspi.o
 *fill*         0x0000000008002b3e        0x2 
 .text.HAL_RCC_OscConfig
                0x0000000008002b40      0x760 Drivers/STM32L4xx_HAL_Driver/Src/stm32l4xx_hal_rcc.o
                0x0000000008002b40                HAL_RCC_OscConfig
 .text.HAL_RCC_ClockConfig
                0x00000000080032a0      0x1c4 Drivers/STM32L4xx_HAL_Driver/Src/stm32l4xx_hal_rcc.o
                0x00000000080032a0                HAL_RCC_ClockConfig
 .text.HAL_RCC_GetSysClockFreq
                0x0000000008003464      0x114 Drivers/STM32L4xx_HAL_Driver/Src/stm32l4xx_hal_rcc.o
                0x0000000008003464                HAL_RCC_GetSysClockFreq
 .text.HAL_RCC_GetHCLKFreq
                0x0000000008003578       0x18 Drivers/STM32L4xx_HAL_Driver/Src/stm32l4xx_hal_rcc.o
                0x0000000008003578                HAL_RCC_GetHCLKFreq
 .text.HAL_RCC_GetPCLK1Freq
                0x0000000008003590       0x2c Drivers/STM32L4xx_HAL_Driver/Src/stm32l4xx_hal_rcc.o
                0x0000000008003590                HAL_RCC_GetPCLK1Freq
 .text.HAL_RCC_GetPCLK2Freq
                0x00000000080035bc       0x2c Drivers/STM32L4xx_HAL_Driver/Src/stm32l4xx_hal_rcc.o
                0x00000000080035bc                HAL_RCC_GetPCLK2Freq
 .text.HAL_RCC_GetClockConfig
                0x00000000080035e8       0x64 Drivers/STM32L4xx_HAL_Driver/Src/stm32l4xx_hal_rcc.o
                0x00000000080035e8                HAL_RCC_GetClockConfig
 .text.HAL_RCC_EnableCSS
                0x000000000800364c       0x20 Drivers/STM32L4xx_HAL_Driver/Src/stm32l4xx_hal_rcc.o
                0x000000000800364c                HAL_RCC_EnableCSS
 .text.RCC_SetFlashLatencyFromMSIRange
                0x000000000800366c       0xc0 Drivers/STM32L4xx_HAL_Driver/Src/stm32l4xx_hal_rcc.o
 .text.HAL_RCCEx_PeriphCLKConfig
                0x000000000800372c      0x5cc Drivers/STM32L4xx_HAL_Driver/Src/stm32l4xx_hal_rcc_ex.o
                0x000000000800372c                HAL_RCCEx_PeriphCLKConfig
 .text.HAL_RCCEx_GetPeriphCLKFreq
                0x0000000008003cf8      0x8f0 Drivers/STM32L4xx_HAL_Driver/Src/stm32l4xx_hal_rcc_ex.o
                0x0000000008003cf8                HAL_RCCEx_GetPeriphCLKFreq
 .text.RCCEx_PLLSAI1_Config
                0x00000000080045e8      0x1e0 Drivers/STM32L4xx_HAL_Driver/Src/stm32l4xx_hal_rcc_ex.o
 .text.RCCEx_PLLSAI2_Config
                0x00000000080047c8      0x1b4 Drivers/STM32L4xx_HAL_Driver/Src/stm32l4xx_hal_rcc_ex.o
 .text.RCCEx_GetSAIxPeriphCLKFreq
                0x000000000800497c      0x1b0 Drivers/STM32L4xx_HAL_Driver/Src/stm32l4xx_hal_rcc_ex.o
 .text.HAL_SAI_Init
                0x0000000008004b2c      0x2cc Drivers/STM32L4xx_HAL_Driver/Src/stm32l4xx_hal_sai.o
                0x0000000008004b2c                HAL_SAI_Init
 .text.SAI_Disable
                0x0000000008004df8       0x68 Drivers/STM32L4xx_HAL_Driver/Src/stm32l4xx_hal_sai.o
 .text.HAL_SPI_Init
                0x0000000008004e60      0x114 Drivers/STM32L4xx_HAL_Driver/Src/stm32l4xx_hal_spi.o
                0x0000000008004e60                HAL_SPI_Init
 .text.HAL_TIM_Base_Init
                0x0000000008004f74       0x56 Drivers/STM32L4xx_HAL_Driver/Src/stm32l4xx_hal_tim.o
                0x0000000008004f74                HAL_TIM_Base_Init
 .text.HAL_TIM_Base_MspInit
                0x0000000008004fca       0x14 Drivers/STM32L4xx_HAL_Driver/Src/stm32l4xx_hal_tim.o
                0x0000000008004fca                HAL_TIM_Base_MspInit
 *fill*         0x0000000008004fde        0x2 
 .text.HAL_TIM_Base_Start_IT
                0x0000000008004fe0       0x54 Drivers/STM32L4xx_HAL_Driver/Src/stm32l4xx_hal_tim.o
                0x0000000008004fe0                HAL_TIM_Base_Start_IT
 .text.HAL_TIM_IRQHandler
                0x0000000008005034      0x23e Drivers/STM32L4xx_HAL_Driver/Src/stm32l4xx_hal_tim.o
                0x0000000008005034                HAL_TIM_IRQHandler
 .text.HAL_TIM_OC_DelayElapsedCallback
                0x0000000008005272       0x14 Drivers/STM32L4xx_HAL_Driver/Src/stm32l4xx_hal_tim.o
                0x0000000008005272                HAL_TIM_OC_DelayElapsedCallback
 .text.HAL_TIM_IC_CaptureCallback
                0x0000000008005286       0x14 Drivers/STM32L4xx_HAL_Driver/Src/stm32l4xx_hal_tim.o
                0x0000000008005286                HAL_TIM_IC_CaptureCallback
 .text.HAL_TIM_PWM_PulseFinishedCallback
                0x000000000800529a       0x14 Drivers/STM32L4xx_HAL_Driver/Src/stm32l4xx_hal_tim.o
                0x000000000800529a                HAL_TIM_PWM_PulseFinishedCallback
 .text.HAL_TIM_TriggerCallback
                0x00000000080052ae       0x14 Drivers/STM32L4xx_HAL_Driver/Src/stm32l4xx_hal_tim.o
                0x00000000080052ae                HAL_TIM_TriggerCallback
 *fill*         0x00000000080052c2        0x2 
 .text.TIM_Base_SetConfig
                0x00000000080052c4      0x134 Drivers/STM32L4xx_HAL_Driver/Src/stm32l4xx_hal_tim.o
                0x00000000080052c4                TIM_Base_SetConfig
 .text.HAL_TIMEx_CommutCallback
                0x00000000080053f8       0x14 Drivers/STM32L4xx_HAL_Driver/Src/stm32l4xx_hal_tim_ex.o
                0x00000000080053f8                HAL_TIMEx_CommutCallback
 .text.HAL_TIMEx_BreakCallback
                0x000000000800540c       0x14 Drivers/STM32L4xx_HAL_Driver/Src/stm32l4xx_hal_tim_ex.o
                0x000000000800540c                HAL_TIMEx_BreakCallback
 .text.HAL_TIMEx_Break2Callback
                0x0000000008005420       0x14 Drivers/STM32L4xx_HAL_Driver/Src/stm32l4xx_hal_tim_ex.o
                0x0000000008005420                HAL_TIMEx_Break2Callback
 .text.HAL_UART_Init
                0x0000000008005434       0x9c Drivers/STM32L4xx_HAL_Driver/Src/stm32l4xx_hal_uart.o
                0x0000000008005434                HAL_UART_Init
 .text.HAL_UART_Transmit_DMA
                0x00000000080054d0       0xf8 Drivers/STM32L4xx_HAL_Driver/Src/stm32l4xx_hal_uart.o
                0x00000000080054d0                HAL_UART_Transmit_DMA
 .text.HAL_UART_IRQHandler
                0x00000000080055c8      0x260 Drivers/STM32L4xx_HAL_Driver/Src/stm32l4xx_hal_uart.o
                0x00000000080055c8                HAL_UART_IRQHandler
 .text.HAL_UART_TxCpltCallback
                0x0000000008005828       0x14 Drivers/STM32L4xx_HAL_Driver/Src/stm32l4xx_hal_uart.o
                0x0000000008005828                HAL_UART_TxCpltCallback
 .text.HAL_UART_TxHalfCpltCallback
                0x000000000800583c       0x14 Drivers/STM32L4xx_HAL_Driver/Src/stm32l4xx_hal_uart.o
                0x000000000800583c                HAL_UART_TxHalfCpltCallback
 .text.HAL_UART_ErrorCallback
                0x0000000008005850       0x14 Drivers/STM32L4xx_HAL_Driver/Src/stm32l4xx_hal_uart.o
                0x0000000008005850                HAL_UART_ErrorCallback
 .text.UART_SetConfig
                0x0000000008005864      0x690 Drivers/STM32L4xx_HAL_Driver/Src/stm32l4xx_hal_uart.o
                0x0000000008005864                UART_SetConfig
 .text.UART_AdvFeatureConfig
                0x0000000008005ef4      0x144 Drivers/STM32L4xx_HAL_Driver/Src/stm32l4xx_hal_uart.o
                0x0000000008005ef4                UART_AdvFeatureConfig
 .text.UART_CheckIdleState
                0x0000000008006038       0x8a Drivers/STM32L4xx_HAL_Driver/Src/stm32l4xx_hal_uart.o
                0x0000000008006038                UART_CheckIdleState
 .text.UART_WaitOnFlagUntilTimeout
                0x00000000080060c2       0x90 Drivers/STM32L4xx_HAL_Driver/Src/stm32l4xx_hal_uart.o
                0x00000000080060c2                UART_WaitOnFlagUntilTimeout
 .text.UART_EndTxTransfer
                0x0000000008006152       0x2a Drivers/STM32L4xx_HAL_Driver/Src/stm32l4xx_hal_uart.o
 .text.UART_EndRxTransfer
                0x000000000800617c       0x40 Drivers/STM32L4xx_HAL_Driver/Src/stm32l4xx_hal_uart.o
 .text.UART_DMATransmitCplt
                0x00000000080061bc       0x54 Drivers/STM32L4xx_HAL_Driver/Src/stm32l4xx_hal_uart.o
 .text.UART_DMATxHalfCplt
                0x0000000008006210       0x1c Drivers/STM32L4xx_HAL_Driver/Src/stm32l4xx_hal_uart.o
 .text.UART_DMAError
                0x000000000800622c       0x78 Drivers/STM32L4xx_HAL_Driver/Src/stm32l4xx_hal_uart.o
 .text.UART_DMAAbortOnError
                0x00000000080062a4       0x2c Drivers/STM32L4xx_HAL_Driver/Src/stm32l4xx_hal_uart.o
 .text.UART_EndTransmit_IT
                0x00000000080062d0       0x32 Drivers/STM32L4xx_HAL_Driver/Src/stm32l4xx_hal_uart.o
 .text.HAL_UARTEx_WakeupCallback
                0x0000000008006302       0x14 Drivers/STM32L4xx_HAL_Driver/Src/stm32l4xx_hal_uart_ex.o
                0x0000000008006302                HAL_UARTEx_WakeupCallback
 .text.USB_CoreInit
                0x0000000008006316       0xa4 Drivers/STM32L4xx_HAL_Driver/Src/stm32l4xx_ll_usb.o
                0x0000000008006316                USB_CoreInit
 .text.USB_EnableGlobalInt
                0x00000000080063ba       0x22 Drivers/STM32L4xx_HAL_Driver/Src/stm32l4xx_ll_usb.o
                0x00000000080063ba                USB_EnableGlobalInt
 .text.USB_DisableGlobalInt
                0x00000000080063dc       0x22 Drivers/STM32L4xx_HAL_Driver/Src/stm32l4xx_ll_usb.o
                0x00000000080063dc                USB_DisableGlobalInt
 .text.USB_SetCurrentMode
                0x00000000080063fe       0x54 Drivers/STM32L4xx_HAL_Driver/Src/stm32l4xx_ll_usb.o
                0x00000000080063fe                USB_SetCurrentMode
 *fill*         0x0000000008006452        0x2 
 .text.USB_FlushTxFifo
                0x0000000008006454       0x4c Drivers/STM32L4xx_HAL_Driver/Src/stm32l4xx_ll_usb.o
                0x0000000008006454                USB_FlushTxFifo
 .text.USB_FlushRxFifo
                0x00000000080064a0       0x44 Drivers/STM32L4xx_HAL_Driver/Src/stm32l4xx_ll_usb.o
                0x00000000080064a0                USB_FlushRxFifo
 .text.USB_WritePacket
                0x00000000080064e4       0x62 Drivers/STM32L4xx_HAL_Driver/Src/stm32l4xx_ll_usb.o
                0x00000000080064e4                USB_WritePacket
 .text.USB_ReadPacket
                0x0000000008006546       0x52 Drivers/STM32L4xx_HAL_Driver/Src/stm32l4xx_ll_usb.o
                0x0000000008006546                USB_ReadPacket
 .text.USB_ReadInterrupts
                0x0000000008006598       0x26 Drivers/STM32L4xx_HAL_Driver/Src/stm32l4xx_ll_usb.o
                0x0000000008006598                USB_ReadInterrupts
 .text.USB_GetMode
                0x00000000080065be       0x1c Drivers/STM32L4xx_HAL_Driver/Src/stm32l4xx_ll_usb.o
                0x00000000080065be                USB_GetMode
 *fill*         0x00000000080065da        0x2 
 .text.USB_CoreReset
                0x00000000080065dc       0x68 Drivers/STM32L4xx_HAL_Driver/Src/stm32l4xx_ll_usb.o
 .text.USB_HostInit
                0x0000000008006644       0xfc Drivers/STM32L4xx_HAL_Driver/Src/stm32l4xx_ll_usb.o
                0x0000000008006644                USB_HostInit
 .text.USB_InitFSLSPClkSel
                0x0000000008006740       0x74 Drivers/STM32L4xx_HAL_Driver/Src/stm32l4xx_ll_usb.o
                0x0000000008006740                USB_InitFSLSPClkSel
 .text.USB_ResetPort
                0x00000000080067b4       0x54 Drivers/STM32L4xx_HAL_Driver/Src/stm32l4xx_ll_usb.o
                0x00000000080067b4                USB_ResetPort
 .text.USB_DriveVbus
                0x0000000008006808       0x72 Drivers/STM32L4xx_HAL_Driver/Src/stm32l4xx_ll_usb.o
                0x0000000008006808                USB_DriveVbus
 .text.USB_GetHostSpeed
                0x000000000800687a       0x2e Drivers/STM32L4xx_HAL_Driver/Src/stm32l4xx_ll_usb.o
                0x000000000800687a                USB_GetHostSpeed
 .text.USB_GetCurrentFrame
                0x00000000080068a8       0x22 Drivers/STM32L4xx_HAL_Driver/Src/stm32l4xx_ll_usb.o
                0x00000000080068a8                USB_GetCurrentFrame
 *fill*         0x00000000080068ca        0x2 
 .text.USB_HC_Init
                0x00000000080068cc      0x1e4 Drivers/STM32L4xx_HAL_Driver/Src/stm32l4xx_ll_usb.o
                0x00000000080068cc                USB_HC_Init
 .text.USB_HC_StartXfer
                0x0000000008006ab0      0x200 Drivers/STM32L4xx_HAL_Driver/Src/stm32l4xx_ll_usb.o
                0x0000000008006ab0                USB_HC_StartXfer
 .text.USB_HC_ReadInterrupt
                0x0000000008006cb0       0x22 Drivers/STM32L4xx_HAL_Driver/Src/stm32l4xx_ll_usb.o
                0x0000000008006cb0                USB_HC_ReadInterrupt
 .text.USB_HC_Halt
                0x0000000008006cd2      0x1fe Drivers/STM32L4xx_HAL_Driver/Src/stm32l4xx_ll_usb.o
                0x0000000008006cd2                USB_HC_Halt
 .text.USB_StopHost
                0x0000000008006ed0      0x10c Drivers/STM32L4xx_HAL_Driver/Src/stm32l4xx_ll_usb.o
                0x0000000008006ed0                USB_StopHost
 .text.USBH_CDC_InterfaceInit
                0x0000000008006fdc      0x282 Middlewares/ST/STM32_USB_Host_Library/Class/CDC/Src/usbh_cdc.o
 .text.USBH_CDC_InterfaceDeInit
                0x000000000800725e       0xb2 Middlewares/ST/STM32_USB_Host_Library/Class/CDC/Src/usbh_cdc.o
 .text.USBH_CDC_ClassRequest
                0x0000000008007310       0x42 Middlewares/ST/STM32_USB_Host_Library/Class/CDC/Src/usbh_cdc.o
 *fill*         0x0000000008007352        0x2 
 .text.USBH_CDC_Process
                0x0000000008007354      0x12c Middlewares/ST/STM32_USB_Host_Library/Class/CDC/Src/usbh_cdc.o
 .text.USBH_CDC_SOFProcess
                0x0000000008007480       0x16 Middlewares/ST/STM32_USB_Host_Library/Class/CDC/Src/usbh_cdc.o
 .text.GetLineCoding
                0x0000000008007496       0x3e Middlewares/ST/STM32_USB_Host_Library/Class/CDC/Src/usbh_cdc.o
 .text.SetLineCoding
                0x00000000080074d4       0x3e Middlewares/ST/STM32_USB_Host_Library/Class/CDC/Src/usbh_cdc.o
 .text.CDC_ProcessTransmission
                0x0000000008007512      0x128 Middlewares/ST/STM32_USB_Host_Library/Class/CDC/Src/usbh_cdc.o
 .text.CDC_ProcessReception
                0x000000000800763a       0xd2 Middlewares/ST/STM32_USB_Host_Library/Class/CDC/Src/usbh_cdc.o
 .text.USBH_CDC_TransmitCallback
                0x000000000800770c       0x14 Middlewares/ST/STM32_USB_Host_Library/Class/CDC/Src/usbh_cdc.o
                0x000000000800770c                USBH_CDC_TransmitCallback
 .text.USBH_CDC_ReceiveCallback
                0x0000000008007720       0x14 Middlewares/ST/STM32_USB_Host_Library/Class/CDC/Src/usbh_cdc.o
                0x0000000008007720                USBH_CDC_ReceiveCallback
 .text.USBH_CDC_LineCodingChanged
                0x0000000008007734       0x14 Middlewares/ST/STM32_USB_Host_Library/Class/CDC/Src/usbh_cdc.o
                0x0000000008007734                USBH_CDC_LineCodingChanged
 .text.USBH_Init
                0x0000000008007748       0xa4 Middlewares/ST/STM32_USB_Host_Library/Core/Src/usbh_core.o
                0x0000000008007748                USBH_Init
 .text.DeInitStateMachine
                0x00000000080077ec       0x92 Middlewares/ST/STM32_USB_Host_Library/Core/Src/usbh_core.o
 .text.USBH_RegisterClass
                0x000000000800787e       0x56 Middlewares/ST/STM32_USB_Host_Library/Core/Src/usbh_core.o
                0x000000000800787e                USBH_RegisterClass
 .text.USBH_SelectInterface
                0x00000000080078d4       0x38 Middlewares/ST/STM32_USB_Host_Library/Core/Src/usbh_core.o
                0x00000000080078d4                USBH_SelectInterface
 .text.USBH_FindInterface
                0x000000000800790c       0x8c Middlewares/ST/STM32_USB_Host_Library/Core/Src/usbh_core.o
                0x000000000800790c                USBH_FindInterface
 .text.USBH_Start
                0x0000000008007998       0x20 Middlewares/ST/STM32_USB_Host_Library/Core/Src/usbh_core.o
                0x0000000008007998                USBH_Start
 .text.USBH_Process
                0x00000000080079b8      0x3c0 Middlewares/ST/STM32_USB_Host_Library/Core/Src/usbh_core.o
                0x00000000080079b8                USBH_Process
 .text.USBH_HandleEnum
                0x0000000008007d78      0x2a8 Middlewares/ST/STM32_USB_Host_Library/Core/Src/usbh_core.o
 .text.USBH_LL_SetTimer
                0x0000000008008020       0x1e Middlewares/ST/STM32_USB_Host_Library/Core/Src/usbh_core.o
                0x0000000008008020                USBH_LL_SetTimer
 .text.USBH_LL_IncTimer
                0x000000000800803e       0x24 Middlewares/ST/STM32_USB_Host_Library/Core/Src/usbh_core.o
                0x000000000800803e                USBH_LL_IncTimer
 .text.USBH_HandleSof
                0x0000000008008062       0x30 Middlewares/ST/STM32_USB_Host_Library/Core/Src/usbh_core.o
 .text.USBH_LL_PortEnabled
                0x0000000008008092       0x1c Middlewares/ST/STM32_USB_Host_Library/Core/Src/usbh_core.o
                0x0000000008008092                USBH_LL_PortEnabled
 .text.USBH_LL_PortDisabled
                0x00000000080080ae       0x1c Middlewares/ST/STM32_USB_Host_Library/Core/Src/usbh_core.o
                0x00000000080080ae                USBH_LL_PortDisabled
 .text.USBH_IsPortEnabled
                0x00000000080080ca       0x1a Middlewares/ST/STM32_USB_Host_Library/Core/Src/usbh_core.o
                0x00000000080080ca                USBH_IsPortEnabled
 .text.USBH_LL_Connect
                0x00000000080080e4       0x68 Middlewares/ST/STM32_USB_Host_Library/Core/Src/usbh_core.o
                0x00000000080080e4                USBH_LL_Connect
 .text.USBH_LL_Disconnect
                0x000000000800814c       0x76 Middlewares/ST/STM32_USB_Host_Library/Core/Src/usbh_core.o
                0x000000000800814c                USBH_LL_Disconnect
 .text.USBH_Process_OS
                0x00000000080081c2       0x2a Middlewares/ST/STM32_USB_Host_Library/Core/Src/usbh_core.o
 .text.USBH_LL_NotifyURBChange
                0x00000000080081ec       0x2e Middlewares/ST/STM32_USB_Host_Library/Core/Src/usbh_core.o
                0x00000000080081ec                USBH_LL_NotifyURBChange
 .text.USBH_Get_DevDesc
                0x000000000800821a       0x50 Middlewares/ST/STM32_USB_Host_Library/Core/Src/usbh_ctlreq.o
                0x000000000800821a                USBH_Get_DevDesc
 .text.USBH_Get_CfgDesc
                0x000000000800826a       0x48 Middlewares/ST/STM32_USB_Host_Library/Core/Src/usbh_ctlreq.o
                0x000000000800826a                USBH_Get_CfgDesc
 .text.USBH_Get_StringDesc
                0x00000000080082b2       0x56 Middlewares/ST/STM32_USB_Host_Library/Core/Src/usbh_ctlreq.o
                0x00000000080082b2                USBH_Get_StringDesc
 .text.USBH_GetDescriptor
                0x0000000008008308       0x6a Middlewares/ST/STM32_USB_Host_Library/Core/Src/usbh_ctlreq.o
                0x0000000008008308                USBH_GetDescriptor
 .text.USBH_SetAddress
                0x0000000008008372       0x48 Middlewares/ST/STM32_USB_Host_Library/Core/Src/usbh_ctlreq.o
                0x0000000008008372                USBH_SetAddress
 .text.USBH_SetCfg
                0x00000000080083ba       0x46 Middlewares/ST/STM32_USB_Host_Library/Core/Src/usbh_ctlreq.o
                0x00000000080083ba                USBH_SetCfg
 .text.USBH_SetFeature
                0x0000000008008400       0x48 Middlewares/ST/STM32_USB_Host_Library/Core/Src/usbh_ctlreq.o
                0x0000000008008400                USBH_SetFeature
 .text.USBH_ClrFeature
                0x0000000008008448       0x48 Middlewares/ST/STM32_USB_Host_Library/Core/Src/usbh_ctlreq.o
                0x0000000008008448                USBH_ClrFeature
 .text.USBH_ParseDevDesc
                0x0000000008008490       0xe0 Middlewares/ST/STM32_USB_Host_Library/Core/Src/usbh_ctlreq.o
 .text.USBH_ParseCfgDesc
                0x0000000008008570      0x144 Middlewares/ST/STM32_USB_Host_Library/Core/Src/usbh_ctlreq.o
 .text.USBH_ParseInterfaceDesc
                0x00000000080086b4       0x5e Middlewares/ST/STM32_USB_Host_Library/Core/Src/usbh_ctlreq.o
 .text.USBH_ParseEPDesc
                0x0000000008008712       0x5a Middlewares/ST/STM32_USB_Host_Library/Core/Src/usbh_ctlreq.o
 .text.USBH_ParseStringDesc
                0x000000000800876c       0x66 Middlewares/ST/STM32_USB_Host_Library/Core/Src/usbh_ctlreq.o
 .text.USBH_GetNextDesc
                0x00000000080087d2       0x36 Middlewares/ST/STM32_USB_Host_Library/Core/Src/usbh_ctlreq.o
                0x00000000080087d2                USBH_GetNextDesc
 .text.USBH_CtlReq
                0x0000000008008808       0xb0 Middlewares/ST/STM32_USB_Host_Library/Core/Src/usbh_ctlreq.o
                0x0000000008008808                USBH_CtlReq
 .text.USBH_HandleControl
                0x00000000080088b8      0x47c Middlewares/ST/STM32_USB_Host_Library/Core/Src/usbh_ctlreq.o
 .text.USBH_CtlSendSetup
                0x0000000008008d34       0x34 Middlewares/ST/STM32_USB_Host_Library/Core/Src/usbh_ioreq.o
                0x0000000008008d34                USBH_CtlSendSetup
 .text.USBH_CtlSendData
                0x0000000008008d68       0x4a Middlewares/ST/STM32_USB_Host_Library/Core/Src/usbh_ioreq.o
                0x0000000008008d68                USBH_CtlSendData
 .text.USBH_CtlReceiveData
                0x0000000008008db2       0x3c Middlewares/ST/STM32_USB_Host_Library/Core/Src/usbh_ioreq.o
                0x0000000008008db2                USBH_CtlReceiveData
 .text.USBH_BulkSendData
                0x0000000008008dee       0x4a Middlewares/ST/STM32_USB_Host_Library/Core/Src/usbh_ioreq.o
                0x0000000008008dee                USBH_BulkSendData
 .text.USBH_BulkReceiveData
                0x0000000008008e38       0x3c Middlewares/ST/STM32_USB_Host_Library/Core/Src/usbh_ioreq.o
                0x0000000008008e38                USBH_BulkReceiveData
 .text.USBH_OpenPipe
                0x0000000008008e74       0x3e Middlewares/ST/STM32_USB_Host_Library/Core/Src/usbh_pipes.o
                0x0000000008008e74                USBH_OpenPipe
 .text.USBH_ClosePipe
                0x0000000008008eb2       0x20 Middlewares/ST/STM32_USB_Host_Library/Core/Src/usbh_pipes.o
                0x0000000008008eb2                USBH_ClosePipe
 .text.USBH_AllocPipe
                0x0000000008008ed2       0x3c Middlewares/ST/STM32_USB_Host_Library/Core/Src/usbh_pipes.o
                0x0000000008008ed2                USBH_AllocPipe
 .text.USBH_FreePipe
                0x0000000008008f0e       0x38 Middlewares/ST/STM32_USB_Host_Library/Core/Src/usbh_pipes.o
                0x0000000008008f0e                USBH_FreePipe
 .text.USBH_GetFreePipe
                0x0000000008008f46       0x46 Middlewares/ST/STM32_USB_Host_Library/Core/Src/usbh_pipes.o
 .text.makeFreeRtosPriority
                0x0000000008008f8c       0x30 Middlewares/Third_Party/FreeRTOS/Source/CMSIS_RTOS/cmsis_os.o
 .text.inHandlerMode
                0x0000000008008fbc       0x24 Middlewares/Third_Party/FreeRTOS/Source/CMSIS_RTOS/cmsis_os.o
 .text.osKernelStart
                0x0000000008008fe0        0xe Middlewares/Third_Party/FreeRTOS/Source/CMSIS_RTOS/cmsis_os.o
                0x0000000008008fe0                osKernelStart
 .text.osThreadCreate
                0x0000000008008fee       0x4e Middlewares/Third_Party/FreeRTOS/Source/CMSIS_RTOS/cmsis_os.o
                0x0000000008008fee                osThreadCreate
 .text.osDelay  0x000000000800903c       0x28 Middlewares/Third_Party/FreeRTOS/Source/CMSIS_RTOS/cmsis_os.o
                0x000000000800903c                osDelay
 .text.osMutexCreate
                0x0000000008009064       0x18 Middlewares/Third_Party/FreeRTOS/Source/CMSIS_RTOS/cmsis_os.o
                0x0000000008009064                osMutexCreate
 .text.osMessageCreate
                0x000000000800907c       0x24 Middlewares/Third_Party/FreeRTOS/Source/CMSIS_RTOS/cmsis_os.o
                0x000000000800907c                osMessageCreate
 .text.osMessagePut
                0x00000000080090a0       0x80 Middlewares/Third_Party/FreeRTOS/Source/CMSIS_RTOS/cmsis_os.o
                0x00000000080090a0                osMessagePut
 .text.osMessageGet
                0x0000000008009120       0xe8 Middlewares/Third_Party/FreeRTOS/Source/CMSIS_RTOS/cmsis_os.o
                0x0000000008009120                osMessageGet
 .text.vListInitialise
                0x0000000008009208       0x40 Middlewares/Third_Party/FreeRTOS/Source/list.o
                0x0000000008009208                vListInitialise
 .text.vListInitialiseItem
                0x0000000008009248       0x1a Middlewares/Third_Party/FreeRTOS/Source/list.o
                0x0000000008009248                vListInitialiseItem
 .text.vListInsertEnd
                0x0000000008009262       0x48 Middlewares/Third_Party/FreeRTOS/Source/list.o
                0x0000000008009262                vListInsertEnd
 .text.vListInsert
                0x00000000080092aa       0x72 Middlewares/Third_Party/FreeRTOS/Source/list.o
                0x00000000080092aa                vListInsert
 .text.uxListRemove
                0x000000000800931c       0x54 Middlewares/Third_Party/FreeRTOS/Source/list.o
                0x000000000800931c                uxListRemove
 .text.xQueueGenericReset
                0x0000000008009370       0xd0 Middlewares/Third_Party/FreeRTOS/Source/queue.o
                0x0000000008009370                xQueueGenericReset
 .text.xQueueGenericCreate
                0x0000000008009440       0x72 Middlewares/Third_Party/FreeRTOS/Source/queue.o
                0x0000000008009440                xQueueGenericCreate
 .text.prvInitialiseNewQueue
                0x00000000080094b2       0x3e Middlewares/Third_Party/FreeRTOS/Source/queue.o
 .text.prvInitialiseMutex
                0x00000000080094f0       0x34 Middlewares/Third_Party/FreeRTOS/Source/queue.o
 .text.xQueueCreateMutex
                0x0000000008009524       0x30 Middlewares/Third_Party/FreeRTOS/Source/queue.o
                0x0000000008009524                xQueueCreateMutex
 .text.xQueueGenericSend
                0x0000000008009554      0x1f4 Middlewares/Third_Party/FreeRTOS/Source/queue.o
                0x0000000008009554                xQueueGenericSend
 .text.xQueueGenericSendFromISR
                0x0000000008009748      0x128 Middlewares/Third_Party/FreeRTOS/Source/queue.o
                0x0000000008009748                xQueueGenericSendFromISR
 .text.xQueueReceive
                0x0000000008009870      0x1b8 Middlewares/Third_Party/FreeRTOS/Source/queue.o
                0x0000000008009870                xQueueReceive
 .text.xQueueReceiveFromISR
                0x0000000008009a28       0xfa Middlewares/Third_Party/FreeRTOS/Source/queue.o
                0x0000000008009a28                xQueueReceiveFromISR
 .text.prvCopyDataToQueue
                0x0000000008009b22       0xd4 Middlewares/Third_Party/FreeRTOS/Source/queue.o
 .text.prvCopyDataFromQueue
                0x0000000008009bf6       0x4c Middlewares/Third_Party/FreeRTOS/Source/queue.o
 .text.prvUnlockQueue
                0x0000000008009c42       0xa4 Middlewares/Third_Party/FreeRTOS/Source/queue.o
 .text.prvIsQueueEmpty
                0x0000000008009ce6       0x2c Middlewares/Third_Party/FreeRTOS/Source/queue.o
 .text.prvIsQueueFull
                0x0000000008009d12       0x30 Middlewares/Third_Party/FreeRTOS/Source/queue.o
 .text.xTaskCreate
                0x0000000008009d42       0x82 Middlewares/Third_Party/FreeRTOS/Source/tasks.o
                0x0000000008009d42                xTaskCreate
 .text.prvInitialiseNewTask
                0x0000000008009dc4       0xfc Middlewares/Third_Party/FreeRTOS/Source/tasks.o
 .text.prvAddNewTaskToReadyList
                0x0000000008009ec0       0xd4 Middlewares/Third_Party/FreeRTOS/Source/tasks.o
 .text.vTaskDelay
                0x0000000008009f94       0x68 Middlewares/Third_Party/FreeRTOS/Source/tasks.o
                0x0000000008009f94                vTaskDelay
 .text.vTaskStartScheduler
                0x0000000008009ffc       0x8c Middlewares/Third_Party/FreeRTOS/Source/tasks.o
                0x0000000008009ffc                vTaskStartScheduler
 .text.vTaskSuspendAll
                0x000000000800a088       0x1c Middlewares/Third_Party/FreeRTOS/Source/tasks.o
                0x000000000800a088                vTaskSuspendAll
 .text.xTaskResumeAll
                0x000000000800a0a4      0x138 Middlewares/Third_Party/FreeRTOS/Source/tasks.o
                0x000000000800a0a4                xTaskResumeAll
 .text.xTaskIncrementTick
                0x000000000800a1dc      0x178 Middlewares/Third_Party/FreeRTOS/Source/tasks.o
                0x000000000800a1dc                xTaskIncrementTick
 .text.vTaskSwitchContext
                0x000000000800a354       0xb4 Middlewares/Third_Party/FreeRTOS/Source/tasks.o
                0x000000000800a354                vTaskSwitchContext
 .text.vTaskPlaceOnEventList
                0x000000000800a408       0x48 Middlewares/Third_Party/FreeRTOS/Source/tasks.o
                0x000000000800a408                vTaskPlaceOnEventList
 .text.xTaskRemoveFromEventList
                0x000000000800a450       0xc4 Middlewares/Third_Party/FreeRTOS/Source/tasks.o
                0x000000000800a450                xTaskRemoveFromEventList
 .text.vTaskInternalSetTimeOutState
                0x000000000800a514       0x2c Middlewares/Third_Party/FreeRTOS/Source/tasks.o
                0x000000000800a514                vTaskInternalSetTimeOutState
 .text.xTaskCheckForTimeOut
                0x000000000800a540       0xc0 Middlewares/Third_Party/FreeRTOS/Source/tasks.o
                0x000000000800a540                xTaskCheckForTimeOut
 .text.vTaskMissedYield
                0x000000000800a600       0x18 Middlewares/Third_Party/FreeRTOS/Source/tasks.o
                0x000000000800a600                vTaskMissedYield
 .text.prvIdleTask
                0x000000000800a618       0x30 Middlewares/Third_Party/FreeRTOS/Source/tasks.o
 .text.prvInitialiseTaskLists
                0x000000000800a648       0x80 Middlewares/Third_Party/FreeRTOS/Source/tasks.o
 .text.prvCheckTasksWaitingTermination
                0x000000000800a6c8       0x58 Middlewares/Third_Party/FreeRTOS/Source/tasks.o
 .text.prvDeleteTCB
                0x000000000800a720       0x20 Middlewares/Third_Party/FreeRTOS/Source/tasks.o
 .text.prvResetNextTaskUnblockTime
                0x000000000800a740       0x4c Middlewares/Third_Party/FreeRTOS/Source/tasks.o
 .text.xTaskGetSchedulerState
                0x000000000800a78c       0x3c Middlewares/Third_Party/FreeRTOS/Source/tasks.o
                0x000000000800a78c                xTaskGetSchedulerState
 .text.xTaskPriorityDisinherit
                0x000000000800a7c8      0x108 Middlewares/Third_Party/FreeRTOS/Source/tasks.o
                0x000000000800a7c8                xTaskPriorityDisinherit
 .text.prvAddCurrentTaskToDelayedList
                0x000000000800a8d0       0xcc Middlewares/Third_Party/FreeRTOS/Source/tasks.o
 .text.pxPortInitialiseStack
                0x000000000800a99c       0x68 Middlewares/Third_Party/FreeRTOS/Source/portable/GCC/ARM_CM4F/port.o
                0x000000000800a99c                pxPortInitialiseStack
 .text.prvTaskExitError
                0x000000000800aa04       0x54 Middlewares/Third_Party/FreeRTOS/Source/portable/GCC/ARM_CM4F/port.o
 *fill*         0x000000000800aa58        0x8 
 .text.SVC_Handler
                0x000000000800aa60       0x28 Middlewares/Third_Party/FreeRTOS/Source/portable/GCC/ARM_CM4F/port.o
                0x000000000800aa60                SVC_Handler
 .text.prvPortStartFirstTask
                0x000000000800aa88       0x28 Middlewares/Third_Party/FreeRTOS/Source/portable/GCC/ARM_CM4F/port.o
 .text.xPortStartScheduler
                0x000000000800aab0      0x13c Middlewares/Third_Party/FreeRTOS/Source/portable/GCC/ARM_CM4F/port.o
                0x000000000800aab0                xPortStartScheduler
 .text.vPortEnterCritical
                0x000000000800abec       0x5c Middlewares/Third_Party/FreeRTOS/Source/portable/GCC/ARM_CM4F/port.o
                0x000000000800abec                vPortEnterCritical
 .text.vPortExitCritical
                0x000000000800ac48       0x50 Middlewares/Third_Party/FreeRTOS/Source/portable/GCC/ARM_CM4F/port.o
                0x000000000800ac48                vPortExitCritical
 *fill*         0x000000000800ac98        0x8 
 .text.PendSV_Handler
                0x000000000800aca0       0x68 Middlewares/Third_Party/FreeRTOS/Source/portable/GCC/ARM_CM4F/port.o
                0x000000000800aca0                PendSV_Handler
 .text.SysTick_Handler
                0x000000000800ad08       0x40 Middlewares/Third_Party/FreeRTOS/Source/portable/GCC/ARM_CM4F/port.o
                0x000000000800ad08                SysTick_Handler
 .text.vPortSetupTimerInterrupt
                0x000000000800ad48       0x48 Middlewares/Third_Party/FreeRTOS/Source/portable/GCC/ARM_CM4F/port.o
                0x000000000800ad48                vPortSetupTimerInterrupt
 .text.vPortEnableVFP
                0x000000000800ad90       0x14 Middlewares/Third_Party/FreeRTOS/Source/portable/GCC/ARM_CM4F/port.o
 .text.vPortValidateInterruptPriority
                0x000000000800ada4       0x7c Middlewares/Third_Party/FreeRTOS/Source/portable/GCC/ARM_CM4F/port.o
                0x000000000800ada4                vPortValidateInterruptPriority
 .text.pvPortMalloc
                0x000000000800ae20      0x184 Middlewares/Third_Party/FreeRTOS/Source/portable/MemMang/heap_4.o
                0x000000000800ae20                pvPortMalloc
 .text.vPortFree
                0x000000000800afa4       0xb0 Middlewares/Third_Party/FreeRTOS/Source/portable/MemMang/heap_4.o
                0x000000000800afa4                vPortFree
 .text.prvHeapInit
                0x000000000800b054       0xc4 Middlewares/Third_Party/FreeRTOS/Source/portable/MemMang/heap_4.o
 .text.prvInsertBlockIntoFreeList
                0x000000000800b118       0xb4 Middlewares/Third_Party/FreeRTOS/Source/portable/MemMang/heap_4.o
 .text.MX_FREERTOS_Init
                0x000000000800b1cc       0x78 Src/freertos.o
                0x000000000800b1cc                MX_FREERTOS_Init
 .text.Thread1  0x000000000800b244       0x44 Src/freertos.o
                0x000000000800b244                Thread1
 .text.Thread2  0x000000000800b288       0x10 Src/freertos.o
                0x000000000800b288                Thread2
 .text.MX_GPIO_Init
                0x000000000800b298      0x278 Src/gpio.o
                0x000000000800b298                MX_GPIO_Init
 .text.MX_I2C1_Init
                0x000000000800b510       0x80 Src/i2c.o
                0x000000000800b510                MX_I2C1_Init
 .text.MX_I2C2_Init
                0x000000000800b590       0x80 Src/i2c.o
                0x000000000800b590                MX_I2C2_Init
 .text.HAL_I2C_MspInit
                0x000000000800b610       0xe8 Src/i2c.o
                0x000000000800b610                HAL_I2C_MspInit
 .text.MX_LCD_Init
                0x000000000800b6f8       0x70 Src/lcd.o
                0x000000000800b6f8                MX_LCD_Init
 .text.HAL_LCD_MspInit
                0x000000000800b768      0x144 Src/lcd.o
                0x000000000800b768                HAL_LCD_MspInit
 .text.main     0x000000000800b8ac       0x36 Src/main.o
                0x000000000800b8ac                main
 *fill*         0x000000000800b8e2        0x2 
 .text.SystemClock_Config
                0x000000000800b8e4      0x12c Src/main.o
                0x000000000800b8e4                SystemClock_Config
 .text.HAL_TIM_PeriodElapsedCallback
                0x000000000800ba10       0x24 Src/main.o
                0x000000000800ba10                HAL_TIM_PeriodElapsedCallback
 .text.Error_Handler
                0x000000000800ba34        0xe Src/main.o
                0x000000000800ba34                Error_Handler
 *fill*         0x000000000800ba42        0x2 
 .text.MX_QUADSPI_Init
                0x000000000800ba44       0x4c Src/quadspi.o
                0x000000000800ba44                MX_QUADSPI_Init
 .text.HAL_QSPI_MspInit
                0x000000000800ba90       0x88 Src/quadspi.o
                0x000000000800ba90                HAL_QSPI_MspInit
 .text.crc16    0x000000000800bb18       0x78 Src/roboclaw.o
                0x000000000800bb18                crc16
 .text.in_range
                0x000000000800bb90       0x38 Src/roboclaw.o
                0x000000000800bb90                in_range
 .text.motorForward
                0x000000000800bbc8       0x78 Src/roboclaw.o
                0x000000000800bbc8                motorForward
 .text.motorBackward
                0x000000000800bc40       0x78 Src/roboclaw.o
                0x000000000800bc40                motorBackward
 .text.motorMove
                0x000000000800bcb8       0x60 Src/roboclaw.o
                0x000000000800bcb8                motorMove
 .text.MX_SAI1_Init
                0x000000000800bd18      0x150 Src/sai.o
                0x000000000800bd18                MX_SAI1_Init
 .text.HAL_SAI_MspInit
                0x000000000800be68       0xf0 Src/sai.o
                0x000000000800be68                HAL_SAI_MspInit
 .text.MX_SPI2_Init
                0x000000000800bf58       0x7c Src/spi.o
                0x000000000800bf58                MX_SPI2_Init
 .text.HAL_SPI_MspInit
                0x000000000800bfd4       0x88 Src/spi.o
                0x000000000800bfd4                HAL_SPI_MspInit
 .text.HAL_MspInit
                0x000000000800c05c       0x50 Src/stm32l4xx_hal_msp.o
                0x000000000800c05c                HAL_MspInit
 .text.HAL_InitTick
                0x000000000800c0ac       0xac Src/stm32l4xx_hal_timebase_tim.o
                0x000000000800c0ac                HAL_InitTick
 .text.NMI_Handler
                0x000000000800c158        0xe Src/stm32l4xx_it.o
                0x000000000800c158                NMI_Handler
 .text.HardFault_Handler
                0x000000000800c166        0x6 Src/stm32l4xx_it.o
                0x000000000800c166                HardFault_Handler
 .text.MemManage_Handler
                0x000000000800c16c        0x6 Src/stm32l4xx_it.o
                0x000000000800c16c                MemManage_Handler
 .text.BusFault_Handler
                0x000000000800c172        0x6 Src/stm32l4xx_it.o
                0x000000000800c172                BusFault_Handler
 .text.UsageFault_Handler
                0x000000000800c178        0x6 Src/stm32l4xx_it.o
                0x000000000800c178                UsageFault_Handler
 .text.DebugMon_Handler
                0x000000000800c17e        0xe Src/stm32l4xx_it.o
                0x000000000800c17e                DebugMon_Handler
 .text.TIM1_UP_TIM16_IRQHandler
                0x000000000800c18c       0x14 Src/stm32l4xx_it.o
                0x000000000800c18c                TIM1_UP_TIM16_IRQHandler
 .text.USART2_IRQHandler
                0x000000000800c1a0       0x14 Src/stm32l4xx_it.o
                0x000000000800c1a0                USART2_IRQHandler
 .text.OTG_FS_IRQHandler
                0x000000000800c1b4       0x14 Src/stm32l4xx_it.o
                0x000000000800c1b4                OTG_FS_IRQHandler
 .text._sbrk    0x000000000800c1c8       0x58 Src/sysmem.o
                0x000000000800c1c8                _sbrk
 .text.SystemInit
                0x000000000800c220       0x6c Src/system_stm32l4xx.o
                0x000000000800c220                SystemInit
 .text.MX_USART2_UART_Init
                0x000000000800c28c       0x60 Src/usart.o
                0x000000000800c28c                MX_USART2_UART_Init
 .text.HAL_UART_MspInit
                0x000000000800c2ec       0x94 Src/usart.o
                0x000000000800c2ec                HAL_UART_MspInit
 .text.MX_USB_HOST_Init
                0x000000000800c380       0x4c Src/usb_host.o
                0x000000000800c380                MX_USB_HOST_Init
 .text.USBH_UserProcess
                0x000000000800c3cc       0x5c Src/usb_host.o
 .text.HAL_HCD_MspInit
                0x000000000800c428       0xcc Src/usbh_conf.o
                0x000000000800c428                HAL_HCD_MspInit
 .text.HAL_HCD_SOF_Callback
                0x000000000800c4f4       0x1c Src/usbh_conf.o
                0x000000000800c4f4                HAL_HCD_SOF_Callback
 .text.HAL_HCD_Connect_Callback
                0x000000000800c510       0x1c Src/usbh_conf.o
                0x000000000800c510                HAL_HCD_Connect_Callback
 .text.HAL_HCD_Disconnect_Callback
                0x000000000800c52c       0x1c Src/usbh_conf.o
                0x000000000800c52c                HAL_HCD_Disconnect_Callback
 .text.HAL_HCD_HC_NotifyURBChange_Callback
                0x000000000800c548       0x24 Src/usbh_conf.o
                0x000000000800c548                HAL_HCD_HC_NotifyURBChange_Callback
 .text.HAL_HCD_PortEnabled_Callback
                0x000000000800c56c       0x1c Src/usbh_conf.o
                0x000000000800c56c                HAL_HCD_PortEnabled_Callback
 .text.HAL_HCD_PortDisabled_Callback
                0x000000000800c588       0x1c Src/usbh_conf.o
                0x000000000800c588                HAL_HCD_PortDisabled_Callback
 .text.USBH_LL_Init
                0x000000000800c5a4       0x78 Src/usbh_conf.o
                0x000000000800c5a4                USBH_LL_Init
 .text.USBH_LL_Start
                0x000000000800c61c       0x36 Src/usbh_conf.o
                0x000000000800c61c                USBH_LL_Start
 .text.USBH_LL_Stop
                0x000000000800c652       0x36 Src/usbh_conf.o
                0x000000000800c652                USBH_LL_Stop
 .text.USBH_LL_GetSpeed
                0x000000000800c688       0x4a Src/usbh_conf.o
                0x000000000800c688                USBH_LL_GetSpeed
 .text.USBH_LL_ResetPort
                0x000000000800c6d2       0x36 Src/usbh_conf.o
                0x000000000800c6d2                USBH_LL_ResetPort
 .text.USBH_LL_GetLastXferSize
                0x000000000800c708       0x26 Src/usbh_conf.o
                0x000000000800c708                USBH_LL_GetLastXferSize
 .text.USBH_LL_OpenPipe
                0x000000000800c72e       0x5e Src/usbh_conf.o
                0x000000000800c72e                USBH_LL_OpenPipe
 .text.USBH_LL_ClosePipe
                0x000000000800c78c       0x3e Src/usbh_conf.o
                0x000000000800c78c                USBH_LL_ClosePipe
 .text.USBH_LL_SubmitURB
                0x000000000800c7ca       0x62 Src/usbh_conf.o
                0x000000000800c7ca                USBH_LL_SubmitURB
 .text.USBH_LL_GetURBState
                0x000000000800c82c       0x26 Src/usbh_conf.o
                0x000000000800c82c                USBH_LL_GetURBState
 .text.USBH_LL_DriverVBUS
                0x000000000800c852       0x2e Src/usbh_conf.o
                0x000000000800c852                USBH_LL_DriverVBUS
 .text.USBH_LL_SetToggle
                0x000000000800c880       0x66 Src/usbh_conf.o
                0x000000000800c880                USBH_LL_SetToggle
 .text.USBH_Delay
                0x000000000800c8e6       0x16 Src/usbh_conf.o
                0x000000000800c8e6                USBH_Delay
 .text.USBH_Get_USB_Status
                0x000000000800c8fc       0x58 Src/usbh_conf.o
                0x000000000800c8fc                USBH_Get_USB_Status
 .text.MX_DriverVbusFS
                0x000000000800c954       0x38 Src/usbh_platform.o
                0x000000000800c954                MX_DriverVbusFS
 .text.Reset_Handler
                0x000000000800c98c       0x50 Startup/startup_stm32l476vgtx.o
                0x000000000800c98c                Reset_Handler
 .text.Default_Handler
                0x000000000800c9dc        0x2 Startup/startup_stm32l476vgtx.o
                0x000000000800c9dc                RTC_Alarm_IRQHandler
                0x000000000800c9dc                EXTI2_IRQHandler
                0x000000000800c9dc                TIM8_TRG_COM_IRQHandler
                0x000000000800c9dc                TIM8_CC_IRQHandler
                0x000000000800c9dc                TIM1_CC_IRQHandler
                0x000000000800c9dc                TSC_IRQHandler
                0x000000000800c9dc                TAMP_STAMP_IRQHandler
                0x000000000800c9dc                EXTI3_IRQHandler
                0x000000000800c9dc                LPTIM2_IRQHandler
                0x000000000800c9dc                DFSDM1_FLT1_IRQHandler
                0x000000000800c9dc                I2C3_ER_IRQHandler
                0x000000000800c9dc                DFSDM1_FLT2_IRQHandler
                0x000000000800c9dc                EXTI0_IRQHandler
                0x000000000800c9dc                I2C2_EV_IRQHandler
                0x000000000800c9dc                CAN1_RX0_IRQHandler
                0x000000000800c9dc                FPU_IRQHandler
                0x000000000800c9dc                ADC1_2_IRQHandler
                0x000000000800c9dc                SPI1_IRQHandler
                0x000000000800c9dc                TIM6_DAC_IRQHandler
                0x000000000800c9dc                TIM8_UP_IRQHandler
                0x000000000800c9dc                DMA2_Channel2_IRQHandler
                0x000000000800c9dc                DMA1_Channel4_IRQHandler
                0x000000000800c9dc                SAI2_IRQHandler
                0x000000000800c9dc                DFSDM1_FLT3_IRQHandler
                0x000000000800c9dc                USART3_IRQHandler
                0x000000000800c9dc                DMA1_Channel7_IRQHandler
                0x000000000800c9dc                CAN1_RX1_IRQHandler
                0x000000000800c9dc                LCD_IRQHandler
                0x000000000800c9dc                UART5_IRQHandler
                0x000000000800c9dc                ADC3_IRQHandler
                0x000000000800c9dc                TIM4_IRQHandler
                0x000000000800c9dc                DMA2_Channel1_IRQHandler
                0x000000000800c9dc                QUADSPI_IRQHandler
                0x000000000800c9dc                I2C1_EV_IRQHandler
                0x000000000800c9dc                DMA1_Channel6_IRQHandler
                0x000000000800c9dc                UART4_IRQHandler
                0x000000000800c9dc                DMA2_Channel4_IRQHandler
                0x000000000800c9dc                TIM3_IRQHandler
                0x000000000800c9dc                RCC_IRQHandler
                0x000000000800c9dc                DMA1_Channel1_IRQHandler
                0x000000000800c9dc                Default_Handler
                0x000000000800c9dc                DMA2_Channel7_IRQHandler
                0x000000000800c9dc                EXTI15_10_IRQHandler
                0x000000000800c9dc                TIM7_IRQHandler
                0x000000000800c9dc                SDMMC1_IRQHandler
                0x000000000800c9dc                TIM5_IRQHandler
                0x000000000800c9dc                I2C3_EV_IRQHandler
                0x000000000800c9dc                EXTI9_5_IRQHandler
                0x000000000800c9dc                RTC_WKUP_IRQHandler
                0x000000000800c9dc                PVD_PVM_IRQHandler
                0x000000000800c9dc                SPI2_IRQHandler
                0x000000000800c9dc                CAN1_TX_IRQHandler
                0x000000000800c9dc                DMA2_Channel5_IRQHandler
                0x000000000800c9dc                DMA1_Channel5_IRQHandler
                0x000000000800c9dc                EXTI4_IRQHandler
                0x000000000800c9dc                RNG_IRQHandler
                0x000000000800c9dc                TIM1_TRG_COM_TIM17_IRQHandler
                0x000000000800c9dc                DMA1_Channel3_IRQHandler
                0x000000000800c9dc                COMP_IRQHandler
                0x000000000800c9dc                WWDG_IRQHandler
                0x000000000800c9dc                LPUART1_IRQHandler
                0x000000000800c9dc                DMA2_Channel6_IRQHandler
                0x000000000800c9dc                TIM2_IRQHandler
                0x000000000800c9dc                EXTI1_IRQHandler
                0x000000000800c9dc                DFSDM1_FLT0_IRQHandler
                0x000000000800c9dc                I2C2_ER_IRQHandler
                0x000000000800c9dc                DMA1_Channel2_IRQHandler
                0x000000000800c9dc                TIM8_BRK_IRQHandler
                0x000000000800c9dc                CAN1_SCE_IRQHandler
                0x000000000800c9dc                FLASH_IRQHandler
                0x000000000800c9dc                USART1_IRQHandler
                0x000000000800c9dc                SPI3_IRQHandler
                0x000000000800c9dc                I2C1_ER_IRQHandler
                0x000000000800c9dc                FMC_IRQHandler
                0x000000000800c9dc                SWPMI1_IRQHandler
                0x000000000800c9dc                LPTIM1_IRQHandler
                0x000000000800c9dc                SAI1_IRQHandler
                0x000000000800c9dc                DMA2_Channel3_IRQHandler
                0x000000000800c9dc                TIM1_BRK_TIM15_IRQHandler
 *fill*         0x000000000800c9de        0x2 
 .text.__errno  0x000000000800c9e0        0xc c:/st/stm32cubeide_1.0.1/stm32cubeide/plugins/com.st.stm32cube.ide.mcu.externaltools.gnu-tools-for-stm32.7-2018-q2-update.win32_1.0.0.201904181610/tools/bin/../lib/gcc/arm-none-eabi/7.3.1/../../../../arm-none-eabi/lib/thumb/v7e-m/fpv4-sp/hard\libc_nano.a(lib_a-errno.o)
                0x000000000800c9e0                __errno
 .text.__libc_init_array
                0x000000000800c9ec       0x48 c:/st/stm32cubeide_1.0.1/stm32cubeide/plugins/com.st.stm32cube.ide.mcu.externaltools.gnu-tools-for-stm32.7-2018-q2-update.win32_1.0.0.201904181610/tools/bin/../lib/gcc/arm-none-eabi/7.3.1/../../../../arm-none-eabi/lib/thumb/v7e-m/fpv4-sp/hard\libc_nano.a(lib_a-init.o)
                0x000000000800c9ec                __libc_init_array
 .text.malloc   0x000000000800ca34       0x10 c:/st/stm32cubeide_1.0.1/stm32cubeide/plugins/com.st.stm32cube.ide.mcu.externaltools.gnu-tools-for-stm32.7-2018-q2-update.win32_1.0.0.201904181610/tools/bin/../lib/gcc/arm-none-eabi/7.3.1/../../../../arm-none-eabi/lib/thumb/v7e-m/fpv4-sp/hard\libc_nano.a(lib_a-malloc.o)
                0x000000000800ca34                malloc
 .text.free     0x000000000800ca44       0x10 c:/st/stm32cubeide_1.0.1/stm32cubeide/plugins/com.st.stm32cube.ide.mcu.externaltools.gnu-tools-for-stm32.7-2018-q2-update.win32_1.0.0.201904181610/tools/bin/../lib/gcc/arm-none-eabi/7.3.1/../../../../arm-none-eabi/lib/thumb/v7e-m/fpv4-sp/hard\libc_nano.a(lib_a-malloc.o)
                0x000000000800ca44                free
 .text.memcpy   0x000000000800ca54       0x16 c:/st/stm32cubeide_1.0.1/stm32cubeide/plugins/com.st.stm32cube.ide.mcu.externaltools.gnu-tools-for-stm32.7-2018-q2-update.win32_1.0.0.201904181610/tools/bin/../lib/gcc/arm-none-eabi/7.3.1/../../../../arm-none-eabi/lib/thumb/v7e-m/fpv4-sp/hard\libc_nano.a(lib_a-memcpy-stub.o)
                0x000000000800ca54                memcpy
 .text.memset   0x000000000800ca6a       0x10 c:/st/stm32cubeide_1.0.1/stm32cubeide/plugins/com.st.stm32cube.ide.mcu.externaltools.gnu-tools-for-stm32.7-2018-q2-update.win32_1.0.0.201904181610/tools/bin/../lib/gcc/arm-none-eabi/7.3.1/../../../../arm-none-eabi/lib/thumb/v7e-m/fpv4-sp/hard\libc_nano.a(lib_a-memset.o)
                0x000000000800ca6a                memset
 *fill*         0x000000000800ca7a        0x2 
 .text._free_r  0x000000000800ca7c       0x9c c:/st/stm32cubeide_1.0.1/stm32cubeide/plugins/com.st.stm32cube.ide.mcu.externaltools.gnu-tools-for-stm32.7-2018-q2-update.win32_1.0.0.201904181610/tools/bin/../lib/gcc/arm-none-eabi/7.3.1/../../../../arm-none-eabi/lib/thumb/v7e-m/fpv4-sp/hard\libc_nano.a(lib_a-nano-freer.o)
                0x000000000800ca7c                _free_r
 .text._malloc_r
                0x000000000800cb18       0xb4 c:/st/stm32cubeide_1.0.1/stm32cubeide/plugins/com.st.stm32cube.ide.mcu.externaltools.gnu-tools-for-stm32.7-2018-q2-update.win32_1.0.0.201904181610/tools/bin/../lib/gcc/arm-none-eabi/7.3.1/../../../../arm-none-eabi/lib/thumb/v7e-m/fpv4-sp/hard\libc_nano.a(lib_a-nano-mallocr.o)
                0x000000000800cb18                _malloc_r
 .text._sbrk_r  0x000000000800cbcc       0x20 c:/st/stm32cubeide_1.0.1/stm32cubeide/plugins/com.st.stm32cube.ide.mcu.externaltools.gnu-tools-for-stm32.7-2018-q2-update.win32_1.0.0.201904181610/tools/bin/../lib/gcc/arm-none-eabi/7.3.1/../../../../arm-none-eabi/lib/thumb/v7e-m/fpv4-sp/hard\libc_nano.a(lib_a-sbrkr.o)
                0x000000000800cbcc                _sbrk_r
 .text.__malloc_lock
                0x000000000800cbec        0x2 c:/st/stm32cubeide_1.0.1/stm32cubeide/plugins/com.st.stm32cube.ide.mcu.externaltools.gnu-tools-for-stm32.7-2018-q2-update.win32_1.0.0.201904181610/tools/bin/../lib/gcc/arm-none-eabi/7.3.1/../../../../arm-none-eabi/lib/thumb/v7e-m/fpv4-sp/hard\libc_nano.a(lib_a-mlock.o)
                0x000000000800cbec                __malloc_lock
 .text.__malloc_unlock
                0x000000000800cbee        0x2 c:/st/stm32cubeide_1.0.1/stm32cubeide/plugins/com.st.stm32cube.ide.mcu.externaltools.gnu-tools-for-stm32.7-2018-q2-update.win32_1.0.0.201904181610/tools/bin/../lib/gcc/arm-none-eabi/7.3.1/../../../../arm-none-eabi/lib/thumb/v7e-m/fpv4-sp/hard\libc_nano.a(lib_a-mlock.o)
                0x000000000800cbee                __malloc_unlock
 *(.glue_7)
 .glue_7        0x000000000800cbf0        0x0 linker stubs
 *(.glue_7t)
 .glue_7t       0x000000000800cbf0        0x0 linker stubs
 *(.eh_frame)
 .eh_frame      0x000000000800cbf0        0x0 c:/st/stm32cubeide_1.0.1/stm32cubeide/plugins/com.st.stm32cube.ide.mcu.externaltools.gnu-tools-for-stm32.7-2018-q2-update.win32_1.0.0.201904181610/tools/bin/../lib/gcc/arm-none-eabi/7.3.1/thumb/v7e-m/fpv4-sp/hard/crtbegin.o
 *(.init)
 .init          0x000000000800cbf0        0x4 c:/st/stm32cubeide_1.0.1/stm32cubeide/plugins/com.st.stm32cube.ide.mcu.externaltools.gnu-tools-for-stm32.7-2018-q2-update.win32_1.0.0.201904181610/tools/bin/../lib/gcc/arm-none-eabi/7.3.1/thumb/v7e-m/fpv4-sp/hard/crti.o
                0x000000000800cbf0                _init
 .init          0x000000000800cbf4        0x8 c:/st/stm32cubeide_1.0.1/stm32cubeide/plugins/com.st.stm32cube.ide.mcu.externaltools.gnu-tools-for-stm32.7-2018-q2-update.win32_1.0.0.201904181610/tools/bin/../lib/gcc/arm-none-eabi/7.3.1/thumb/v7e-m/fpv4-sp/hard/crtn.o
 *(.fini)
 .fini          0x000000000800cbfc        0x4 c:/st/stm32cubeide_1.0.1/stm32cubeide/plugins/com.st.stm32cube.ide.mcu.externaltools.gnu-tools-for-stm32.7-2018-q2-update.win32_1.0.0.201904181610/tools/bin/../lib/gcc/arm-none-eabi/7.3.1/thumb/v7e-m/fpv4-sp/hard/crti.o
                0x000000000800cbfc                _fini
 .fini          0x000000000800cc00        0x8 c:/st/stm32cubeide_1.0.1/stm32cubeide/plugins/com.st.stm32cube.ide.mcu.externaltools.gnu-tools-for-stm32.7-2018-q2-update.win32_1.0.0.201904181610/tools/bin/../lib/gcc/arm-none-eabi/7.3.1/thumb/v7e-m/fpv4-sp/hard/crtn.o
                0x000000000800cc08                . = ALIGN (0x4)
                0x000000000800cc08                _etext = .

.vfp11_veneer   0x000000000800cc08        0x0
 .vfp11_veneer  0x000000000800cc08        0x0 linker stubs

.v4_bx          0x000000000800cc08        0x0
 .v4_bx         0x000000000800cc08        0x0 linker stubs

.iplt           0x000000000800cc08        0x0
 .iplt          0x000000000800cc08        0x0 c:/st/stm32cubeide_1.0.1/stm32cubeide/plugins/com.st.stm32cube.ide.mcu.externaltools.gnu-tools-for-stm32.7-2018-q2-update.win32_1.0.0.201904181610/tools/bin/../lib/gcc/arm-none-eabi/7.3.1/thumb/v7e-m/fpv4-sp/hard/crtbegin.o

.rodata         0x000000000800cc08       0xb4
                0x000000000800cc08                . = ALIGN (0x4)
 *(.rodata)
 .rodata        0x000000000800cc08        0x4 Middlewares/ST/STM32_USB_Host_Library/Class/CDC/Src/usbh_cdc.o
 .rodata        0x000000000800cc0c       0x28 Middlewares/ST/STM32_USB_Host_Library/Core/Src/usbh_core.o
 .rodata        0x000000000800cc34        0x5 Middlewares/Third_Party/FreeRTOS/Source/tasks.o
 *fill*         0x000000000800cc39        0x3 
 .rodata        0x000000000800cc3c       0x38 Src/freertos.o
 *(.rodata*)
 .rodata.AHBPrescTable
                0x000000000800cc74       0x10 Src/system_stm32l4xx.o
                0x000000000800cc74                AHBPrescTable
 .rodata.APBPrescTable
                0x000000000800cc84        0x8 Src/system_stm32l4xx.o
                0x000000000800cc84                APBPrescTable
 .rodata.MSIRangeTable
                0x000000000800cc8c       0x30 Src/system_stm32l4xx.o
                0x000000000800cc8c                MSIRangeTable
                0x000000000800ccbc                . = ALIGN (0x4)

.ARM.extab      0x000000000800ccbc        0x0
                0x000000000800ccbc                . = ALIGN (0x4)
 *(.ARM.extab* .gnu.linkonce.armextab.*)
                0x000000000800ccbc                . = ALIGN (0x4)

.ARM            0x000000000800ccbc        0x8
                0x000000000800ccbc                . = ALIGN (0x4)
                0x000000000800ccbc                __exidx_start = .
 *(.ARM.exidx*)
 .ARM.exidx     0x000000000800ccbc        0x8 c:/st/stm32cubeide_1.0.1/stm32cubeide/plugins/com.st.stm32cube.ide.mcu.externaltools.gnu-tools-for-stm32.7-2018-q2-update.win32_1.0.0.201904181610/tools/bin/../lib/gcc/arm-none-eabi/7.3.1/thumb/v7e-m/fpv4-sp/hard\libgcc.a(_udivmoddi4.o)
                0x000000000800ccc4                __exidx_end = .
                0x000000000800ccc4                . = ALIGN (0x4)

.rel.dyn        0x000000000800ccc4        0x0
 .rel.iplt      0x000000000800ccc4        0x0 c:/st/stm32cubeide_1.0.1/stm32cubeide/plugins/com.st.stm32cube.ide.mcu.externaltools.gnu-tools-for-stm32.7-2018-q2-update.win32_1.0.0.201904181610/tools/bin/../lib/gcc/arm-none-eabi/7.3.1/thumb/v7e-m/fpv4-sp/hard/crtbegin.o

.preinit_array  0x000000000800ccc4        0x0
                0x000000000800ccc4                . = ALIGN (0x4)
                0x000000000800ccc4                PROVIDE (__preinit_array_start = .)
 *(.preinit_array*)
                0x000000000800ccc4                PROVIDE (__preinit_array_end = .)
                0x000000000800ccc4                . = ALIGN (0x4)

.init_array     0x000000000800ccc4        0x4
                0x000000000800ccc4                . = ALIGN (0x4)
                0x000000000800ccc4                PROVIDE (__init_array_start = .)
 *(SORT_BY_NAME(.init_array.*))
 *(.init_array*)
 .init_array    0x000000000800ccc4        0x4 c:/st/stm32cubeide_1.0.1/stm32cubeide/plugins/com.st.stm32cube.ide.mcu.externaltools.gnu-tools-for-stm32.7-2018-q2-update.win32_1.0.0.201904181610/tools/bin/../lib/gcc/arm-none-eabi/7.3.1/thumb/v7e-m/fpv4-sp/hard/crtbegin.o
                0x000000000800ccc8                PROVIDE (__init_array_end = .)
                0x000000000800ccc8                . = ALIGN (0x4)

.fini_array     0x000000000800ccc8        0x4
                0x000000000800ccc8                . = ALIGN (0x4)
                [!provide]                        PROVIDE (__fini_array_start = .)
 *(SORT_BY_NAME(.fini_array.*))
 *(.fini_array*)
 .fini_array    0x000000000800ccc8        0x4 c:/st/stm32cubeide_1.0.1/stm32cubeide/plugins/com.st.stm32cube.ide.mcu.externaltools.gnu-tools-for-stm32.7-2018-q2-update.win32_1.0.0.201904181610/tools/bin/../lib/gcc/arm-none-eabi/7.3.1/thumb/v7e-m/fpv4-sp/hard/crtbegin.o
                [!provide]                        PROVIDE (__fini_array_end = .)
                0x000000000800cccc                . = ALIGN (0x4)
                0x000000000800cccc                _sidata = LOADADDR (.data)

.data           0x0000000020000000       0x94 load address 0x000000000800cccc
                0x0000000020000000                . = ALIGN (0x4)
                0x0000000020000000                _sdata = .
 *(.data)
 *(.data*)
 .data.uwTickPrio
                0x0000000020000000        0x4 Drivers/STM32L4xx_HAL_Driver/Src/stm32l4xx_hal.o
                0x0000000020000000                uwTickPrio
 .data.uwTickFreq
                0x0000000020000004        0x4 Drivers/STM32L4xx_HAL_Driver/Src/stm32l4xx_hal.o
                0x0000000020000004                uwTickFreq
 .data.CDC_Class
                0x0000000020000008       0x20 Middlewares/ST/STM32_USB_Host_Library/Class/CDC/Src/usbh_cdc.o
                0x0000000020000008                CDC_Class
 .data.uxCriticalNesting
                0x0000000020000028        0x4 Middlewares/Third_Party/FreeRTOS/Source/portable/GCC/ARM_CM4F/port.o
 .data.SystemCoreClock
                0x000000002000002c        0x4 Src/system_stm32l4xx.o
                0x000000002000002c                SystemCoreClock
 .data._impure_ptr
                0x0000000020000030        0x4 c:/st/stm32cubeide_1.0.1/stm32cubeide/plugins/com.st.stm32cube.ide.mcu.externaltools.gnu-tools-for-stm32.7-2018-q2-update.win32_1.0.0.201904181610/tools/bin/../lib/gcc/arm-none-eabi/7.3.1/../../../../arm-none-eabi/lib/thumb/v7e-m/fpv4-sp/hard\libc_nano.a(lib_a-impure.o)
                0x0000000020000030                _impure_ptr
 .data.impure_data
                0x0000000020000034       0x60 c:/st/stm32cubeide_1.0.1/stm32cubeide/plugins/com.st.stm32cube.ide.mcu.externaltools.gnu-tools-for-stm32.7-2018-q2-update.win32_1.0.0.201904181610/tools/bin/../lib/gcc/arm-none-eabi/7.3.1/../../../../arm-none-eabi/lib/thumb/v7e-m/fpv4-sp/hard\libc_nano.a(lib_a-impure.o)
                0x0000000020000094                . = ALIGN (0x4)
                0x0000000020000094                _edata = .

.igot.plt       0x0000000020000094        0x0 load address 0x000000000800cd60
 .igot.plt      0x0000000020000094        0x0 c:/st/stm32cubeide_1.0.1/stm32cubeide/plugins/com.st.stm32cube.ide.mcu.externaltools.gnu-tools-for-stm32.7-2018-q2-update.win32_1.0.0.201904181610/tools/bin/../lib/gcc/arm-none-eabi/7.3.1/thumb/v7e-m/fpv4-sp/hard/crtbegin.o
                0x0000000020000094                . = ALIGN (0x4)

.bss            0x0000000020000094     0x172c load address 0x000000000800cd60
                0x0000000020000094                _sbss = .
                0x0000000020000094                __bss_start__ = _sbss
 *(.bss)
 .bss           0x0000000020000094       0x1c c:/st/stm32cubeide_1.0.1/stm32cubeide/plugins/com.st.stm32cube.ide.mcu.externaltools.gnu-tools-for-stm32.7-2018-q2-update.win32_1.0.0.201904181610/tools/bin/../lib/gcc/arm-none-eabi/7.3.1/thumb/v7e-m/fpv4-sp/hard/crtbegin.o
 *(.bss*)
 .bss.tmpreg.9630
                0x00000000200000b0        0x4 Drivers/STM32L4xx_HAL_Driver/Src/stm32l4xx_ll_usb.o
 .bss.pxCurrentTCB
                0x00000000200000b4        0x4 Middlewares/Third_Party/FreeRTOS/Source/tasks.o
                0x00000000200000b4                pxCurrentTCB
 .bss.pxReadyTasksLists
                0x00000000200000b8       0x8c Middlewares/Third_Party/FreeRTOS/Source/tasks.o
 .bss.xDelayedTaskList1
                0x0000000020000144       0x14 Middlewares/Third_Party/FreeRTOS/Source/tasks.o
 .bss.xDelayedTaskList2
                0x0000000020000158       0x14 Middlewares/Third_Party/FreeRTOS/Source/tasks.o
 .bss.pxDelayedTaskList
                0x000000002000016c        0x4 Middlewares/Third_Party/FreeRTOS/Source/tasks.o
 .bss.pxOverflowDelayedTaskList
                0x0000000020000170        0x4 Middlewares/Third_Party/FreeRTOS/Source/tasks.o
 .bss.xPendingReadyList
                0x0000000020000174       0x14 Middlewares/Third_Party/FreeRTOS/Source/tasks.o
 .bss.xTasksWaitingTermination
                0x0000000020000188       0x14 Middlewares/Third_Party/FreeRTOS/Source/tasks.o
 .bss.uxDeletedTasksWaitingCleanUp
                0x000000002000019c        0x4 Middlewares/Third_Party/FreeRTOS/Source/tasks.o
 .bss.xSuspendedTaskList
                0x00000000200001a0       0x14 Middlewares/Third_Party/FreeRTOS/Source/tasks.o
 .bss.uxCurrentNumberOfTasks
                0x00000000200001b4        0x4 Middlewares/Third_Party/FreeRTOS/Source/tasks.o
 .bss.xTickCount
                0x00000000200001b8        0x4 Middlewares/Third_Party/FreeRTOS/Source/tasks.o
 .bss.uxTopReadyPriority
                0x00000000200001bc        0x4 Middlewares/Third_Party/FreeRTOS/Source/tasks.o
 .bss.xSchedulerRunning
                0x00000000200001c0        0x4 Middlewares/Third_Party/FreeRTOS/Source/tasks.o
 .bss.uxPendedTicks
                0x00000000200001c4        0x4 Middlewares/Third_Party/FreeRTOS/Source/tasks.o
 .bss.xYieldPending
                0x00000000200001c8        0x4 Middlewares/Third_Party/FreeRTOS/Source/tasks.o
 .bss.xNumOfOverflows
                0x00000000200001cc        0x4 Middlewares/Third_Party/FreeRTOS/Source/tasks.o
 .bss.uxTaskNumber
                0x00000000200001d0        0x4 Middlewares/Third_Party/FreeRTOS/Source/tasks.o
 .bss.xNextTaskUnblockTime
                0x00000000200001d4        0x4 Middlewares/Third_Party/FreeRTOS/Source/tasks.o
 .bss.xIdleTaskHandle
                0x00000000200001d8        0x4 Middlewares/Third_Party/FreeRTOS/Source/tasks.o
 .bss.uxSchedulerSuspended
                0x00000000200001dc        0x4 Middlewares/Third_Party/FreeRTOS/Source/tasks.o
 .bss.ucMaxSysCallPriority
                0x00000000200001e0        0x1 Middlewares/Third_Party/FreeRTOS/Source/portable/GCC/ARM_CM4F/port.o
 *fill*         0x00000000200001e1        0x3 
 .bss.ulMaxPRIGROUPValue
                0x00000000200001e4        0x4 Middlewares/Third_Party/FreeRTOS/Source/portable/GCC/ARM_CM4F/port.o
 .bss.ucHeap    0x00000000200001e8      0xbb8 Middlewares/Third_Party/FreeRTOS/Source/portable/MemMang/heap_4.o
 .bss.xStart    0x0000000020000da0        0x8 Middlewares/Third_Party/FreeRTOS/Source/portable/MemMang/heap_4.o
 .bss.pxEnd     0x0000000020000da8        0x4 Middlewares/Third_Party/FreeRTOS/Source/portable/MemMang/heap_4.o
 .bss.xFreeBytesRemaining
                0x0000000020000dac        0x4 Middlewares/Third_Party/FreeRTOS/Source/portable/MemMang/heap_4.o
 .bss.xMinimumEverFreeBytesRemaining
                0x0000000020000db0        0x4 Middlewares/Third_Party/FreeRTOS/Source/portable/MemMang/heap_4.o
 .bss.xBlockAllocatedBit
                0x0000000020000db4        0x4 Middlewares/Third_Party/FreeRTOS/Source/portable/MemMang/heap_4.o
 .bss.SAI1_client
                0x0000000020000db8        0x4 Src/sai.o
 .bss.heap_end.6424
                0x0000000020000dbc        0x4 Src/sysmem.o
 .bss.Appli_state
                0x0000000020000dc0        0x1 Src/usb_host.o
                0x0000000020000dc0                Appli_state
 *fill*         0x0000000020000dc1        0x3 
 .bss.__malloc_free_list
                0x0000000020000dc4        0x4 c:/st/stm32cubeide_1.0.1/stm32cubeide/plugins/com.st.stm32cube.ide.mcu.externaltools.gnu-tools-for-stm32.7-2018-q2-update.win32_1.0.0.201904181610/tools/bin/../lib/gcc/arm-none-eabi/7.3.1/../../../../arm-none-eabi/lib/thumb/v7e-m/fpv4-sp/hard\libc_nano.a(lib_a-nano-mallocr.o)
                0x0000000020000dc4                __malloc_free_list
 .bss.__malloc_sbrk_start
                0x0000000020000dc8        0x4 c:/st/stm32cubeide_1.0.1/stm32cubeide/plugins/com.st.stm32cube.ide.mcu.externaltools.gnu-tools-for-stm32.7-2018-q2-update.win32_1.0.0.201904181610/tools/bin/../lib/gcc/arm-none-eabi/7.3.1/../../../../arm-none-eabi/lib/thumb/v7e-m/fpv4-sp/hard\libc_nano.a(lib_a-nano-mallocr.o)
                0x0000000020000dc8                __malloc_sbrk_start
 *(COMMON)
 COMMON         0x0000000020000dcc        0x4 Drivers/STM32L4xx_HAL_Driver/Src/stm32l4xx_hal.o
                0x0000000020000dcc                uwTick
 COMMON         0x0000000020000dd0        0xc Src/freertos.o
                0x0000000020000dd0                myTask1Handle
                0x0000000020000dd4                myTask2Handle
                0x0000000020000dd8                myMutex01Handle
 COMMON         0x0000000020000ddc       0x98 Src/i2c.o
                0x0000000020000ddc                hi2c1
                0x0000000020000e28                hi2c2
 COMMON         0x0000000020000e74       0x3c Src/lcd.o
                0x0000000020000e74                hlcd
 COMMON         0x0000000020000eb0       0x44 Src/quadspi.o
                0x0000000020000eb0                hqspi
 COMMON         0x0000000020000ef4      0x108 Src/sai.o
                0x0000000020000ef4                hsai_BlockB1
                0x0000000020000f78                hsai_BlockA1
 COMMON         0x0000000020000ffc       0x64 Src/spi.o
                0x0000000020000ffc                hspi2
 COMMON         0x0000000020001060       0x40 Src/stm32l4xx_hal_timebase_tim.o
                0x0000000020001060                htim1
 COMMON         0x00000000200010a0       0x80 Src/usart.o
                0x00000000200010a0                huart2
 COMMON         0x0000000020001120      0x3d8 Src/usb_host.o
                0x0000000020001120                hUsbHostFS
 COMMON         0x00000000200014f8      0x2c4 Src/usbh_conf.o
                0x00000000200014f8                hhcd_USB_OTG_FS
 COMMON         0x00000000200017bc        0x4 c:/st/stm32cubeide_1.0.1/stm32cubeide/plugins/com.st.stm32cube.ide.mcu.externaltools.gnu-tools-for-stm32.7-2018-q2-update.win32_1.0.0.201904181610/tools/bin/../lib/gcc/arm-none-eabi/7.3.1/../../../../arm-none-eabi/lib/thumb/v7e-m/fpv4-sp/hard\libc_nano.a(lib_a-reent.o)
                0x00000000200017bc                errno
                0x00000000200017c0                . = ALIGN (0x4)
                0x00000000200017c0                _ebss = .
                0x00000000200017c0                __bss_end__ = _ebss

._user_heap_stack
                0x00000000200017c0      0x600 load address 0x000000000800cd60
                0x00000000200017c0                . = ALIGN (0x8)
                0x00000000200017c0                PROVIDE (end = .)
                [!provide]                        PROVIDE (_end = .)
                0x00000000200019c0                . = (. + _Min_Heap_Size)
 *fill*         0x00000000200017c0      0x200 
                0x0000000020001dc0                . = (. + _Min_Stack_Size)
 *fill*         0x00000000200019c0      0x400 
                0x0000000020001dc0                . = ALIGN (0x8)

/DISCARD/
 libc.a(*)
 libm.a(*)
 libgcc.a(*)

.ARM.attributes
                0x0000000000000000       0x30
 *(.ARM.attributes)
 .ARM.attributes
                0x0000000000000000       0x22 c:/st/stm32cubeide_1.0.1/stm32cubeide/plugins/com.st.stm32cube.ide.mcu.externaltools.gnu-tools-for-stm32.7-2018-q2-update.win32_1.0.0.201904181610/tools/bin/../lib/gcc/arm-none-eabi/7.3.1/thumb/v7e-m/fpv4-sp/hard/crti.o
 .ARM.attributes
                0x0000000000000022       0x34 c:/st/stm32cubeide_1.0.1/stm32cubeide/plugins/com.st.stm32cube.ide.mcu.externaltools.gnu-tools-for-stm32.7-2018-q2-update.win32_1.0.0.201904181610/tools/bin/../lib/gcc/arm-none-eabi/7.3.1/thumb/v7e-m/fpv4-sp/hard/crtbegin.o
 .ARM.attributes
                0x0000000000000056       0x39 Drivers/STM32L4xx_HAL_Driver/Src/stm32l4xx_hal.o
 .ARM.attributes
                0x000000000000008f       0x39 Drivers/STM32L4xx_HAL_Driver/Src/stm32l4xx_hal_cortex.o
 .ARM.attributes
                0x00000000000000c8       0x39 Drivers/STM32L4xx_HAL_Driver/Src/stm32l4xx_hal_dma.o
 .ARM.attributes
                0x0000000000000101       0x39 Drivers/STM32L4xx_HAL_Driver/Src/stm32l4xx_hal_gpio.o
 .ARM.attributes
                0x000000000000013a       0x39 Drivers/STM32L4xx_HAL_Driver/Src/stm32l4xx_hal_hcd.o
 .ARM.attributes
                0x0000000000000173       0x39 Drivers/STM32L4xx_HAL_Driver/Src/stm32l4xx_hal_i2c.o
 .ARM.attributes
                0x00000000000001ac       0x39 Drivers/STM32L4xx_HAL_Driver/Src/stm32l4xx_hal_i2c_ex.o
 .ARM.attributes
                0x00000000000001e5       0x39 Drivers/STM32L4xx_HAL_Driver/Src/stm32l4xx_hal_lcd.o
 .ARM.attributes
                0x000000000000021e       0x39 Drivers/STM32L4xx_HAL_Driver/Src/stm32l4xx_hal_pwr_ex.o
 .ARM.attributes
                0x0000000000000257       0x39 Drivers/STM32L4xx_HAL_Driver/Src/stm32l4xx_hal_qspi.o
 .ARM.attributes
                0x0000000000000290       0x39 Drivers/STM32L4xx_HAL_Driver/Src/stm32l4xx_hal_rcc.o
 .ARM.attributes
                0x00000000000002c9       0x39 Drivers/STM32L4xx_HAL_Driver/Src/stm32l4xx_hal_rcc_ex.o
 .ARM.attributes
                0x0000000000000302       0x39 Drivers/STM32L4xx_HAL_Driver/Src/stm32l4xx_hal_sai.o
 .ARM.attributes
                0x000000000000033b       0x39 Drivers/STM32L4xx_HAL_Driver/Src/stm32l4xx_hal_spi.o
 .ARM.attributes
                0x0000000000000374       0x39 Drivers/STM32L4xx_HAL_Driver/Src/stm32l4xx_hal_tim.o
 .ARM.attributes
                0x00000000000003ad       0x39 Drivers/STM32L4xx_HAL_Driver/Src/stm32l4xx_hal_tim_ex.o
 .ARM.attributes
                0x00000000000003e6       0x39 Drivers/STM32L4xx_HAL_Driver/Src/stm32l4xx_hal_uart.o
 .ARM.attributes
                0x000000000000041f       0x39 Drivers/STM32L4xx_HAL_Driver/Src/stm32l4xx_hal_uart_ex.o
 .ARM.attributes
                0x0000000000000458       0x39 Drivers/STM32L4xx_HAL_Driver/Src/stm32l4xx_ll_usb.o
 .ARM.attributes
                0x0000000000000491       0x39 Middlewares/ST/STM32_USB_Host_Library/Class/CDC/Src/usbh_cdc.o
 .ARM.attributes
                0x00000000000004ca       0x39 Middlewares/ST/STM32_USB_Host_Library/Core/Src/usbh_core.o
 .ARM.attributes
                0x0000000000000503       0x39 Middlewares/ST/STM32_USB_Host_Library/Core/Src/usbh_ctlreq.o
 .ARM.attributes
                0x000000000000053c       0x39 Middlewares/ST/STM32_USB_Host_Library/Core/Src/usbh_ioreq.o
 .ARM.attributes
                0x0000000000000575       0x39 Middlewares/ST/STM32_USB_Host_Library/Core/Src/usbh_pipes.o
 .ARM.attributes
                0x00000000000005ae       0x39 Middlewares/Third_Party/FreeRTOS/Source/CMSIS_RTOS/cmsis_os.o
 .ARM.attributes
                0x00000000000005e7       0x39 Middlewares/Third_Party/FreeRTOS/Source/list.o
 .ARM.attributes
                0x0000000000000620       0x39 Middlewares/Third_Party/FreeRTOS/Source/queue.o
 .ARM.attributes
                0x0000000000000659       0x39 Middlewares/Third_Party/FreeRTOS/Source/tasks.o
 .ARM.attributes
                0x0000000000000692       0x39 Middlewares/Third_Party/FreeRTOS/Source/portable/GCC/ARM_CM4F/port.o
 .ARM.attributes
                0x00000000000006cb       0x39 Middlewares/Third_Party/FreeRTOS/Source/portable/MemMang/heap_4.o
 .ARM.attributes
                0x0000000000000704       0x39 Src/freertos.o
 .ARM.attributes
                0x000000000000073d       0x39 Src/gpio.o
 .ARM.attributes
                0x0000000000000776       0x39 Src/i2c.o
 .ARM.attributes
                0x00000000000007af       0x39 Src/lcd.o
 .ARM.attributes
                0x00000000000007e8       0x39 Src/main.o
 .ARM.attributes
                0x0000000000000821       0x39 Src/quadspi.o
 .ARM.attributes
                0x000000000000085a       0x39 Src/roboclaw.o
 .ARM.attributes
                0x0000000000000893       0x39 Src/sai.o
 .ARM.attributes
                0x00000000000008cc       0x39 Src/spi.o
 .ARM.attributes
                0x0000000000000905       0x39 Src/stm32l4xx_hal_msp.o
 .ARM.attributes
                0x000000000000093e       0x39 Src/stm32l4xx_hal_timebase_tim.o
 .ARM.attributes
                0x0000000000000977       0x39 Src/stm32l4xx_it.o
 .ARM.attributes
                0x00000000000009b0       0x39 Src/sysmem.o
 .ARM.attributes
                0x00000000000009e9       0x39 Src/system_stm32l4xx.o
 .ARM.attributes
                0x0000000000000a22       0x39 Src/usart.o
 .ARM.attributes
                0x0000000000000a5b       0x39 Src/usb_host.o
 .ARM.attributes
                0x0000000000000a94       0x39 Src/usbh_conf.o
 .ARM.attributes
                0x0000000000000acd       0x39 Src/usbh_platform.o
 .ARM.attributes
                0x0000000000000b06       0x21 Startup/startup_stm32l476vgtx.o
 .ARM.attributes
                0x0000000000000b27       0x34 c:/st/stm32cubeide_1.0.1/stm32cubeide/plugins/com.st.stm32cube.ide.mcu.externaltools.gnu-tools-for-stm32.7-2018-q2-update.win32_1.0.0.201904181610/tools/bin/../lib/gcc/arm-none-eabi/7.3.1/../../../../arm-none-eabi/lib/thumb/v7e-m/fpv4-sp/hard\libc_nano.a(lib_a-errno.o)
 .ARM.attributes
                0x0000000000000b5b       0x34 c:/st/stm32cubeide_1.0.1/stm32cubeide/plugins/com.st.stm32cube.ide.mcu.externaltools.gnu-tools-for-stm32.7-2018-q2-update.win32_1.0.0.201904181610/tools/bin/../lib/gcc/arm-none-eabi/7.3.1/../../../../arm-none-eabi/lib/thumb/v7e-m/fpv4-sp/hard\libc_nano.a(lib_a-impure.o)
 .ARM.attributes
                0x0000000000000b8f       0x34 c:/st/stm32cubeide_1.0.1/stm32cubeide/plugins/com.st.stm32cube.ide.mcu.externaltools.gnu-tools-for-stm32.7-2018-q2-update.win32_1.0.0.201904181610/tools/bin/../lib/gcc/arm-none-eabi/7.3.1/../../../../arm-none-eabi/lib/thumb/v7e-m/fpv4-sp/hard\libc_nano.a(lib_a-init.o)
 .ARM.attributes
                0x0000000000000bc3       0x34 c:/st/stm32cubeide_1.0.1/stm32cubeide/plugins/com.st.stm32cube.ide.mcu.externaltools.gnu-tools-for-stm32.7-2018-q2-update.win32_1.0.0.201904181610/tools/bin/../lib/gcc/arm-none-eabi/7.3.1/../../../../arm-none-eabi/lib/thumb/v7e-m/fpv4-sp/hard\libc_nano.a(lib_a-malloc.o)
 .ARM.attributes