stm32l4xx_it.c:77:6:NMI_Handler	4	static
stm32l4xx_it.c:90:6:HardFault_Handler	4	static
stm32l4xx_it.c:105:6:MemManage_Handler	4	static
stm32l4xx_it.c:120:6:BusFault_Handler	4	static
stm32l4xx_it.c:135:6:UsageFault_Handler	4	static
stm32l4xx_it.c:150:6:DebugMon_Handler	4	static
stm32l4xx_it.c:170:6:EXTI0_IRQHandler	8	static
stm32l4xx_it.c:184:6:EXTI1_IRQHandler	8	static
stm32l4xx_it.c:198:6:TIM1_UP_TIM16_IRQHandler	8	static
stm32l4xx_it.c:212:6:USART2_IRQHandler	8	static
stm32l4xx_it.c:226:6:OTG_FS_IRQHandler	8	static
stm32l4xx_it.c:239:6:HAL_GPIO_EXTI_Callback	16	static
